Component: ARM Compiler 5.06 update 6 (build 750) Tool: armlink [4d35ed]

==============================================================================

Section Cross References

    retarget.o(i._ttywrch) refers to retarget.o(i.sendchar) for sendchar
    retarget.o(i.fgetc) refers to retarget.o(i.getkey) for getkey
    retarget.o(i.fgetc) refers to retarget.o(i.sendchar) for sendchar
    retarget.o(i.fputc) refers to retarget.o(i.sendchar) for sendchar
    retarget.o(i.getkey) refers to uart.o(i.UARTInit) for UARTInit
    retarget.o(i.getkey) refers to uart.o(i.UARTReceiveChar) for UARTReceiveChar
    retarget.o(i.getkey) refers to retarget.o(.data) for uart_init_called
    retarget.o(i.sendchar) refers to uart.o(i.UARTInit) for UARTInit
    retarget.o(i.sendchar) refers to uart.o(i.UARTSendChar) for UARTSendChar
    retarget.o(i.sendchar) refers to retarget.o(.data) for uart_init_called
    uart.o(i.FreeRcv) refers to uart.o(i.Free) for Free
    uart.o(i.FreeRcv) refers to uart.o(.data) for RcvLock0
    uart.o(i.FreeSnd) refers to uart.o(i.Free) for Free
    uart.o(i.FreeSnd) refers to uart.o(.data) for SndLock0
    uart.o(i.LockRcv) refers to uart.o(i.Lock) for Lock
    uart.o(i.LockRcv) refers to uart.o(.data) for RcvLock0
    uart.o(i.LockSnd) refers to uart.o(i.Lock) for Lock
    uart.o(i.LockSnd) refers to uart.o(.data) for SndLock0
    uart.o(i.UART0_IRQHandler) refers to uart.o(.bss) for UART0Buffer
    uart.o(i.UART0_IRQHandler) refers to uart.o(.data) for UART0Count
    uart.o(i.UART1_IRQHandler) refers to uart.o(.bss) for UART1Buffer
    uart.o(i.UART1_IRQHandler) refers to uart.o(.data) for UART1Count
    uart.o(i.UARTInit) refers to uart.o(i.getFrequency) for getFrequency
    uart.o(i.UARTInit) refers to uart.o(i.__NVIC_EnableIRQ) for __NVIC_EnableIRQ
    uart.o(i.UARTInit) refers to uart.o(i.FreeRcv) for FreeRcv
    uart.o(i.UARTInit) refers to uart.o(i.FreeSnd) for FreeSnd
    uart.o(i.UARTRecieve) refers to uart.o(i.LockRcv) for LockRcv
    uart.o(i.UARTRecieve) refers to uart.o(i.FreeRcv) for FreeRcv
    uart.o(i.UARTRecieve) refers to uart.o(.data) for UART0Count
    uart.o(i.UARTRecieve) refers to uart.o(.bss) for UART0Buffer
    uart.o(i.UARTSend) refers to uart.o(i.LockSnd) for LockSnd
    uart.o(i.UARTSend) refers to uart.o(i.FreeSnd) for FreeSnd
    uart.o(i.UARTSend) refers to uart.o(.data) for UART0TxEmpty
    uart.o(i.getFrequency) refers to system_lpc17xx.o(.data) for SystemCoreClock
    main.o(i.app_main) refers to rtx_thread.o(.text.osThreadNew) for osThreadNew
    main.o(i.app_main) refers to printfa.o(i.__0printf) for __2printf
    main.o(i.app_main) refers to rtx_delay.o(.text.osDelay) for osDelay
    main.o(i.app_main) refers to main.o(i.t1) for t1
    main.o(i.app_main) refers to main.o(i.t2) for t2
    main.o(i.app_main) refers to main.o(i.t3) for t3
    main.o(i.main) refers to system_lpc17xx.o(i.SystemInit) for SystemInit
    main.o(i.main) refers to main.o(i.LEDInit) for LEDInit
    main.o(i.main) refers to main.o(i.ADCInit) for ADCInit
    main.o(i.main) refers to system_lpc17xx.o(i.SystemCoreClockUpdate) for SystemCoreClockUpdate
    main.o(i.main) refers to rtx_kernel.o(.text.osKernelInitialize) for osKernelInitialize
    main.o(i.main) refers to rtx_thread.o(.text.osThreadNew) for osThreadNew
    main.o(i.main) refers to rtx_kernel.o(.text.osKernelStart) for osKernelStart
    main.o(i.main) refers to main.o(i.app_main) for app_main
    main.o(i.t1) refers to main.o(i.LEDOff) for LEDOff
    main.o(i.t1) refers to main.o(i.LEDOn) for LEDOn
    main.o(i.t1) refers to rtx_thread.o(.text.osThreadYield) for osThreadYield
    main.o(i.t2) refers to ffltui.o(.text) for __aeabi_ui2f
    main.o(i.t2) refers to fdiv.o(.text) for __aeabi_fdiv
    main.o(i.t2) refers to f2d.o(.text) for __aeabi_f2d
    main.o(i.t2) refers to printfa.o(i.__0printf) for __2printf
    main.o(i.t2) refers to rtx_delay.o(.text.osDelay) for osDelay
    main.o(i.t3) refers to main.o(i.LEDOn) for LEDOn
    main.o(i.t3) refers to main.o(i.LEDOff) for LEDOff
    main.o(i.t3) refers to rtx_thread.o(.text.osThreadYield) for osThreadYield
    rtx_lib.o(.constdata) refers to rtx_lib.o(.bss.os.thread.cb) for os_idle_thread_cb
    rtx_lib.o(.constdata) refers to rtx_lib.o(.bss.os.thread.stack) for os_idle_thread_stack
    rtx_lib.o(.constdata) refers to rtx_lib.o(.bss.os.msgqueue.cb) for os_timer_mq_cb
    rtx_lib.o(.constdata) refers to rtx_lib.o(.bss.os.msgqueue.mem) for os_timer_mq_data
    rtx_lib.o(.data) refers to irq_cm3.o(.constdata) for irqRtxLib
    rtx_lib.o(.rodata) refers to rtx_lib.o(.bss.os) for os_isr_queue
    rtx_lib.o(.rodata) refers to rtx_lib.o(.constdata) for os_idle_thread_attr
    startup_lpc17xx.o(RESET) refers to startup_lpc17xx.o(STACK) for __initial_sp
    startup_lpc17xx.o(RESET) refers to startup_lpc17xx.o(.text) for Reset_Handler
    startup_lpc17xx.o(RESET) refers to irq_cm3.o(.text) for SVC_Handler
[...]
    Removing rtx_thread.o(.ARM.exidx.text.svcRtxThreadYield), (8 bytes).
    Removing rtx_thread.o(.text.svcRtxThreadSuspend), (136 bytes).
    Removing rtx_thread.o(.ARM.exidx.text.svcRtxThreadSuspend), (8 bytes).
    Removing rtx_thread.o(.text.svcRtxThreadResume), (56 bytes).
    Removing rtx_thread.o(.ARM.exidx.text.svcRtxThreadResume), (8 bytes).
    Removing rtx_thread.o(.text.svcRtxThreadDetach), (60 bytes).
    Removing rtx_thread.o(.ARM.exidx.text.svcRtxThreadDetach), (8 bytes).
    Removing rtx_thread.o(.text.osRtxThreadListUnlink), (32 bytes).
    Removing rtx_thread.o(.ARM.exidx.text.osRtxThreadListUnlink), (8 bytes).
    Removing rtx_thread.o(.ARM.exidx.text.osRtxThreadFree), (8 bytes).
    Removing rtx_thread.o(.text.svcRtxThreadJoin), (88 bytes).
    Removing rtx_thread.o(.ARM.exidx.text.svcRtxThreadJoin), (8 bytes).
    Removing rtx_thread.o(.ARM.exidx.text.svcRtxThreadExit), (8 bytes).
    Removing rtx_thread.o(.text.svcRtxThreadTerminate), (188 bytes).
    Removing rtx_thread.o(.ARM.exidx.text.svcRtxThreadTerminate), (8 bytes).
    Removing rtx_thread.o(.text.svcRtxThreadGetCount), (52 bytes).
    Removing rtx_thread.o(.ARM.exidx.text.svcRtxThreadGetCount), (8 bytes).
    Removing rtx_thread.o(.text.svcRtxThreadEnumerate), (92 bytes).
    Removing rtx_thread.o(.ARM.exidx.text.svcRtxThreadEnumerate), (8 bytes).
    Removing rtx_thread.o(.text.svcRtxThreadFlagsSet), (102 bytes).
    Removing rtx_thread.o(.ARM.exidx.text.svcRtxThreadFlagsSet), (8 bytes).
    Removing rtx_thread.o(.text.svcRtxThreadFlagsClear), (52 bytes).
    Removing rtx_thread.o(.ARM.exidx.text.svcRtxThreadFlagsClear), (8 bytes).
    Removing rtx_thread.o(.text.svcRtxThreadFlagsGet), (20 bytes).
    Removing rtx_thread.o(.ARM.exidx.text.svcRtxThreadFlagsGet), (8 bytes).
    Removing rtx_thread.o(.text.svcRtxThreadFlagsWait), (76 bytes).
    Removing rtx_thread.o(.ARM.exidx.text.svcRtxThreadFlagsWait), (8 bytes).
    Removing rtx_delay.o(.text), (0 bytes).
    Removing rtx_delay.o(.ARM.exidx.text.osDelay), (8 bytes).
    Removing rtx_delay.o(.text.osDelayUntil), (36 bytes).
    Removing rtx_delay.o(.ARM.exidx.text.osDelayUntil), (8 bytes).
    Removing rtx_delay.o(.ARM.exidx.text.svcRtxDelay), (8 bytes).
    Removing rtx_delay.o(.text.svcRtxDelayUntil), (32 bytes).
    Removing rtx_delay.o(.ARM.exidx.text.svcRtxDelayUntil), (8 bytes).
    Removing irq_cm3.o(.constdata), (1 bytes).
    Removing rtx_timer.o(.text), (0 bytes).
    Removing rtx_timer.o(.ARM.exidx.text.osRtxTimerThread), (8 bytes).
    Removing rtx_timer.o(.ARM.exidx.text.osRtxTimerTick), (8 bytes).
    Removing rtx_timer.o(.text.osTimerNew), (36 bytes).
    Removing rtx_timer.o(.ARM.exidx.text.osTimerNew), (8 bytes).
    Removing rtx_timer.o(.text.osTimerGetName), (36 bytes).
    Removing rtx_timer.o(.ARM.exidx.text.osTimerGetName), (8 bytes).
    Removing rtx_timer.o(.text.osTimerStart), (36 bytes).
    Removing rtx_timer.o(.ARM.exidx.text.osTimerStart), (8 bytes).
    Removing rtx_timer.o(.text.osTimerStop), (36 bytes).
    Removing rtx_timer.o(.ARM.exidx.text.osTimerStop), (8 bytes).
    Removing rtx_timer.o(.text.osTimerIsRunning), (36 bytes).
    Removing rtx_timer.o(.ARM.exidx.text.osTimerIsRunning), (8 bytes).
    Removing rtx_timer.o(.text.osTimerDelete), (36 bytes).
    Removing rtx_timer.o(.ARM.exidx.text.osTimerDelete), (8 bytes).
    Removing rtx_timer.o(.ARM.exidx.text.TimerInsert), (8 bytes).
    Removing rtx_timer.o(.text.svcRtxTimerNew), (120 bytes).
    Removing rtx_timer.o(.ARM.exidx.text.svcRtxTimerNew), (8 bytes).
    Removing rtx_timer.o(.text.svcRtxTimerGetName), (16 bytes).
    Removing rtx_timer.o(.ARM.exidx.text.svcRtxTimerGetName), (8 bytes).
    Removing rtx_timer.o(.text.svcRtxTimerStart), (76 bytes).
    Removing rtx_timer.o(.ARM.exidx.text.svcRtxTimerStart), (8 bytes).
    Removing rtx_timer.o(.text.TimerRemove), (40 bytes).
    Removing rtx_timer.o(.ARM.exidx.text.TimerRemove), (8 bytes).
    Removing rtx_timer.o(.text.svcRtxTimerStop), (40 bytes).
    Removing rtx_timer.o(.ARM.exidx.text.svcRtxTimerStop), (8 bytes).
    Removing rtx_timer.o(.text.svcRtxTimerIsRunning), (24 bytes).
    Removing rtx_timer.o(.ARM.exidx.text.svcRtxTimerIsRunning), (8 bytes).
    Removing rtx_timer.o(.text.svcRtxTimerDelete), (76 bytes).
    Removing rtx_timer.o(.ARM.exidx.text.svcRtxTimerDelete), (8 bytes).
    Removing rtx_mutex.o(.text), (0 bytes).
    Removing rtx_mutex.o(.ARM.exidx.text.osRtxMutexOwnerRelease), (8 bytes).
    Removing rtx_mutex.o(.ARM.exidx.text.osRtxMutexOwnerRestore), (8 bytes).
    Removing rtx_mutex.o(.text.osMutexNew), (36 bytes).
    Removing rtx_mutex.o(.ARM.exidx.text.osMutexNew), (8 bytes).
    Removing rtx_mutex.o(.text.osMutexGetName), (36 bytes).
    Removing rtx_mutex.o(.ARM.exidx.text.osMutexGetName), (8 bytes).
    Removing rtx_mutex.o(.text.osMutexAcquire), (36 bytes).
    Removing rtx_mutex.o(.ARM.exidx.text.osMutexAcquire), (8 bytes).
    Removing rtx_mutex.o(.text.osMutexRelease), (36 bytes).
    Removing rtx_mutex.o(.ARM.exidx.text.osMutexRelease), (8 bytes).
    Removing rtx_mutex.o(.text.osMutexGetOwner), (36 bytes).
    Removing rtx_mutex.o(.ARM.exidx.text.osMutexGetOwner), (8 bytes).
    Removing rtx_mutex.o(.text.osMutexDelete), (36 bytes).
    Removing rtx_mutex.o(.ARM.exidx.text.osMutexDelete), (8 bytes).
    Removing rtx_mutex.o(.text.svcRtxMutexNew), (104 bytes).
    Removing rtx_mutex.o(.ARM.exidx.text.svcRtxMutexNew), (8 bytes).
    Removing rtx_mutex.o(.text.svcRtxMutexGetName), (16 bytes).
    Removing rtx_mutex.o(.ARM.exidx.text.svcRtxMutexGetName), (8 bytes).
    Removing rtx_mutex.o(.text.svcRtxMutexAcquire), (148 bytes).
    Removing rtx_mutex.o(.ARM.exidx.text.svcRtxMutexAcquire), (8 bytes).
    Removing rtx_mutex.o(.text.svcRtxMutexRelease), (180 bytes).
    Removing rtx_mutex.o(.ARM.exidx.text.svcRtxMutexRelease), (8 bytes).
    Removing rtx_mutex.o(.text.svcRtxMutexGetOwner), (20 bytes).
    Removing rtx_mutex.o(.ARM.exidx.text.svcRtxMutexGetOwner), (8 bytes).
    Removing rtx_mutex.o(.text.svcRtxMutexDelete), (176 bytes).
    Removing rtx_mutex.o(.ARM.exidx.text.svcRtxMutexDelete), (8 bytes).
    Removing rtx_memory.o(.text), (0 bytes).
    Removing rtx_memory.o(.ARM.exidx.text.osRtxMemoryInit), (8 bytes).
    Removing rtx_memory.o(.ARM.exidx.text.osRtxMemoryAlloc), (8 bytes).
    Removing rtx_memory.o(.ARM.exidx.text.osRtxMemoryFree), (8 bytes).
    Removing rtx_mempool.o(.text), (0 bytes).
    Removing rtx_mempool.o(.ARM.exidx.text.osRtxMemoryPoolInit), (8 bytes).
    Removing rtx_mempool.o(.ARM.exidx.text.osRtxMemoryPoolAlloc), (8 bytes).
    Removing rtx_mempool.o(.ARM.exidx.text.osRtxMemoryPoolFree), (8 bytes).
    Removing rtx_mempool.o(.text.osMemoryPoolNew), (36 bytes).
    Removing rtx_mempool.o(.ARM.exidx.text.osMemoryPoolNew), (8 bytes).
    Removing rtx_mempool.o(.text.osMemoryPoolGetName), (36 bytes).
    Removing rtx_mempool.o(.ARM.exidx.text.osMemoryPoolGetName), (8 bytes).
    Removing rtx_mempool.o(.text.osMemoryPoolAlloc), (104 bytes).
    Removing rtx_mempool.o(.ARM.exidx.text.osMemoryPoolAlloc), (8 bytes).
    Removing rtx_mempool.o(.text.osMemoryPoolFree), (72 bytes).
    Removing rtx_mempool.o(.ARM.exidx.text.osMemoryPoolFree), (8 bytes).
    Removing rtx_mempool.o(.text.osMemoryPoolGetCapacity), (48 bytes).
    Removing rtx_mempool.o(.ARM.exidx.text.osMemoryPoolGetCapacity), (8 bytes).
    Removing rtx_mempool.o(.text.svcRtxMemoryPoolGetCapacity), (16 bytes).
    Removing rtx_mempool.o(.ARM.exidx.text.svcRtxMemoryPoolGetCapacity), (8 bytes).
    Removing rtx_mempool.o(.text.osMemoryPoolGetBlockSize), (48 bytes).
    Removing rtx_mempool.o(.ARM.exidx.text.osMemoryPoolGetBlockSize), (8 bytes).
    Removing rtx_mempool.o(.text.svcRtxMemoryPoolGetBlockSize), (16 bytes).
    Removing rtx_mempool.o(.ARM.exidx.text.svcRtxMemoryPoolGetBlockSize), (8 bytes).
    Removing rtx_mempool.o(.text.osMemoryPoolGetCount), (48 bytes).
    Removing rtx_mempool.o(.ARM.exidx.text.osMemoryPoolGetCount), (8 bytes).
    Removing rtx_mempool.o(.text.svcRtxMemoryPoolGetCount), (16 bytes).
    Removing rtx_mempool.o(.ARM.exidx.text.svcRtxMemoryPoolGetCount), (8 bytes).
    Removing rtx_mempool.o(.text.osMemoryPoolGetSpace), (36 bytes).
    Removing rtx_mempool.o(.ARM.exidx.text.osMemoryPoolGetSpace), (8 bytes).
    Removing rtx_mempool.o(.text.svcRtxMemoryPoolGetSpace), (20 bytes).
    Removing rtx_mempool.o(.ARM.exidx.text.svcRtxMemoryPoolGetSpace), (8 bytes).
    Removing rtx_mempool.o(.text.osMemoryPoolDelete), (36 bytes).
    Removing rtx_mempool.o(.ARM.exidx.text.osMemoryPoolDelete), (8 bytes).
    Removing rtx_mempool.o(.text.svcRtxMemoryPoolNew), (328 bytes).
    Removing rtx_mempool.o(.ARM.exidx.text.svcRtxMemoryPoolNew), (8 bytes).
    Removing rtx_mempool.o(.text.osRtxMemoryPoolPostProcess), (72 bytes).
    Removing rtx_mempool.o(.ARM.exidx.text.osRtxMemoryPoolPostProcess), (8 bytes).
    Removing rtx_mempool.o(.text.svcRtxMemoryPoolGetName), (16 bytes).
    Removing rtx_mempool.o(.ARM.exidx.text.svcRtxMemoryPoolGetName), (8 bytes).
    Removing rtx_mempool.o(.text.svcRtxMemoryPoolAlloc), (92 bytes).
    Removing rtx_mempool.o(.ARM.exidx.text.svcRtxMemoryPoolAlloc), (8 bytes).
    Removing rtx_mempool.o(.text.svcRtxMemoryPoolFree), (100 bytes).
    Removing rtx_mempool.o(.ARM.exidx.text.svcRtxMemoryPoolFree), (8 bytes).
    Removing rtx_mempool.o(.text.svcRtxMemoryPoolDelete), (108 bytes).
    Removing rtx_mempool.o(.ARM.exidx.text.svcRtxMemoryPoolDelete), (8 bytes).
    Removing rtx_system.o(.text), (0 bytes).
    Removing rtx_system.o(.ARM.exidx.text.osRtxTick_Handler), (8 bytes).
    Removing rtx_system.o(.ARM.exidx.text.osRtxPendSV_Handler), (8 bytes).
    Removing rtx_system.o(.ARM.exidx.text.osRtxPostProcess), (8 bytes).
    Removing os_systick.o(.text), (0 bytes).
    Removing os_systick.o(.ARM.exidx.text.OS_Tick_Setup), (8 bytes).
    Removing os_systick.o(.ARM.exidx.text.OS_Tick_Enable), (8 bytes).
    Removing os_systick.o(.text.OS_Tick_Disable), (44 bytes).
    Removing os_systick.o(.ARM.exidx.text.OS_Tick_Disable), (8 bytes).
    Removing os_systick.o(.ARM.exidx.text.OS_Tick_AcknowledgeIRQ), (8 bytes).
    Removing os_systick.o(.ARM.exidx.text.OS_Tick_GetIRQn), (8 bytes).
    Removing os_systick.o(.text.OS_Tick_GetClock), (12 bytes).
    Removing os_systick.o(.ARM.exidx.text.OS_Tick_GetClock), (8 bytes).
    Removing os_systick.o(.text.OS_Tick_GetInterval), (12 bytes).
    Removing os_systick.o(.ARM.exidx.text.OS_Tick_GetInterval), (8 bytes).
    Removing os_systick.o(.text.OS_Tick_GetCount), (16 bytes).
    Removing os_systick.o(.ARM.exidx.text.OS_Tick_GetCount), (8 bytes).
    Removing os_systick.o(.text.OS_Tick_GetOverflow), (16 bytes).
    Removing os_systick.o(.ARM.exidx.text.OS_Tick_GetOverflow), (8 bytes).
    Removing rtx_msgqueue.o(.text), (0 bytes).
    Removing rtx_msgqueue.o(.ARM.exidx.text.osMessageQueueNew), (8 bytes).
    Removing rtx_msgqueue.o(.text.osMessageQueueGetName), (36 bytes).
    Removing rtx_msgqueue.o(.ARM.exidx.text.osMessageQueueGetName), (8 bytes).
    Removing rtx_msgqueue.o(.ARM.exidx.text.osMessageQueuePut), (8 bytes).
    Removing rtx_msgqueue.o(.ARM.exidx.text.osMessageQueueGet), (8 bytes).
    Removing rtx_msgqueue.o(.text.osMessageQueueGetCapacity), (48 bytes).
    Removing rtx_msgqueue.o(.ARM.exidx.text.osMessageQueueGetCapacity), (8 bytes).
    Removing rtx_msgqueue.o(.text.svcRtxMessageQueueGetCapacity), (16 bytes).
    Removing rtx_msgqueue.o(.ARM.exidx.text.svcRtxMessageQueueGetCapacity), (8 bytes).
    Removing rtx_msgqueue.o(.text.osMessageQueueGetMsgSize), (48 bytes).
    Removing rtx_msgqueue.o(.ARM.exidx.text.osMessageQueueGetMsgSize), (8 bytes).
    Removing rtx_msgqueue.o(.text.svcRtxMessageQueueGetMsgSize), (16 bytes).
    Removing rtx_msgqueue.o(.ARM.exidx.text.svcRtxMessageQueueGetMsgSize), (8 bytes).
    Removing rtx_msgqueue.o(.text.osMessageQueueGetCount), (48 bytes).
    Removing rtx_msgqueue.o(.ARM.exidx.text.osMessageQueueGetCount), (8 bytes).
    Removing rtx_msgqueue.o(.text.svcRtxMessageQueueGetCount), (16 bytes).
    Removing rtx_msgqueue.o(.ARM.exidx.text.svcRtxMessageQueueGetCount), (8 bytes).
    Removing rtx_msgqueue.o(.text.osMessageQueueGetSpace), (36 bytes).
    Removing rtx_msgqueue.o(.ARM.exidx.text.osMessageQueueGetSpace), (8 bytes).
    Removing rtx_msgqueue.o(.text.svcRtxMessageQueueGetSpace), (20 bytes).
    Removing rtx_msgqueue.o(.ARM.exidx.text.svcRtxMessageQueueGetSpace), (8 bytes).
    Removing rtx_msgqueue.o(.text.osMessageQueueReset), (36 bytes).
    Removing rtx_msgqueue.o(.ARM.exidx.text.osMessageQueueReset), (8 bytes).
    Removing rtx_msgqueue.o(.text.osMessageQueueDelete), (36 bytes).
    Removing rtx_msgqueue.o(.ARM.exidx.text.osMessageQueueDelete), (8 bytes).
    Removing rtx_msgqueue.o(.ARM.exidx.text.svcRtxMessageQueueNew), (8 bytes).
    Removing rtx_msgqueue.o(.ARM.exidx.text.osRtxMessageQueuePostProcess), (8 bytes).
    Removing rtx_msgqueue.o(.ARM.exidx.text.MessageQueueRemove), (8 bytes).
    Removing rtx_msgqueue.o(.ARM.exidx.text.MessageQueuePut), (8 bytes).
    Removing rtx_msgqueue.o(.text.svcRtxMessageQueueGetName), (16 bytes).
    Removing rtx_msgqueue.o(.ARM.exidx.text.svcRtxMessageQueueGetName), (8 bytes).
    Removing rtx_msgqueue.o(.ARM.exidx.text.svcRtxMessageQueuePut), (8 bytes).
    Removing rtx_msgqueue.o(.ARM.exidx.text.MessageQueueGet), (8 bytes).
    Removing rtx_msgqueue.o(.ARM.exidx.text.svcRtxMessageQueueGet), (8 bytes).
    Removing rtx_msgqueue.o(.text.svcRtxMessageQueueReset), (168 bytes).
    Removing rtx_msgqueue.o(.ARM.exidx.text.svcRtxMessageQueueReset), (8 bytes).
    Removing rtx_msgqueue.o(.text.svcRtxMessageQueueDelete), (112 bytes).
    Removing rtx_msgqueue.o(.ARM.exidx.text.svcRtxMessageQueueDelete), (8 bytes).

348 unused section(s) (total 12461 bytes) removed from the image.

==============================================================================

Image Symbol Table

    Local Symbols

    Symbol Name                              Value     Ov Type        Size  Object(Section)

    RESET                                    0x00000000   Section      204  startup_lpc17xx.o(RESET)
    ../clib/../cmprslib/zerorunl.c           0x00000000   Number         0  __dczerorl.o ABSOLUTE
    ../clib/microlib/division.c              0x00000000   Number         0  uidiv.o ABSOLUTE
    ../clib/microlib/division.c              0x00000000   Number         0  uldiv.o ABSOLUTE
    ../clib/microlib/init/entry.s            0x00000000   Number         0  entry2.o ABSOLUTE
    ../clib/microlib/init/entry.s            0x00000000   Number         0  entry10b.o ABSOLUTE
    ../clib/microlib/init/entry.s            0x00000000   Number         0  entry11a.o ABSOLUTE
    ../clib/microlib/init/entry.s            0x00000000   Number         0  entry11b.o ABSOLUTE
    ../clib/microlib/init/entry.s            0x00000000   Number         0  entry5.o ABSOLUTE
    ../clib/microlib/init/entry.s            0x00000000   Number         0  entry8a.o ABSOLUTE
    ../clib/microlib/init/entry.s            0x00000000   Number         0  entry8b.o ABSOLUTE
    ../clib/microlib/init/entry.s            0x00000000   Number         0  entry9a.o ABSOLUTE
    ../clib/microlib/init/entry.s            0x00000000   Number         0  entry10a.o ABSOLUTE
    ../clib/microlib/init/entry.s            0x00000000   Number         0  entry.o ABSOLUTE
    ../clib/microlib/init/entry.s            0x00000000   Number         0  entry9b.o ABSOLUTE
    ../clib/microlib/init/entry.s            0x00000000   Number         0  entry7b.o ABSOLUTE
    ../clib/microlib/init/entry.s            0x00000000   Number         0  entry7a.o ABSOLUTE
    ../clib/microlib/longlong.c              0x00000000   Number         0  llshl.o ABSOLUTE
    ../clib/microlib/longlong.c              0x00000000   Number         0  llushr.o ABSOLUTE
    ../clib/microlib/longlong.c              0x00000000   Number         0  llsshr.o ABSOLUTE
    ../clib/microlib/printf/printf.c         0x00000000   Number         0  printf8.o ABSOLUTE
    ../clib/microlib/printf/printf.c         0x00000000   Number         0  printf7.o ABSOLUTE
    ../clib/microlib/printf/printf.c         0x00000000   Number         0  printf6.o ABSOLUTE
    ../clib/microlib/printf/printf.c         0x00000000   Number         0  printf5.o ABSOLUTE
    ../clib/microlib/printf/printf.c         0x00000000   Number         0  printf4.o ABSOLUTE
    ../clib/microlib/printf/printf.c         0x00000000   Number         0  printf2.o ABSOLUTE
    ../clib/microlib/printf/printf.c         0x00000000   Number         0  printfb.o ABSOLUTE
    ../clib/microlib/printf/printf.c         0x00000000   Number         0  printf0.o ABSOLUTE
    ../clib/microlib/printf/printf.c         0x00000000   Number         0  printf1.o ABSOLUTE
    ../clib/microlib/printf/printf.c         0x00000000   Number         0  printf3.o ABSOLUTE
    ../clib/microlib/printf/printf.c         0x00000000   Number         0  printfa.o ABSOLUTE
    ../clib/microlib/printf/stubs.s          0x00000000   Number         0  stubs.o ABSOLUTE
    ../clib/microlib/string/memcpy.c         0x00000000   Number         0  memcpya.o ABSOLUTE
    ../clib/microlib/string/memcpy.c         0x00000000   Number         0  memcpyb.o ABSOLUTE
    ../clib/microlib/string/memset.c         0x00000000   Number         0  memseta.o ABSOLUTE
    ../clib/microlib/stubs.s                 0x00000000   Number         0  iusefp.o ABSOLUTE
    ../fplib/microlib/f2d.c                  0x00000000   Number         0  f2d.o ABSOLUTE
    ../fplib/microlib/fpadd.c                0x00000000   Number         0  dadd.o ABSOLUTE
    ../fplib/microlib/fpdiv.c                0x00000000   Number         0  ddiv.o ABSOLUTE
    ../fplib/microlib/fpdiv.c                0x00000000   Number         0  fdiv.o ABSOLUTE
    ../fplib/microlib/fpepilogue.c           0x00000000   Number         0  depilogue.o ABSOLUTE
    ../fplib/microlib/fpepilogue.c           0x00000000   Number         0  fepilogue.o ABSOLUTE
    ../fplib/microlib/fpfix.c                0x00000000   Number         0  dfixul.o ABSOLUTE
    ../fplib/microlib/fpflt.c                0x00000000   Number         0  ffltui.o ABSOLUTE
    ../fplib/microlib/fpmul.c                0x00000000   Number         0  dmul.o ABSOLUTE
    ..\..\..\Source\ARM\irq_cm3.s            0x00000000   Number         0  irq_cm3.o ABSOLUTE
    D:\Programs\MDK 5.30\ARM\CMSIS\5.7.0\CMSIS\RTOS2\RTX\Source\rtx_lib.c 0x00000000   Number         0  rtx_lib.o ABSOLUTE
    D:\\Programs\\MDK 5.30\\ARM\\CMSIS\\5.7.0\\CMSIS\\RTOS2\\RTX\\Source\\rtx_lib.c 0x00000000   Number         0  rtx_lib.o ABSOLUTE
    RTE\CMSIS\RTX_Config.c                   0x00000000   Number         0  rtx_config.o ABSOLUTE
    RTE\Device\LPC1768\startup_LPC17xx.s     0x00000000   Number         0  startup_lpc17xx.o ABSOLUTE
    RTE\Device\LPC1768\system_LPC17xx.c      0x00000000   Number         0  system_lpc17xx.o ABSOLUTE
    RTE\\CMSIS\\RTX_Config.c                 0x00000000   Number         0  rtx_config.o ABSOLUTE
    RTE\\Device\\LPC1768\\system_LPC17xx.c   0x00000000   Number         0  system_lpc17xx.o ABSOLUTE
    cdrcmple.s                               0x00000000   Number         0  cdrcmple.o ABSOLUTE
    dc.s                                     0x00000000   Number         0  dc.o ABSOLUTE
    handlers.s                               0x00000000   Number         0  handlers.o ABSOLUTE
    init.s                                   0x00000000   Number         0  init.o ABSOLUTE
    main.c                                   0x00000000   Number         0  main.o ABSOLUTE
    main.c                                   0x00000000   Number         0  main.o ABSOLUTE
    os_systick.c                             0x00000000   Number         0  os_systick.o ABSOLUTE
    rtx_delay.c                              0x00000000   Number         0  rtx_delay.o ABSOLUTE
    rtx_kernel.c                             0x00000000   Number         0  rtx_kernel.o ABSOLUTE
    rtx_memory.c                             0x00000000   Number         0  rtx_memory.o ABSOLUTE
    rtx_mempool.c                            0x00000000   Number         0  rtx_mempool.o ABSOLUTE
    rtx_msgqueue.c                           0x00000000   Number         0  rtx_msgqueue.o ABSOLUTE
    rtx_mutex.c                              0x00000000   Number         0  rtx_mutex.o ABSOLUTE
    rtx_system.c                             0x00000000   Number         0  rtx_system.o ABSOLUTE
    rtx_thread.c                             0x00000000   Number         0  rtx_thread.o ABSOLUTE
    rtx_timer.c                              0x00000000   Number         0  rtx_timer.o ABSOLUTE
    src\Retarget.c                           0x00000000   Number         0  retarget.o ABSOLUTE
    src\\uart.c                              0x00000000   Number         0  uart.o ABSOLUTE
    src\uart.c                               0x00000000   Number         0  uart.o ABSOLUTE
    .ARM.Collect$$$$00000000                 0x000000cc   Section        0  entry.o(.ARM.Collect$$$$00000000)
    .ARM.Collect$$$$00000001                 0x000000cc   Section        4  entry2.o(.ARM.Collect$$$$00000001)
    .ARM.Collect$$$$00000004                 0x000000d0   Section        4  entry5.o(.ARM.Collect$$$$00000004)
    .ARM.Collect$$$$00000008                 0x000000d4   Section        0  entry7b.o(.ARM.Collect$$$$00000008)
    .ARM.Collect$$$$0000000A                 0x000000d4   Section        0  entry8b.o(.ARM.Collect$$$$0000000A)
    .ARM.Collect$$$$0000000B                 0x000000d4   Section        8  entry9a.o(.ARM.Collect$$$$0000000B)
    .ARM.Collect$$$$0000000D                 0x000000dc   Section        0  entry10a.o(.ARM.Collect$$$$0000000D)
    .ARM.Collect$$$$0000000F                 0x000000dc   Section        0  entry11a.o(.ARM.Collect$$$$0000000F)
    .ARM.Collect$$$$00002712                 0x000000dc   Section        4  entry2.o(.ARM.Collect$$$$00002712)
    __lit__00000000                          0x000000dc   Data           4  entry2.o(.ARM.Collect$$$$00002712)
    .text                                    0x000000e0   Section       36  startup_lpc17xx.o(.text)
    .text                                    0x00000104   Section      148  irq_cm3.o(.text)
    .text                                    0x00000198   Section        0  uldiv.o(.text)
    .text                                    0x000001fa   Section        0  memcpya.o(.text)
    .text                                    0x0000021e   Section        0  memseta.o(.text)
    .text                                    0x00000242   Section        0  fdiv.o(.text)
    .text                                    0x000002be   Section        0  ffltui.o(.text)
    .text                                    0x000002c8   Section        0  f2d.o(.text)
    .text                                    0x000002ee   Section        0  iusefp.o(.text)
    [Anonymous Symbol]                       0x000002f0   Section        0  os_systick.o(.text.OS_Tick_AcknowledgeIRQ)
    __arm_cp.3_0                             0x000002f8   Number         4  os_systick.o(.text.OS_Tick_AcknowledgeIRQ)
    .ARM.__at_0x02FC                         0x000002fc   Section        4  startup_lpc17xx.o(.ARM.__at_0x02FC)
    .text                                    0x00000300   Section        0  uidiv.o(.text)
    .text                                    0x0000032c   Section        0  llshl.o(.text)
    .text                                    0x0000034a   Section        0  llushr.o(.text)
    .text                                    0x0000036a   Section        0  fepilogue.o(.text)
    .text                                    0x000003d8   Section        0  dadd.o(.text)
    .text                                    0x00000526   Section        0  dmul.o(.text)
    .text                                    0x0000060a   Section        0  ddiv.o(.text)
    .text                                    0x000006e8   Section        0  dfixul.o(.text)
    .text                                    0x00000718   Section       48  cdrcmple.o(.text)
    .text                                    0x00000748   Section       36  init.o(.text)
    .text                                    0x0000076c   Section        0  llsshr.o(.text)
    .text                                    0x00000790   Section        0  depilogue.o(.text)
    .text                                    0x0000084a   Section        0  __dczerorl.o(.text)
    [Anonymous Symbol]                       0x00000884   Section        0  rtx_msgqueue.o(.text.MessageQueueGet)
    MessageQueueGet                          0x00000885   Thumb Code    64  rtx_msgqueue.o(.text.MessageQueueGet)
    [Anonymous Symbol]                       0x000008c4   Section        0  rtx_msgqueue.o(.text.MessageQueuePut)
    MessageQueuePut                          0x000008c5   Thumb Code    88  rtx_msgqueue.o(.text.MessageQueuePut)
    [Anonymous Symbol]                       0x0000091c   Section        0  rtx_msgqueue.o(.text.MessageQueueRemove)
    MessageQueueRemove                       0x0000091d   Thumb Code    28  rtx_msgqueue.o(.text.MessageQueueRemove)
    [Anonymous Symbol]                       0x00000938   Section        0  os_systick.o(.text.OS_Tick_Enable)
    __arm_cp.1_0                             0x00000958   Number         4  os_systick.o(.text.OS_Tick_Enable)
    __arm_cp.1_1                             0x0000095c   Number         4  os_systick.o(.text.OS_Tick_Enable)
    __arm_cp.1_2                             0x00000960   Number         4  os_systick.o(.text.OS_Tick_Enable)
    [Anonymous Symbol]                       0x00000964   Section        0  os_systick.o(.text.OS_Tick_GetIRQn)
    [Anonymous Symbol]                       0x0000096c   Section        0  os_systick.o(.text.OS_Tick_Setup)
    __arm_cp.0_0                             0x0000099c   Number         4  os_systick.o(.text.OS_Tick_Setup)
    __arm_cp.0_1                             0x000009a0   Number         4  os_systick.o(.text.OS_Tick_Setup)
    __arm_cp.0_2                             0x000009a4   Number         4  os_systick.o(.text.OS_Tick_Setup)
    __arm_cp.0_3                             0x000009a8   Number         4  os_systick.o(.text.OS_Tick_Setup)
    [Anonymous Symbol]                       0x000009ac   Section        0  rtx_thread.o(.text.ThreadFlagsCheck)
    ThreadFlagsCheck                         0x000009ad   Thumb Code   110  rtx_thread.o(.text.ThreadFlagsCheck)
    [Anonymous Symbol]                       0x00000a1c   Section        0  rtx_timer.o(.text.TimerInsert)
    TimerInsert                              0x00000a1d   Thumb Code    72  rtx_timer.o(.text.TimerInsert)
    __arm_cp.8_0                             0x00000a60   Number         4  rtx_timer.o(.text.TimerInsert)
    [Anonymous Symbol]                       0x00000a64   Section        0  rtx_delay.o(.text.osDelay)
    __arm_cp.0_0                             0x00000a84   Number         4  rtx_delay.o(.text.osDelay)
    [Anonymous Symbol]                       0x00000a88   Section        0  rtx_kernel.o(.text.osKernelInitialize)
    __arm_cp.1_0                             0x00000ab0   Number         4  rtx_kernel.o(.text.osKernelInitialize)
    [Anonymous Symbol]                       0x00000ab4   Section        0  rtx_kernel.o(.text.osKernelStart)
    __arm_cp.6_0                             0x00000ad4   Number         4  rtx_kernel.o(.text.osKernelStart)
    [Anonymous Symbol]                       0x00000ad8   Section        0  rtx_msgqueue.o(.text.osMessageQueueGet)
    __arm_cp.3_0                             0x00000b40   Number         4  rtx_msgqueue.o(.text.osMessageQueueGet)
    [Anonymous Symbol]                       0x00000b44   Section        0  rtx_msgqueue.o(.text.osMessageQueueNew)
    __arm_cp.0_0                             0x00000b64   Number         4  rtx_msgqueue.o(.text.osMessageQueueNew)
    [Anonymous Symbol]                       0x00000b68   Section        0  rtx_msgqueue.o(.text.osMessageQueuePut)
    __arm_cp.2_0                             0x00000bdc   Number         4  rtx_msgqueue.o(.text.osMessageQueuePut)
    [Anonymous Symbol]                       0x00000be0   Section        0  rtx_kernel.o(.text.osRtxKernelPreInit)
    [Anonymous Symbol]                       0x00000be2   Section        0  rtx_memory.o(.text.osRtxMemoryAlloc)
    [Anonymous Symbol]                       0x00000c52   Section        0  rtx_memory.o(.text.osRtxMemoryFree)
    [Anonymous Symbol]                       0x00000c98   Section        0  rtx_memory.o(.text.osRtxMemoryInit)
    [Anonymous Symbol]                       0x00000cd4   Section        0  rtx_mempool.o(.text.osRtxMemoryPoolAlloc)
    [Anonymous Symbol]                       0x00000d0e   Section        0  rtx_mempool.o(.text.osRtxMemoryPoolFree)
    [Anonymous Symbol]                       0x00000d58   Section        0  rtx_mempool.o(.text.osRtxMemoryPoolInit)
    [Anonymous Symbol]                       0x00000d8e   Section        0  rtx_msgqueue.o(.text.osRtxMessageQueuePostProcess)
    osRtxMessageQueuePostProcess             0x00000d8f   Thumb Code   186  rtx_msgqueue.o(.text.osRtxMessageQueuePostProcess)
    [Anonymous Symbol]                       0x00000e48   Section        0  rtx_mutex.o(.text.osRtxMutexOwnerRelease)
    [Anonymous Symbol]                       0x00000e90   Section        0  rtx_mutex.o(.text.osRtxMutexOwnerRestore)
    [Anonymous Symbol]                       0x00000ed4   Section        0  rtx_system.o(.text.osRtxPendSV_Handler)
    __arm_cp.1_0                             0x00000f5c   Number         4  rtx_system.o(.text.osRtxPendSV_Handler)
    [Anonymous Symbol]                       0x00000f60   Section        0  rtx_system.o(.text.osRtxPostProcess)
    __arm_cp.2_0                             0x00000fcc   Number         4  rtx_system.o(.text.osRtxPostProcess)
    __arm_cp.2_1                             0x00000fd0   Number         4  rtx_system.o(.text.osRtxPostProcess)
    [Anonymous Symbol]                       0x00000fd4   Section        0  rtx_thread.o(.text.osRtxThreadBlock)
    osRtxThreadBlock                         0x00000fd5   Thumb Code    56  rtx_thread.o(.text.osRtxThreadBlock)
    __arm_cp.11_0                            0x00001008   Number         4  rtx_thread.o(.text.osRtxThreadBlock)
    [Anonymous Symbol]                       0x0000100c   Section        0  rtx_thread.o(.text.osRtxThreadDelayInsert)
    osRtxThreadDelayInsert                   0x0000100d   Thumb Code   116  rtx_thread.o(.text.osRtxThreadDelayInsert)
    __arm_cp.15_0                            0x0000107c   Number         4  rtx_thread.o(.text.osRtxThreadDelayInsert)
    [Anonymous Symbol]                       0x00001080   Section        0  rtx_thread.o(.text.osRtxThreadDelayRemove)
    osRtxThreadDelayRemove                   0x00001081   Thumb Code    60  rtx_thread.o(.text.osRtxThreadDelayRemove)
    __arm_cp.13_0                            0x000010b8   Number         4  rtx_thread.o(.text.osRtxThreadDelayRemove)
    [Anonymous Symbol]                       0x000010bc   Section        0  rtx_thread.o(.text.osRtxThreadDelayTick)
    __arm_cp.5_0                             0x00001104   Number         4  rtx_thread.o(.text.osRtxThreadDelayTick)
    [Anonymous Symbol]                       0x00001108   Section        0  rtx_thread.o(.text.osRtxThreadDispatch)
    __arm_cp.10_0                            0x0000115c   Number         4  rtx_thread.o(.text.osRtxThreadDispatch)
    [Anonymous Symbol]                       0x00001160   Section        0  rtx_thread.o(.text.osRtxThreadFree)
    osRtxThreadFree                          0x00001161   Thumb Code    88  rtx_thread.o(.text.osRtxThreadFree)
    __arm_cp.53_0                            0x000011b4   Number         4  rtx_thread.o(.text.osRtxThreadFree)
    [Anonymous Symbol]                       0x000011b8   Section        0  rtx_thread.o(.text.osRtxThreadListGet)
    [Anonymous Symbol]                       0x000011ca   Section        0  rtx_thread.o(.text.osRtxThreadListPut)
    [Anonymous Symbol]                       0x000011f6   Section        0  rtx_thread.o(.text.osRtxThreadListRemove)
    [Anonymous Symbol]                       0x0000120a   Section        0  rtx_thread.o(.text.osRtxThreadListRoot)
    osRtxThreadListRoot                      0x0000120b   Thumb Code    12  rtx_thread.o(.text.osRtxThreadListRoot)
    [Anonymous Symbol]                       0x00001216   Section        0  rtx_thread.o(.text.osRtxThreadListSort)
    [Anonymous Symbol]                       0x0000123c   Section        0  rtx_thread.o(.text.osRtxThreadPostProcess)
    osRtxThreadPostProcess                   0x0000123d   Thumb Code    40  rtx_thread.o(.text.osRtxThreadPostProcess)
    [Anonymous Symbol]                       0x00001264   Section        0  rtx_thread.o(.text.osRtxThreadReadyPut)
    __arm_cp.4_0                             0x00001274   Number         4  rtx_thread.o(.text.osRtxThreadReadyPut)
    [Anonymous Symbol]                       0x00001278   Section        0  rtx_thread.o(.text.osRtxThreadRegPtr)
    [Anonymous Symbol]                       0x00001280   Section        0  rtx_thread.o(.text.osRtxThreadStackCheck)
    __arm_cp.9_0                             0x000012a0   Number         4  rtx_thread.o(.text.osRtxThreadStackCheck)
    __arm_cp.9_1                             0x000012a4   Number         4  rtx_thread.o(.text.osRtxThreadStackCheck)
    [Anonymous Symbol]                       0x000012a8   Section        0  rtx_thread.o(.text.osRtxThreadStartup)
    __arm_cp.16_0                            0x000012d8   Number         4  rtx_thread.o(.text.osRtxThreadStartup)
    __arm_cp.16_1                            0x000012dc   Number         4  rtx_thread.o(.text.osRtxThreadStartup)
    __arm_cp.16_2                            0x000012e0   Number         4  rtx_thread.o(.text.osRtxThreadStartup)
    __arm_cp.16_3                            0x000012e4   Number         4  rtx_thread.o(.text.osRtxThreadStartup)
    [Anonymous Symbol]                       0x000012e8   Section        0  rtx_thread.o(.text.osRtxThreadSwitch)
    __arm_cp.8_0                             0x000012f4   Number         4  rtx_thread.o(.text.osRtxThreadSwitch)
    [Anonymous Symbol]                       0x000012f8   Section        0  rtx_thread.o(.text.osRtxThreadWaitEnter)
    __arm_cp.14_0                            0x0000132c   Number         4  rtx_thread.o(.text.osRtxThreadWaitEnter)
    [Anonymous Symbol]                       0x00001330   Section        0  rtx_thread.o(.text.osRtxThreadWaitExit)
    [Anonymous Symbol]                       0x00001354   Section        0  rtx_system.o(.text.osRtxTick_Handler)
    __arm_cp.0_0                             0x000013c0   Number         4  rtx_system.o(.text.osRtxTick_Handler)
    [Anonymous Symbol]                       0x000013c4   Section        0  rtx_timer.o(.text.osRtxTimerThread)
    __arm_cp.0_0                             0x000013f4   Number         4  rtx_timer.o(.text.osRtxTimerThread)
    __arm_cp.0_1                             0x000013f8   Number         4  rtx_timer.o(.text.osRtxTimerThread)
    __arm_cp.0_2                             0x000013fc   Number         4  rtx_timer.o(.text.osRtxTimerThread)
    [Anonymous Symbol]                       0x00001400   Section        0  rtx_timer.o(.text.osRtxTimerTick)
    osRtxTimerTick                           0x00001401   Thumb Code    84  rtx_timer.o(.text.osRtxTimerTick)
    __arm_cp.1_0                             0x00001450   Number         4  rtx_timer.o(.text.osRtxTimerTick)
    [Anonymous Symbol]                       0x00001454   Section        0  rtx_thread.o(.text.osThreadExit)
    __arm_cp.32_0                            0x0000145c   Number         4  rtx_thread.o(.text.osThreadExit)
    [Anonymous Symbol]                       0x00001460   Section        0  rtx_thread.o(.text.osThreadNew)
    __arm_cp.18_0                            0x00001480   Number         4  rtx_thread.o(.text.osThreadNew)
    [Anonymous Symbol]                       0x00001484   Section        0  rtx_thread.o(.text.osThreadYield)
    __arm_cp.27_0                            0x000014a4   Number         4  rtx_thread.o(.text.osThreadYield)
    [Anonymous Symbol]                       0x000014a8   Section        0  rtx_delay.o(.text.svcRtxDelay)
    svcRtxDelay                              0x000014a9   Thumb Code    20  rtx_delay.o(.text.svcRtxDelay)
    [Anonymous Symbol]                       0x000014bc   Section        0  rtx_kernel.o(.text.svcRtxKernelInitialize)
    svcRtxKernelInitialize                   0x000014bd   Thumb Code   336  rtx_kernel.o(.text.svcRtxKernelInitialize)
    __arm_cp.20_0                            0x00001600   Number         4  rtx_kernel.o(.text.svcRtxKernelInitialize)
    __arm_cp.20_1                            0x00001604   Number         4  rtx_kernel.o(.text.svcRtxKernelInitialize)
    __arm_cp.20_2                            0x00001608   Number         4  rtx_kernel.o(.text.svcRtxKernelInitialize)
    [Anonymous Symbol]                       0x0000160c   Section        0  rtx_kernel.o(.text.svcRtxKernelStart)
    svcRtxKernelStart                        0x0000160d   Thumb Code   136  rtx_kernel.o(.text.svcRtxKernelStart)
    __arm_cp.21_0                            0x00001684   Number         4  rtx_kernel.o(.text.svcRtxKernelStart)
    __arm_cp.21_1                            0x00001688   Number         4  rtx_kernel.o(.text.svcRtxKernelStart)
    __arm_cp.21_2                            0x0000168c   Number         4  rtx_kernel.o(.text.svcRtxKernelStart)
    __arm_cp.21_3                            0x00001690   Number         4  rtx_kernel.o(.text.svcRtxKernelStart)
    [Anonymous Symbol]                       0x00001694   Section        0  rtx_msgqueue.o(.text.svcRtxMessageQueueGet)
    svcRtxMessageQueueGet                    0x00001695   Thumb Code   224  rtx_msgqueue.o(.text.svcRtxMessageQueueGet)
    __arm_cp.21_0                            0x00001770   Number         4  rtx_msgqueue.o(.text.svcRtxMessageQueueGet)
    [Anonymous Symbol]                       0x00001774   Section        0  rtx_msgqueue.o(.text.svcRtxMessageQueueNew)
    svcRtxMessageQueueNew                    0x00001775   Thumb Code   304  rtx_msgqueue.o(.text.svcRtxMessageQueueNew)
    __arm_cp.14_0                            0x0000189c   Number         4  rtx_msgqueue.o(.text.svcRtxMessageQueueNew)
    __arm_cp.14_1                            0x000018a0   Number         4  rtx_msgqueue.o(.text.svcRtxMessageQueueNew)
    [Anonymous Symbol]                       0x000018a4   Section        0  rtx_msgqueue.o(.text.svcRtxMessageQueuePut)
    svcRtxMessageQueuePut                    0x000018a5   Thumb Code   192  rtx_msgqueue.o(.text.svcRtxMessageQueuePut)
    __arm_cp.19_0                            0x00001960   Number         4  rtx_msgqueue.o(.text.svcRtxMessageQueuePut)
    [Anonymous Symbol]                       0x00001964   Section        0  rtx_thread.o(.text.svcRtxThreadExit)
    svcRtxThreadExit                         0x00001965   Thumb Code   104  rtx_thread.o(.text.svcRtxThreadExit)
    __arm_cp.55_0                            0x000019c8   Number         4  rtx_thread.o(.text.svcRtxThreadExit)
    [Anonymous Symbol]                       0x000019cc   Section        0  rtx_thread.o(.text.svcRtxThreadNew)
    svcRtxThreadNew                          0x000019cd   Thumb Code   464  rtx_thread.o(.text.svcRtxThreadNew)
    __arm_cp.17_0                            0x00001b88   Number         4  rtx_thread.o(.text.svcRtxThreadNew)
    __arm_cp.17_1                            0x00001b8c   Number         4  rtx_thread.o(.text.svcRtxThreadNew)
    __arm_cp.17_2                            0x00001b90   Number         4  rtx_thread.o(.text.svcRtxThreadNew)
    __arm_cp.17_3                            0x00001b94   Number         4  rtx_thread.o(.text.svcRtxThreadNew)
    __arm_cp.17_4                            0x00001b98   Number         4  rtx_thread.o(.text.svcRtxThreadNew)
    [Anonymous Symbol]                       0x00001b9c   Section        0  rtx_thread.o(.text.svcRtxThreadYield)
    svcRtxThreadYield                        0x00001b9d   Thumb Code    56  rtx_thread.o(.text.svcRtxThreadYield)
    __arm_cp.48_0                            0x00001bd0   Number         4  rtx_thread.o(.text.svcRtxThreadYield)
    i.ADCInit                                0x00001bd4   Section        0  main.o(i.ADCInit)
    i.Free                                   0x00001c34   Section        0  uart.o(i.Free)
    i.FreeRcv                                0x00001c3c   Section        0  uart.o(i.FreeRcv)
    i.FreeSnd                                0x00001c60   Section        0  uart.o(i.FreeSnd)
    i.LEDInit                                0x00001c84   Section        0  main.o(i.LEDInit)
    i.LEDOff                                 0x00001ca0   Section        0  main.o(i.LEDOff)
    i.LEDOn                                  0x00001d54   Section        0  main.o(i.LEDOn)
    i.SystemCoreClockUpdate                  0x00001de0   Section        0  system_lpc17xx.o(i.SystemCoreClockUpdate)
    i.SystemInit                             0x00001f88   Section        0  system_lpc17xx.o(i.SystemInit)
    i.UART0_IRQHandler                       0x000020c8   Section        0  uart.o(i.UART0_IRQHandler)
    i.UART1_IRQHandler                       0x00002130   Section        0  uart.o(i.UART1_IRQHandler)
    i.UARTInit                               0x000021a0   Section        0  uart.o(i.UARTInit)
    i.UARTSendChar                           0x0000225c   Section        0  uart.o(i.UARTSendChar)
    i.__0printf                              0x00002280   Section        0  printfa.o(i.__0printf)
    i.__NVIC_EnableIRQ                       0x000022a0   Section        0  uart.o(i.__NVIC_EnableIRQ)
    __NVIC_EnableIRQ                         0x000022a1   Thumb Code    34  uart.o(i.__NVIC_EnableIRQ)
    i.__scatterload_copy                     0x000022c2   Section       14  handlers.o(i.__scatterload_copy)
    i.__scatterload_null                     0x000022d0   Section        2  handlers.o(i.__scatterload_null)
    i.__scatterload_zeroinit                 0x000022d2   Section       14  handlers.o(i.__scatterload_zeroinit)
    i._fp_digits                             0x000022e0   Section        0  printfa.o(i._fp_digits)
    _fp_digits                               0x000022e1   Thumb Code   366  printfa.o(i._fp_digits)
    i._printf_core                           0x00002464   Section        0  printfa.o(i._printf_core)
    _printf_core                             0x00002465   Thumb Code  1744  printfa.o(i._printf_core)
    i._printf_post_padding                   0x00002b40   Section        0  printfa.o(i._printf_post_padding)
    _printf_post_padding                     0x00002b41   Thumb Code    36  printfa.o(i._printf_post_padding)
    i._printf_pre_padding                    0x00002b64   Section        0  printfa.o(i._printf_pre_padding)
    _printf_pre_padding                      0x00002b65   Thumb Code    46  printfa.o(i._printf_pre_padding)
    i.app_main                               0x00002b94   Section        0  main.o(i.app_main)
    i.fputc                                  0x00002be0   Section        0  retarget.o(i.fputc)
    i.getFrequency                           0x00002bf0   Section        0  uart.o(i.getFrequency)
    i.main                                   0x00002c38   Section        0  main.o(i.main)
    i.osRtxErrorNotify                       0x00002c64   Section        0  rtx_config.o(i.osRtxErrorNotify)
    i.osRtxIdleThread                        0x00002c84   Section        0  rtx_config.o(i.osRtxIdleThread)
    i.sendchar                               0x00002c88   Section        0  retarget.o(i.sendchar)
    i.t1                                     0x00002ccc   Section        0  main.o(i.t1)
    i.t2                                     0x00002d7c   Section        0  main.o(i.t2)
    i.t3                                     0x00002de0   Section        0  main.o(i.t3)
    .constdata                               0x00002e20   Section      100  rtx_lib.o(.constdata)
    os_idle_thread_attr                      0x00002e20   Data          36  rtx_lib.o(.constdata)
    os_timer_thread_attr                     0x00002e44   Data          36  rtx_lib.o(.constdata)
    os_timer_mq_attr                         0x00002e68   Data          24  rtx_lib.o(.constdata)
    .rodata                                  0x00002e84   Section      160  rtx_lib.o(.rodata)
    __tagsym$$used                           0x00002e84   Number         0  rtx_lib.o(.rodata)
    __tagsym$$used                           0x00002eec   Number         0  rtx_lib.o(.rodata)
    [Anonymous Symbol]                       0x00002f24   Section        0  rtx_kernel.o(.rodata.str1.4)
    .L.str                                   0x00002f24   Data          11  rtx_kernel.o(.rodata.str1.4)
    .bss.os                                  0x10000000   Section     4160  rtx_lib.o(.bss.os)
    os_mem                                   0x10000000   Data        4096  rtx_lib.o(.bss.os)
    os_isr_queue                             0x10001000   Data          64  rtx_lib.o(.bss.os)
    .bss.os.msgqueue.cb                      0x2007c000   Section       52  rtx_lib.o(.bss.os.msgqueue.cb)
    os_timer_mq_cb                           0x2007c000   Data          52  rtx_lib.o(.bss.os.msgqueue.cb)
    .bss.os.msgqueue.mem                     0x2007c034   Section       80  rtx_lib.o(.bss.os.msgqueue.mem)
    os_timer_mq_data                         0x2007c034   Data          80  rtx_lib.o(.bss.os.msgqueue.mem)
    .bss.os.thread.cb                        0x2007c084   Section      136  rtx_lib.o(.bss.os.thread.cb)
    os_idle_thread_cb                        0x2007c084   Data          68  rtx_lib.o(.bss.os.thread.cb)
    os_timer_thread_cb                       0x2007c0c8   Data          68  rtx_lib.o(.bss.os.thread.cb)
    .bss.os.thread.stack                     0x2007c110   Section      768  rtx_lib.o(.bss.os.thread.stack)
    os_idle_thread_stack                     0x2007c110   Data         256  rtx_lib.o(.bss.os.thread.stack)
    os_timer_thread_stack                    0x2007c210   Data         512  rtx_lib.o(.bss.os.thread.stack)
    .data                                    0x2007c410   Section       12  retarget.o(.data)
    .data                                    0x2007c41c   Section       32  uart.o(.data)
    .data                                    0x2007c43c   Section        4  system_lpc17xx.o(.data)
    .bss                                     0x2007c4e4   Section      128  uart.o(.bss)
    [Anonymous Symbol]                       0x2007c564   Section        0  os_systick.o(.bss.PendST)
    PendST                                   0x2007c564   Data           1  os_systick.o(.bss.PendST)
    STACK                                    0x2007c568   Section     2048  startup_lpc17xx.o(STACK)

    Global Symbols

    Symbol Name                              Value     Ov Type        Size  Object(Section)

    BuildAttributes$$THM_ISAv4$P$D$K$B$S$PE$A:L22UL41UL21$X:L11$S22US41US21$IEEE1$IW$~IW$USESV6$~STKCKD$USESV7$~SHL$OTIME$ROPI$EBA8$MICROLIB$REQ8$PRES8$EABIv2 0x00000000   Number         0  anon$$obj.o ABSOLUTE
    __ARM_use_no_argv                        0x00000000   Number         0  main.o ABSOLUTE
    __Vectors                                0x00000000   Data           4  startup_lpc17xx.o(RESET)
    _printf_a                                0x00000000   Number         0  stubs.o ABSOLUTE
    _printf_c                                0x00000000   Number         0  stubs.o ABSOLUTE
    _printf_charcount                        0x00000000   Number         0  stubs.o ABSOLUTE
    _printf_d                                0x00000000   Number         0  stubs.o ABSOLUTE
    _printf_e                                0x00000000   Number         0  stubs.o ABSOLUTE
    _printf_f                                0x00000000   Number         0  stubs.o ABSOLUTE
    _printf_flags                            0x00000000   Number         0  stubs.o ABSOLUTE
    _printf_fp_dec                           0x00000000   Number         0  stubs.o ABSOLUTE
    _printf_fp_hex                           0x00000000   Number         0  stubs.o ABSOLUTE
    _printf_g                                0x00000000   Number         0  stubs.o ABSOLUTE
    _printf_i                                0x00000000   Number         0  stubs.o ABSOLUTE
    _printf_int_dec                          0x00000000   Number         0  stubs.o ABSOLUTE
    _printf_l                                0x00000000   Number         0  stubs.o ABSOLUTE
    _printf_lc                               0x00000000   Number         0  stubs.o ABSOLUTE
    _printf_ll                               0x00000000   Number         0  stubs.o ABSOLUTE
    _printf_lld                              0x00000000   Number         0  stubs.o ABSOLUTE
    _printf_lli                              0x00000000   Number         0  stubs.o ABSOLUTE
    _printf_llo                              0x00000000   Number         0  stubs.o ABSOLUTE
    _printf_llu                              0x00000000   Number         0  stubs.o ABSOLUTE
    _printf_llx                              0x00000000   Number         0  stubs.o ABSOLUTE
    _printf_longlong_dec                     0x00000000   Number         0  stubs.o ABSOLUTE
    _printf_longlong_hex                     0x00000000   Number         0  stubs.o ABSOLUTE
    _printf_longlong_oct                     0x00000000   Number         0  stubs.o ABSOLUTE
    _printf_ls                               0x00000000   Number         0  stubs.o ABSOLUTE
    _printf_mbtowc                           0x00000000   Number         0  stubs.o ABSOLUTE
    _printf_n                                0x00000000   Number         0  stubs.o ABSOLUTE
    _printf_o                                0x00000000   Number         0  stubs.o ABSOLUTE
    _printf_p                                0x00000000   Number         0  stubs.o ABSOLUTE
    _printf_percent                          0x00000000   Number         0  stubs.o ABSOLUTE
    _printf_pre_padding                      0x00000000   Number         0  stubs.o ABSOLUTE
    _printf_return_value                     0x00000000   Number         0  stubs.o ABSOLUTE
    _printf_s                                0x00000000   Number         0  stubs.o ABSOLUTE
    _printf_sizespec                         0x00000000   Number         0  stubs.o ABSOLUTE
    _printf_str                              0x00000000   Number         0  stubs.o ABSOLUTE
    _printf_truncate_signed                  0x00000000   Number         0  stubs.o ABSOLUTE
    _printf_truncate_unsigned                0x00000000   Number         0  stubs.o ABSOLUTE
    _printf_u                                0x00000000   Number         0  stubs.o ABSOLUTE
    _printf_wc                               0x00000000   Number         0  stubs.o ABSOLUTE
    _printf_wctomb                           0x00000000   Number         0  stubs.o ABSOLUTE
    _printf_widthprec                        0x00000000   Number         0  stubs.o ABSOLUTE
    _printf_x                                0x00000000   Number         0  stubs.o ABSOLUTE
    .bss.os.evflags.cb$$Base                  - Undefined Weak Reference
    .bss.os.evflags.cb$$Limit                 - Undefined Weak Reference
    .bss.os.mempool.cb$$Base                  - Undefined Weak Reference
    .bss.os.mempool.cb$$Limit                 - Undefined Weak Reference
    .bss.os.mutex.cb$$Base                    - Undefined Weak Reference
    .bss.os.mutex.cb$$Limit                   - Undefined Weak Reference
    .bss.os.semaphore.cb$$Base                - Undefined Weak Reference
    .bss.os.semaphore.cb$$Limit               - Undefined Weak Reference
    .bss.os.timer.cb$$Base                    - Undefined Weak Reference
    .bss.os.timer.cb$$Limit                   - Undefined Weak Reference
    __cpp_initialize__aeabi_                  - Undefined Weak Reference
    __cxa_finalize                            - Undefined Weak Reference
    _clock_init                               - Undefined Weak Reference
    _microlib_exit                            - Undefined Weak Reference
    __main                                   0x000000cd   Thumb Code     0  entry.o(.ARM.Collect$$$$00000000)
    _main_stk                                0x000000cd   Thumb Code     0  entry2.o(.ARM.Collect$$$$00000001)
    _main_scatterload                        0x000000d1   Thumb Code     0  entry5.o(.ARM.Collect$$$$00000004)
    __main_after_scatterload                 0x000000d5   Thumb Code     0  entry5.o(.ARM.Collect$$$$00000004)
    _main_clock                              0x000000d5   Thumb Code     0  entry7b.o(.ARM.Collect$$$$00000008)
    _main_cpp_init                           0x000000d5   Thumb Code     0  entry8b.o(.ARM.Collect$$$$0000000A)
    _main_init                               0x000000d5   Thumb Code     0  entry9a.o(.ARM.Collect$$$$0000000B)
    __rt_final_cpp                           0x000000dd   Thumb Code     0  entry10a.o(.ARM.Collect$$$$0000000D)
    __rt_final_exit                          0x000000dd   Thumb Code     0  entry11a.o(.ARM.Collect$$$$0000000F)
    Reset_Handler                            0x000000e1   Thumb Code     8  startup_lpc17xx.o(.text)
    NMI_Handler                              0x000000e9   Thumb Code     2  startup_lpc17xx.o(.text)
    HardFault_Handler                        0x000000eb   Thumb Code     2  startup_lpc17xx.o(.text)
    MemManage_Handler                        0x000000ed   Thumb Code     2  startup_lpc17xx.o(.text)
    BusFault_Handler                         0x000000ef   Thumb Code     2  startup_lpc17xx.o(.text)
    UsageFault_Handler                       0x000000f1   Thumb Code     2  startup_lpc17xx.o(.text)
    DebugMon_Handler                         0x000000f5   Thumb Code     2  startup_lpc17xx.o(.text)
    ADC_IRQHandler                           0x000000fb   Thumb Code     0  startup_lpc17xx.o(.text)
    BOD_IRQHandler                           0x000000fb   Thumb Code     0  startup_lpc17xx.o(.text)
    CANActivity_IRQHandler                   0x000000fb   Thumb Code     0  startup_lpc17xx.o(.text)
    CAN_IRQHandler                           0x000000fb   Thumb Code     0  startup_lpc17xx.o(.text)
    DMA_IRQHandler                           0x000000fb   Thumb Code     0  startup_lpc17xx.o(.text)
    EINT0_IRQHandler                         0x000000fb   Thumb Code     0  startup_lpc17xx.o(.text)
    EINT1_IRQHandler                         0x000000fb   Thumb Code     0  startup_lpc17xx.o(.text)
    EINT2_IRQHandler                         0x000000fb   Thumb Code     0  startup_lpc17xx.o(.text)
    EINT3_IRQHandler                         0x000000fb   Thumb Code     0  startup_lpc17xx.o(.text)
    ENET_IRQHandler                          0x000000fb   Thumb Code     0  startup_lpc17xx.o(.text)
    I2C0_IRQHandler                          0x000000fb   Thumb Code     0  startup_lpc17xx.o(.text)
    I2C1_IRQHandler                          0x000000fb   Thumb Code     0  startup_lpc17xx.o(.text)
    I2C2_IRQHandler                          0x000000fb   Thumb Code     0  startup_lpc17xx.o(.text)
    I2S_IRQHandler                           0x000000fb   Thumb Code     0  startup_lpc17xx.o(.text)
    MCPWM_IRQHandler                         0x000000fb   Thumb Code     0  startup_lpc17xx.o(.text)
    PLL0_IRQHandler                          0x000000fb   Thumb Code     0  startup_lpc17xx.o(.text)
    PLL1_IRQHandler                          0x000000fb   Thumb Code     0  startup_lpc17xx.o(.text)
    PWM1_IRQHandler                          0x000000fb   Thumb Code     0  startup_lpc17xx.o(.text)
    QEI_IRQHandler                           0x000000fb   Thumb Code     0  startup_lpc17xx.o(.text)
    RIT_IRQHandler                           0x000000fb   Thumb Code     0  startup_lpc17xx.o(.text)
    RTC_IRQHandler                           0x000000fb   Thumb Code     0  startup_lpc17xx.o(.text)
    SPI_IRQHandler                           0x000000fb   Thumb Code     0  startup_lpc17xx.o(.text)
    SSP0_IRQHandler                          0x000000fb   Thumb Code     0  startup_lpc17xx.o(.text)
    SSP1_IRQHandler                          0x000000fb   Thumb Code     0  startup_lpc17xx.o(.text)
    TIMER0_IRQHandler                        0x000000fb   Thumb Code     0  startup_lpc17xx.o(.text)
    TIMER1_IRQHandler                        0x000000fb   Thumb Code     0  startup_lpc17xx.o(.text)
    TIMER2_IRQHandler                        0x000000fb   Thumb Code     0  startup_lpc17xx.o(.text)
    TIMER3_IRQHandler                        0x000000fb   Thumb Code     0  startup_lpc17xx.o(.text)
    UART2_IRQHandler                         0x000000fb   Thumb Code     0  startup_lpc17xx.o(.text)
    UART3_IRQHandler                         0x000000fb   Thumb Code     0  startup_lpc17xx.o(.text)
    USBActivity_IRQHandler                   0x000000fb   Thumb Code     0  startup_lpc17xx.o(.text)
    USB_IRQHandler                           0x000000fb   Thumb Code     0  startup_lpc17xx.o(.text)
    WDT_IRQHandler                           0x000000fb   Thumb Code     0  startup_lpc17xx.o(.text)
    SVC_Handler                              0x00000105   Thumb Code   108  irq_cm3.o(.text)
    PendSV_Handler                           0x00000171   Thumb Code    16  irq_cm3.o(.text)
    SysTick_Handler                          0x00000181   Thumb Code    16  irq_cm3.o(.text)
    __aeabi_uldivmod                         0x00000199   Thumb Code    98  uldiv.o(.text)
    __aeabi_memcpy                           0x000001fb   Thumb Code    36  memcpya.o(.text)
    __aeabi_memcpy4                          0x000001fb   Thumb Code     0  memcpya.o(.text)
    __aeabi_memcpy8                          0x000001fb   Thumb Code     0  memcpya.o(.text)
    __aeabi_memset                           0x0000021f   Thumb Code    14  memseta.o(.text)
    __aeabi_memset4                          0x0000021f   Thumb Code     0  memseta.o(.text)
    __aeabi_memset8                          0x0000021f   Thumb Code     0  memseta.o(.text)
    __aeabi_memclr                           0x0000022d   Thumb Code     4  memseta.o(.text)
    __aeabi_memclr4                          0x0000022d   Thumb Code     0  memseta.o(.text)
    __aeabi_memclr8                          0x0000022d   Thumb Code     0  memseta.o(.text)
    _memset$wrapper                          0x00000231   Thumb Code    18  memseta.o(.text)
    __aeabi_fdiv                             0x00000243   Thumb Code   124  fdiv.o(.text)
    __aeabi_ui2f                             0x000002bf   Thumb Code    10  ffltui.o(.text)
    __aeabi_f2d                              0x000002c9   Thumb Code    38  f2d.o(.text)
    __I$use$fp                               0x000002ef   Thumb Code     0  iusefp.o(.text)
    OS_Tick_AcknowledgeIRQ                   0x000002f1   Thumb Code    12  os_systick.o(.text.OS_Tick_AcknowledgeIRQ)
    __aeabi_uidiv                            0x00000301   Thumb Code     0  uidiv.o(.text)
    __aeabi_uidivmod                         0x00000301   Thumb Code    44  uidiv.o(.text)
    __aeabi_llsl                             0x0000032d   Thumb Code    30  llshl.o(.text)
    _ll_shift_l                              0x0000032d   Thumb Code     0  llshl.o(.text)
    __aeabi_llsr                             0x0000034b   Thumb Code    32  llushr.o(.text)
    _ll_ushift_r                             0x0000034b   Thumb Code     0  llushr.o(.text)
    _float_round                             0x0000036b   Thumb Code    18  fepilogue.o(.text)
    _float_epilogue                          0x0000037d   Thumb Code    92  fepilogue.o(.text)
    __aeabi_dadd                             0x000003d9   Thumb Code   322  dadd.o(.text)
    __aeabi_dsub                             0x0000051b   Thumb Code     6  dadd.o(.text)
    __aeabi_drsub                            0x00000521   Thumb Code     6  dadd.o(.text)
    __aeabi_dmul                             0x00000527   Thumb Code   228  dmul.o(.text)
    __aeabi_ddiv                             0x0000060b   Thumb Code   222  ddiv.o(.text)
    __aeabi_d2ulz                            0x000006e9   Thumb Code    48  dfixul.o(.text)
    __aeabi_cdrcmple                         0x00000719   Thumb Code    48  cdrcmple.o(.text)
    __scatterload                            0x00000749   Thumb Code    28  init.o(.text)
    __scatterload_rt2                        0x00000749   Thumb Code     0  init.o(.text)
    __aeabi_lasr                             0x0000076d   Thumb Code    36  llsshr.o(.text)
    _ll_sshift_r                             0x0000076d   Thumb Code     0  llsshr.o(.text)
    _double_round                            0x00000791   Thumb Code    30  depilogue.o(.text)
    _double_epilogue                         0x000007af   Thumb Code   156  depilogue.o(.text)
    __decompress                             0x0000084b   Thumb Code     0  __dczerorl.o(.text)
    __decompress0                            0x0000084b   Thumb Code    58  __dczerorl.o(.text)
    OS_Tick_Enable                           0x00000939   Thumb Code    44  os_systick.o(.text.OS_Tick_Enable)
    OS_Tick_GetIRQn                          0x00000965   Thumb Code     6  os_systick.o(.text.OS_Tick_GetIRQn)
    OS_Tick_Setup                            0x0000096d   Thumb Code    64  os_systick.o(.text.OS_Tick_Setup)
    osDelay                                  0x00000a65   Thumb Code    36  rtx_delay.o(.text.osDelay)
    osKernelInitialize                       0x00000a89   Thumb Code    44  rtx_kernel.o(.text.osKernelInitialize)
    osKernelStart                            0x00000ab5   Thumb Code    36  rtx_kernel.o(.text.osKernelStart)
    osMessageQueueGet                        0x00000ad9   Thumb Code   108  rtx_msgqueue.o(.text.osMessageQueueGet)
    osMessageQueueNew                        0x00000b45   Thumb Code    36  rtx_msgqueue.o(.text.osMessageQueueNew)
    osMessageQueuePut                        0x00000b69   Thumb Code   120  rtx_msgqueue.o(.text.osMessageQueuePut)
    osRtxKernelPreInit                       0x00000be1   Thumb Code     2  rtx_kernel.o(.text.osRtxKernelPreInit)
    osRtxMemoryAlloc                         0x00000be3   Thumb Code   112  rtx_memory.o(.text.osRtxMemoryAlloc)
    osRtxMemoryFree                          0x00000c53   Thumb Code    70  rtx_memory.o(.text.osRtxMemoryFree)
    osRtxMemoryInit                          0x00000c99   Thumb Code    60  rtx_memory.o(.text.osRtxMemoryInit)
    osRtxMemoryPoolAlloc                     0x00000cd5   Thumb Code    58  rtx_mempool.o(.text.osRtxMemoryPoolAlloc)
    osRtxMemoryPoolFree                      0x00000d0f   Thumb Code    74  rtx_mempool.o(.text.osRtxMemoryPoolFree)
    osRtxMemoryPoolInit                      0x00000d59   Thumb Code    54  rtx_mempool.o(.text.osRtxMemoryPoolInit)
    osRtxMutexOwnerRelease                   0x00000e49   Thumb Code    72  rtx_mutex.o(.text.osRtxMutexOwnerRelease)
    osRtxMutexOwnerRestore                   0x00000e91   Thumb Code    66  rtx_mutex.o(.text.osRtxMutexOwnerRestore)
    osRtxPendSV_Handler                      0x00000ed5   Thumb Code   140  rtx_system.o(.text.osRtxPendSV_Handler)
    osRtxPostProcess                         0x00000f61   Thumb Code   116  rtx_system.o(.text.osRtxPostProcess)
    osRtxThreadDelayTick                     0x000010bd   Thumb Code    76  rtx_thread.o(.text.osRtxThreadDelayTick)
    osRtxThreadDispatch                      0x00001109   Thumb Code    88  rtx_thread.o(.text.osRtxThreadDispatch)
    osRtxThreadListGet                       0x000011b9   Thumb Code    18  rtx_thread.o(.text.osRtxThreadListGet)
    osRtxThreadListPut                       0x000011cb   Thumb Code    44  rtx_thread.o(.text.osRtxThreadListPut)
    osRtxThreadListRemove                    0x000011f7   Thumb Code    20  rtx_thread.o(.text.osRtxThreadListRemove)
    osRtxThreadListSort                      0x00001217   Thumb Code    38  rtx_thread.o(.text.osRtxThreadListSort)
    osRtxThreadReadyPut                      0x00001265   Thumb Code    20  rtx_thread.o(.text.osRtxThreadReadyPut)
    osRtxThreadRegPtr                        0x00001279   Thumb Code     6  rtx_thread.o(.text.osRtxThreadRegPtr)
    osRtxThreadStackCheck                    0x00001281   Thumb Code    40  rtx_thread.o(.text.osRtxThreadStackCheck)
    osRtxThreadStartup                       0x000012a9   Thumb Code    64  rtx_thread.o(.text.osRtxThreadStartup)
    osRtxThreadSwitch                        0x000012e9   Thumb Code    16  rtx_thread.o(.text.osRtxThreadSwitch)
    osRtxThreadWaitEnter                     0x000012f9   Thumb Code    56  rtx_thread.o(.text.osRtxThreadWaitEnter)
    osRtxThreadWaitExit                      0x00001331   Thumb Code    36  rtx_thread.o(.text.osRtxThreadWaitExit)
    osRtxTick_Handler                        0x00001355   Thumb Code   112  rtx_system.o(.text.osRtxTick_Handler)
    osRtxTimerThread                         0x000013c5   Thumb Code    60  rtx_timer.o(.text.osRtxTimerThread)
    osThreadExit                             0x00001455   Thumb Code    12  rtx_thread.o(.text.osThreadExit)
    osThreadNew                              0x00001461   Thumb Code    36  rtx_thread.o(.text.osThreadNew)
    osThreadYield                            0x00001485   Thumb Code    36  rtx_thread.o(.text.osThreadYield)
    ADCInit                                  0x00001bd5   Thumb Code    84  main.o(i.ADCInit)
    Free                                     0x00001c35   Thumb Code     6  uart.o(i.Free)
    FreeRcv                                  0x00001c3d   Thumb Code    28  uart.o(i.FreeRcv)
    FreeSnd                                  0x00001c61   Thumb Code    28  uart.o(i.FreeSnd)
    LEDInit                                  0x00001c85   Thumb Code    24  main.o(i.LEDInit)
    LEDOff                                   0x00001ca1   Thumb Code   174  main.o(i.LEDOff)
    LEDOn                                    0x00001d55   Thumb Code   134  main.o(i.LEDOn)
    SystemCoreClockUpdate                    0x00001de1   Thumb Code   408  system_lpc17xx.o(i.SystemCoreClockUpdate)
    SystemInit                               0x00001f89   Thumb Code   302  system_lpc17xx.o(i.SystemInit)
    UART0_IRQHandler                         0x000020c9   Thumb Code    88  uart.o(i.UART0_IRQHandler)
    UART1_IRQHandler                         0x00002131   Thumb Code    90  uart.o(i.UART1_IRQHandler)
    UARTInit                                 0x000021a1   Thumb Code   176  uart.o(i.UARTInit)
    UARTSendChar                             0x0000225d   Thumb Code    26  uart.o(i.UARTSendChar)
    __0printf                                0x00002281   Thumb Code    22  printfa.o(i.__0printf)
    __1printf                                0x00002281   Thumb Code     0  printfa.o(i.__0printf)
    __2printf                                0x00002281   Thumb Code     0  printfa.o(i.__0printf)
    __c89printf                              0x00002281   Thumb Code     0  printfa.o(i.__0printf)
    printf                                   0x00002281   Thumb Code     0  printfa.o(i.__0printf)
    __scatterload_copy                       0x000022c3   Thumb Code    14  handlers.o(i.__scatterload_copy)
    __scatterload_null                       0x000022d1   Thumb Code     2  handlers.o(i.__scatterload_null)
    __scatterload_zeroinit                   0x000022d3   Thumb Code    14  handlers.o(i.__scatterload_zeroinit)
    app_main                                 0x00002b95   Thumb Code    46  main.o(i.app_main)
    fputc                                    0x00002be1   Thumb Code    14  retarget.o(i.fputc)
    getFrequency                             0x00002bf1   Thumb Code    62  uart.o(i.getFrequency)
    main                                     0x00002c39   Thumb Code    38  main.o(i.main)
    osRtxErrorNotify                         0x00002c65   Thumb Code    32  rtx_config.o(i.osRtxErrorNotify)
    osRtxIdleThread                          0x00002c85   Thumb Code     4  rtx_config.o(i.osRtxIdleThread)
    sendchar                                 0x00002c89   Thumb Code    64  retarget.o(i.sendchar)
    t1                                       0x00002ccd   Thumb Code   172  main.o(i.t1)
    t2                                       0x00002d7d   Thumb Code    84  main.o(i.t2)
    t3                                       0x00002de1   Thumb Code    60  main.o(i.t3)
    osRtxUserSVC                             0x00002e80   Data           4  rtx_lib.o(.constdata)
    osRtxConfig                              0x00002e84   Data         104  rtx_lib.o(.rodata)
    os_cb_sections                           0x00002eec   Data          56  rtx_lib.o(.rodata)
    Region$$Table$$Base                      0x00002f30   Number         0  anon$$obj.o(Region$$Table)
    Region$$Table$$Limit                     0x00002f60   Number         0  anon$$obj.o(Region$$Table)
    .bss.os.msgqueue.cb$$Base                0x2007c000   Number         0  rtx_lib.o(.bss.os.msgqueue.cb)
    .bss.os.msgqueue.cb$$Limit               0x2007c034   Number         0  rtx_lib.o(.bss.os.msgqueue.cb)
    .bss.os.thread.cb$$Base                  0x2007c084   Number         0  rtx_lib.o(.bss.os.thread.cb)
    .bss.os.thread.cb$$Limit                 0x2007c10c   Number         0  rtx_lib.o(.bss.os.thread.cb)
    uart_init_called                         0x2007c410   Data           1  retarget.o(.data)
    __stdout                                 0x2007c414   Data           4  retarget.o(.data)
    __stdin                                  0x2007c418   Data           4  retarget.o(.data)
    ITM_RxBuffer                             0x2007c41c   Data           4  uart.o(.data)
    UART0Status                              0x2007c420   Data           4  uart.o(.data)
    UART1Status                              0x2007c424   Data           4  uart.o(.data)
    UART0TxEmpty                             0x2007c428   Data           1  uart.o(.data)
    UART1TxEmpty                             0x2007c429   Data           1  uart.o(.data)
    UART0Count                               0x2007c42c   Data           4  uart.o(.data)
    UART1Count                               0x2007c430   Data           4  uart.o(.data)
    RcvLock0                                 0x2007c434   Data           1  uart.o(.data)
    SndLock0                                 0x2007c435   Data           1  uart.o(.data)
    RcvLock1                                 0x2007c436   Data           1  uart.o(.data)
    SndLock1                                 0x2007c437   Data           1  uart.o(.data)
    i                                        0x2007c438   Data           4  uart.o(.data)
    SystemCoreClock                          0x2007c43c   Data           4  system_lpc17xx.o(.data)
    osRtxInfo                                0x2007c440   Data         164  rtx_kernel.o(.data.os)
    UART0Buffer                              0x2007c4e4   Data          64  uart.o(.bss)
    UART1Buffer                              0x2007c524   Data          64  uart.o(.bss)
    __initial_sp                             0x2007cd68   Data           0  startup_lpc17xx.o(STACK)



==============================================================================

Memory Map of the image

  Image Entry point : 0x000000cd

  Load Region LR_IROM1 (Base: 0x00000000, Size: 0x00004484, Max: 0x00080000, ABSOLUTE, COMPRESSED[0x00002fa4])

    Execution Region ER_IROM1 (Exec base: 0x00000000, Load base: 0x00000000, Size: 0x00002f60, Max: 0x00080000, ABSOLUTE)

    Exec Addr    Load Addr    Size         Type   Attr      Idx    E Section Name        Object

    0x00000000   0x00000000   0x000000cc   Data   RO          377    RESET               startup_lpc17xx.o
    0x000000cc   0x000000cc   0x00000000   Code   RO          889  * .ARM.Collect$$$$00000000  mc_w.l(entry.o)
    0x000000cc   0x000000cc   0x00000004   Code   RO         1167    .ARM.Collect$$$$00000001  mc_w.l(entry2.o)
    0x000000d0   0x000000d0   0x00000004   Code   RO         1170    .ARM.Collect$$$$00000004  mc_w.l(entry5.o)
    0x000000d4   0x000000d4   0x00000000   Code   RO         1172    .ARM.Collect$$$$00000008  mc_w.l(entry7b.o)
    0x000000d4   0x000000d4   0x00000000   Code   RO         1174    .ARM.Collect$$$$0000000A  mc_w.l(entry8b.o)
    0x000000d4   0x000000d4   0x00000008   Code   RO         1175    .ARM.Collect$$$$0000000B  mc_w.l(entry9a.o)
    0x000000dc   0x000000dc   0x00000000   Code   RO         1177    .ARM.Collect$$$$0000000D  mc_w.l(entry10a.o)
    0x000000dc   0x000000dc   0x00000000   Code   RO         1179    .ARM.Collect$$$$0000000F  mc_w.l(entry11a.o)
    0x000000dc   0x000000dc   0x00000004   Code   RO         1168    .ARM.Collect$$$$00002712  mc_w.l(entry2.o)
    0x000000e0   0x000000e0   0x00000024   Code   RO          379    .text               startup_lpc17xx.o
    0x00000104   0x00000104   0x00000094   Code   RO          639    .text               RTX_CM3.lib(irq_cm3.o)
    0x00000198   0x00000198   0x00000062   Code   RO          892    .text               mc_w.l(uldiv.o)
    0x000001fa   0x000001fa   0x00000024   Code   RO          894    .text               mc_w.l(memcpya.o)
    0x0000021e   0x0000021e   0x00000024   Code   RO          896    .text               mc_w.l(memseta.o)
    0x00000242   0x00000242   0x0000007c   Code   RO         1161    .text               mf_w.l(fdiv.o)
    0x000002be   0x000002be   0x0000000a   Code   RO         1163    .text               mf_w.l(ffltui.o)
    0x000002c8   0x000002c8   0x00000026   Code   RO         1165    .text               mf_w.l(f2d.o)
    0x000002ee   0x000002ee   0x00000000   Code   RO         1187    .text               mc_w.l(iusefp.o)
    0x000002ee   0x000002ee   0x00000002   PAD
    0x000002f0   0x000002f0   0x0000000c   Code   RO          811    .text.OS_Tick_AcknowledgeIRQ  RTX_CM3.lib(os_systick.o)
    0x000002fc   0x000002fc   0x00000004   Code   RO          378    .ARM.__at_0x02FC    startup_lpc17xx.o
    0x00000300   0x00000300   0x0000002c   Code   RO         1181    .text               mc_w.l(uidiv.o)
    0x0000032c   0x0000032c   0x0000001e   Code   RO         1183    .text               mc_w.l(llshl.o)
    0x0000034a   0x0000034a   0x00000020   Code   RO         1185    .text               mc_w.l(llushr.o)
    0x0000036a   0x0000036a   0x0000006e   Code   RO         1188    .text               mf_w.l(fepilogue.o)
    0x000003d8   0x000003d8   0x0000014e   Code   RO         1190    .text               mf_w.l(dadd.o)
    0x00000526   0x00000526   0x000000e4   Code   RO         1192    .text               mf_w.l(dmul.o)
    0x0000060a   0x0000060a   0x000000de   Code   RO         1194    .text               mf_w.l(ddiv.o)
    0x000006e8   0x000006e8   0x00000030   Code   RO         1196    .text               mf_w.l(dfixul.o)
    0x00000718   0x00000718   0x00000030   Code   RO         1198    .text               mf_w.l(cdrcmple.o)
    0x00000748   0x00000748   0x00000024   Code   RO         1200    .text               mc_w.l(init.o)
    0x0000076c   0x0000076c   0x00000024   Code   RO         1202    .text               mc_w.l(llsshr.o)
    0x00000790   0x00000790   0x000000ba   Code   RO         1204    .text               mf_w.l(depilogue.o)
    0x0000084a   0x0000084a   0x0000003a   Code   RO         1214    .text               mc_w.l(__dczerorl.o)
    0x00000884   0x00000884   0x00000040   Code   RO          873    .text.MessageQueueGet  RTX_CM3.lib(rtx_msgqueue.o)
    0x000008c4   0x000008c4   0x00000058   Code   RO          867    .text.MessageQueuePut  RTX_CM3.lib(rtx_msgqueue.o)
    0x0000091c   0x0000091c   0x0000001c   Code   RO          865    .text.MessageQueueRemove  RTX_CM3.lib(rtx_msgqueue.o)
    0x00000938   0x00000938   0x0000002c   Code   RO          807    .text.OS_Tick_Enable  RTX_CM3.lib(os_systick.o)
    0x00000964   0x00000964   0x00000006   Code   RO          813    .text.OS_Tick_GetIRQn  RTX_CM3.lib(os_systick.o)
    0x0000096a   0x0000096a   0x00000002   PAD
    0x0000096c   0x0000096c   0x00000040   Code   RO          805    .text.OS_Tick_Setup  RTX_CM3.lib(os_systick.o)
    0x000009ac   0x000009ac   0x0000006e   Code   RO          569    .text.ThreadFlagsCheck  RTX_CM3.lib(rtx_thread.o)
    0x00000a1a   0x00000a1a   0x00000002   PAD
    0x00000a1c   0x00000a1c   0x00000048   Code   RO          660    .text.TimerInsert   RTX_CM3.lib(rtx_timer.o)
    0x00000a64   0x00000a64   0x00000024   Code   RO          622    .text.osDelay       RTX_CM3.lib(rtx_delay.o)
    0x00000a88   0x00000a88   0x0000002c   Code   RO          424    .text.osKernelInitialize  RTX_CM3.lib(rtx_kernel.o)
    0x00000ab4   0x00000ab4   0x00000024   Code   RO          434    .text.osKernelStart  RTX_CM3.lib(rtx_kernel.o)
    0x00000ad8   0x00000ad8   0x0000006c   Code   RO          839    .text.osMessageQueueGet  RTX_CM3.lib(rtx_msgqueue.o)
    0x00000b44   0x00000b44   0x00000024   Code   RO          833    .text.osMessageQueueNew  RTX_CM3.lib(rtx_msgqueue.o)
    0x00000b68   0x00000b68   0x00000078   Code   RO          837    .text.osMessageQueuePut  RTX_CM3.lib(rtx_msgqueue.o)
    0x00000be0   0x00000be0   0x00000002   Code   RO          422    .text.osRtxKernelPreInit  RTX_CM3.lib(rtx_kernel.o)
    0x00000be2   0x00000be2   0x00000070   Code   RO          724    .text.osRtxMemoryAlloc  RTX_CM3.lib(rtx_memory.o)
    0x00000c52   0x00000c52   0x00000046   Code   RO          726    .text.osRtxMemoryFree  RTX_CM3.lib(rtx_memory.o)
    0x00000c98   0x00000c98   0x0000003c   Code   RO          722    .text.osRtxMemoryInit  RTX_CM3.lib(rtx_memory.o)
    0x00000cd4   0x00000cd4   0x0000003a   Code   RO          739    .text.osRtxMemoryPoolAlloc  RTX_CM3.lib(rtx_mempool.o)
    0x00000d0e   0x00000d0e   0x0000004a   Code   RO          741    .text.osRtxMemoryPoolFree  RTX_CM3.lib(rtx_mempool.o)
    0x00000d58   0x00000d58   0x00000036   Code   RO          737    .text.osRtxMemoryPoolInit  RTX_CM3.lib(rtx_mempool.o)
    0x00000d8e   0x00000d8e   0x000000ba   Code   RO          863    .text.osRtxMessageQueuePostProcess  RTX_CM3.lib(rtx_msgqueue.o)
    0x00000e48   0x00000e48   0x00000048   Code   RO          685    .text.osRtxMutexOwnerRelease  RTX_CM3.lib(rtx_mutex.o)
    0x00000e90   0x00000e90   0x00000042   Code   RO          687    .text.osRtxMutexOwnerRestore  RTX_CM3.lib(rtx_mutex.o)
    0x00000ed2   0x00000ed2   0x00000002   PAD
    0x00000ed4   0x00000ed4   0x0000008c   Code   RO          792    .text.osRtxPendSV_Handler  RTX_CM3.lib(rtx_system.o)
    0x00000f60   0x00000f60   0x00000074   Code   RO          794    .text.osRtxPostProcess  RTX_CM3.lib(rtx_system.o)
    0x00000fd4   0x00000fd4   0x00000038   Code   RO          509    .text.osRtxThreadBlock  RTX_CM3.lib(rtx_thread.o)
    0x0000100c   0x0000100c   0x00000074   Code   RO          517    .text.osRtxThreadDelayInsert  RTX_CM3.lib(rtx_thread.o)
    0x00001080   0x00001080   0x0000003c   Code   RO          513    .text.osRtxThreadDelayRemove  RTX_CM3.lib(rtx_thread.o)
    0x000010bc   0x000010bc   0x0000004c   Code   RO          497    .text.osRtxThreadDelayTick  RTX_CM3.lib(rtx_thread.o)
    0x00001108   0x00001108   0x00000058   Code   RO          507    .text.osRtxThreadDispatch  RTX_CM3.lib(rtx_thread.o)
    0x00001160   0x00001160   0x00000058   Code   RO          593    .text.osRtxThreadFree  RTX_CM3.lib(rtx_thread.o)
    0x000011b8   0x000011b8   0x00000012   Code   RO          489    .text.osRtxThreadListGet  RTX_CM3.lib(rtx_thread.o)
    0x000011ca   0x000011ca   0x0000002c   Code   RO          487    .text.osRtxThreadListPut  RTX_CM3.lib(rtx_thread.o)
    0x000011f6   0x000011f6   0x00000014   Code   RO          493    .text.osRtxThreadListRemove  RTX_CM3.lib(rtx_thread.o)
    0x0000120a   0x0000120a   0x0000000c   Code   RO          499    .text.osRtxThreadListRoot  RTX_CM3.lib(rtx_thread.o)
    0x00001216   0x00001216   0x00000026   Code   RO          491    .text.osRtxThreadListSort  RTX_CM3.lib(rtx_thread.o)
    0x0000123c   0x0000123c   0x00000028   Code   RO          567    .text.osRtxThreadPostProcess  RTX_CM3.lib(rtx_thread.o)
    0x00001264   0x00001264   0x00000014   Code   RO          495    .text.osRtxThreadReadyPut  RTX_CM3.lib(rtx_thread.o)
    0x00001278   0x00001278   0x00000006   Code   RO          501    .text.osRtxThreadRegPtr  RTX_CM3.lib(rtx_thread.o)
    0x0000127e   0x0000127e   0x00000002   PAD
    0x00001280   0x00001280   0x00000028   Code   RO          505    .text.osRtxThreadStackCheck  RTX_CM3.lib(rtx_thread.o)
    0x000012a8   0x000012a8   0x00000040   Code   RO          519    .text.osRtxThreadStartup  RTX_CM3.lib(rtx_thread.o)
    0x000012e8   0x000012e8   0x00000010   Code   RO          503    .text.osRtxThreadSwitch  RTX_CM3.lib(rtx_thread.o)
    0x000012f8   0x000012f8   0x00000038   Code   RO          515    .text.osRtxThreadWaitEnter  RTX_CM3.lib(rtx_thread.o)
    0x00001330   0x00001330   0x00000024   Code   RO          511    .text.osRtxThreadWaitExit  RTX_CM3.lib(rtx_thread.o)
    0x00001354   0x00001354   0x00000070   Code   RO          790    .text.osRtxTick_Handler  RTX_CM3.lib(rtx_system.o)
    0x000013c4   0x000013c4   0x0000003c   Code   RO          644    .text.osRtxTimerThread  RTX_CM3.lib(rtx_timer.o)
    0x00001400   0x00001400   0x00000054   Code   RO          646    .text.osRtxTimerTick  RTX_CM3.lib(rtx_timer.o)
    0x00001454   0x00001454   0x0000000c   Code   RO          551    .text.osThreadExit  RTX_CM3.lib(rtx_thread.o)
    0x00001460   0x00001460   0x00000024   Code   RO          523    .text.osThreadNew   RTX_CM3.lib(rtx_thread.o)
    0x00001484   0x00001484   0x00000024   Code   RO          541    .text.osThreadYield  RTX_CM3.lib(rtx_thread.o)
    0x000014a8   0x000014a8   0x00000014   Code   RO          626    .text.svcRtxDelay   RTX_CM3.lib(rtx_delay.o)
    0x000014bc   0x000014bc   0x00000150   Code   RO          462    .text.svcRtxKernelInitialize  RTX_CM3.lib(rtx_kernel.o)
    0x0000160c   0x0000160c   0x00000088   Code   RO          464    .text.svcRtxKernelStart  RTX_CM3.lib(rtx_kernel.o)
    0x00001694   0x00001694   0x000000e0   Code   RO          875    .text.svcRtxMessageQueueGet  RTX_CM3.lib(rtx_msgqueue.o)
    0x00001774   0x00001774   0x00000130   Code   RO          861    .text.svcRtxMessageQueueNew  RTX_CM3.lib(rtx_msgqueue.o)
    0x000018a4   0x000018a4   0x000000c0   Code   RO          871    .text.svcRtxMessageQueuePut  RTX_CM3.lib(rtx_msgqueue.o)
    0x00001964   0x00001964   0x00000068   Code   RO          597    .text.svcRtxThreadExit  RTX_CM3.lib(rtx_thread.o)
    0x000019cc   0x000019cc   0x000001d0   Code   RO          521    .text.svcRtxThreadNew  RTX_CM3.lib(rtx_thread.o)
    0x00001b9c   0x00001b9c   0x00000038   Code   RO          583    .text.svcRtxThreadYield  RTX_CM3.lib(rtx_thread.o)
    0x00001bd4   0x00001bd4   0x00000060   Code   RO          207    i.ADCInit           main.o
    0x00001c34   0x00001c34   0x00000006   Code   RO           73    i.Free              uart.o
    0x00001c3a   0x00001c3a   0x00000002   PAD
    0x00001c3c   0x00001c3c   0x00000024   Code   RO           74    i.FreeRcv           uart.o
    0x00001c60   0x00001c60   0x00000024   Code   RO           75    i.FreeSnd           uart.o
    0x00001c84   0x00001c84   0x0000001c   Code   RO          208    i.LEDInit           main.o
    0x00001ca0   0x00001ca0   0x000000b4   Code   RO          209    i.LEDOff            main.o
    0x00001d54   0x00001d54   0x0000008c   Code   RO          210    i.LEDOn             main.o
    0x00001de0   0x00001de0   0x000001a8   Code   RO          388    i.SystemCoreClockUpdate  system_lpc17xx.o
    0x00001f88   0x00001f88   0x00000140   Code   RO          389    i.SystemInit        system_lpc17xx.o
    0x000020c8   0x000020c8   0x00000068   Code   RO           79    i.UART0_IRQHandler  uart.o
    0x00002130   0x00002130   0x00000070   Code   RO           80    i.UART1_IRQHandler  uart.o
    0x000021a0   0x000021a0   0x000000bc   Code   RO           81    i.UARTInit          uart.o
    0x0000225c   0x0000225c   0x00000024   Code   RO           85    i.UARTSendChar      uart.o
    0x00002280   0x00002280   0x00000020   Code   RO         1133    i.__0printf         mc_w.l(printfa.o)
    0x000022a0   0x000022a0   0x00000022   Code   RO           86    i.__NVIC_EnableIRQ  uart.o
    0x000022c2   0x000022c2   0x0000000e   Code   RO         1208    i.__scatterload_copy  mc_w.l(handlers.o)
    0x000022d0   0x000022d0   0x00000002   Code   RO         1209    i.__scatterload_null  mc_w.l(handlers.o)
    0x000022d2   0x000022d2   0x0000000e   Code   RO         1210    i.__scatterload_zeroinit  mc_w.l(handlers.o)
    0x000022e0   0x000022e0   0x00000184   Code   RO         1140    i._fp_digits        mc_w.l(printfa.o)
    0x00002464   0x00002464   0x000006dc   Code   RO         1141    i._printf_core      mc_w.l(printfa.o)
    0x00002b40   0x00002b40   0x00000024   Code   RO         1142    i._printf_post_padding  mc_w.l(printfa.o)
    0x00002b64   0x00002b64   0x0000002e   Code   RO         1143    i._printf_pre_padding  mc_w.l(printfa.o)
    0x00002b92   0x00002b92   0x00000002   PAD
    0x00002b94   0x00002b94   0x0000004c   Code   RO          211    i.app_main          main.o
    0x00002be0   0x00002be0   0x0000000e   Code   RO            5    i.fputc             retarget.o
    0x00002bee   0x00002bee   0x00000002   PAD
    0x00002bf0   0x00002bf0   0x00000048   Code   RO           87    i.getFrequency      uart.o
    0x00002c38   0x00002c38   0x0000002c   Code   RO          212    i.main              main.o
    0x00002c64   0x00002c64   0x00000020   Code   RO          344    i.osRtxErrorNotify  rtx_config.o
    0x00002c84   0x00002c84   0x00000004   Code   RO          345    i.osRtxIdleThread   rtx_config.o
    0x00002c88   0x00002c88   0x00000044   Code   RO            7    i.sendchar          retarget.o
    0x00002ccc   0x00002ccc   0x000000b0   Code   RO          213    i.t1                main.o
    0x00002d7c   0x00002d7c   0x00000064   Code   RO          214    i.t2                main.o
    0x00002de0   0x00002de0   0x00000040   Code   RO          215    i.t3                main.o
    0x00002e20   0x00002e20   0x00000064   Data   RO          304    .constdata          rtx_lib.o
    0x00002e84   0x00002e84   0x000000a0   Data   RO          306    .rodata             rtx_lib.o
    0x00002f24   0x00002f24   0x0000000b   Data   RO          476    .rodata.str1.4      RTX_CM3.lib(rtx_kernel.o)
    0x00002f2f   0x00002f2f   0x00000001   PAD
    0x00002f30   0x00002f30   0x00000030   Data   RO         1206    Region$$Table       anon$$obj.o


    Execution Region RW_IRAM1 (Exec base: 0x10000000, Load base: 0x00002f60, Size: 0x00001040, Max: 0x00008000, ABSOLUTE, COMPRESSED[0x00000024])

    Exec Addr    Load Addr    Size         Type   Attr      Idx    E Section Name        Object

    0x10000000   COMPRESSED   0x00001040   Data   RW          299    .bss.os             rtx_lib.o


    Execution Region RW_IRAM2 (Exec base: 0x2007c000, Load base: 0x00002f84, Size: 0x00000d68, Max: 0x00008000, ABSOLUTE, COMPRESSED[0x00000020])

    Exec Addr    Load Addr    Size         Type   Attr      Idx    E Section Name        Object

    0x2007c000   COMPRESSED   0x00000034   Data   RW          300    .bss.os.msgqueue.cb  rtx_lib.o
    0x2007c034   COMPRESSED   0x00000050   Data   RW          301    .bss.os.msgqueue.mem  rtx_lib.o
    0x2007c084   COMPRESSED   0x00000088   Data   RW          302    .bss.os.thread.cb   rtx_lib.o
    0x2007c10c   COMPRESSED   0x00000004   PAD
    0x2007c110   COMPRESSED   0x00000300   Data   RW          303    .bss.os.thread.stack  rtx_lib.o
    0x2007c410   COMPRESSED   0x0000000c   Data   RW            8    .data               retarget.o
    0x2007c41c   COMPRESSED   0x00000020   Data   RW           89    .data               uart.o
    0x2007c43c   COMPRESSED   0x00000004   Data   RW          390    .data               system_lpc17xx.o
    0x2007c440   COMPRESSED   0x000000a4   Data   RW          477    .data.os            RTX_CM3.lib(rtx_kernel.o)
    0x2007c4e4        -       0x00000080   Zero   RW           88    .bss                uart.o
    0x2007c564        -       0x00000001   Zero   RW          823    .bss.PendST         RTX_CM3.lib(os_systick.o)
    0x2007c565   COMPRESSED   0x00000003   PAD
    0x2007c568        -       0x00000800   Zero   RW          375    STACK               startup_lpc17xx.o


==============================================================================

Image component sizes


      Code (inc. data)   RO Data    RW Data    ZI Data      Debug   Object Name

       904        110          0          0          0       4038   main.o
        82          4          0         12          0       7438   retarget.o
        36          6          0          0          0        973   rtx_config.o
         0          0        260       5196          0      12590   rtx_lib.o
        40         12        204          0       2048       1008   startup_lpc17xx.o
       744         34          0          4          0       1379   system_lpc17xx.o
       624         86          0         32        128      22719   uart.o

    ----------------------------------------------------------------------
      2434        252        512       5248       2176      50145   Object Totals
         0          0         48          0          0          0   (incl. Generated)
         4          0          0          4          0          0   (incl. Padding)

    ----------------------------------------------------------------------

      Code (inc. data)   RO Data    RW Data    ZI Data      Debug   Library Member Name

       148         10          0          0          0        488   irq_cm3.o
       126         32          0          0          1       3105   os_systick.o
        56          4          0          0          0       2854   rtx_delay.o
       554         36         11        164          0      17231   rtx_kernel.o
       242          0          0          0          0       2478   rtx_memory.o
       186          0          0          0          0      16576   rtx_mempool.o
      1350         28          0          0          0      18694   rtx_msgqueue.o
       138          0          0          0          0      10004   rtx_mutex.o
       368         26          0          0          0       5437   rtx_system.o
      1712        100          0          0          0      32739   rtx_thread.o
       216         20          0          0          0      10445   rtx_timer.o
        58          0          0          0          0          0   __dczerorl.o
         0          0          0          0          0          0   entry.o
         0          0          0          0          0          0   entry10a.o
         0          0          0          0          0          0   entry11a.o
         8          4          0          0          0          0   entry2.o
         4          0          0          0          0          0   entry5.o
         0          0          0          0          0          0   entry7b.o
         0          0          0          0          0          0   entry8b.o
         8          4          0          0          0          0   entry9a.o
        30          0          0          0          0          0   handlers.o
        36          8          0          0          0         68   init.o
         0          0          0          0          0          0   iusefp.o
        30          0          0          0          0         68   llshl.o
        36          0          0          0          0         68   llsshr.o
        32          0          0          0          0         68   llushr.o
        36          0          0          0          0         68   memcpya.o
        36          0          0          0          0        108   memseta.o
      2258         90          0          0          0        452   printfa.o
        44          0          0          0          0         80   uidiv.o
        98          0          0          0          0         92   uldiv.o
        48          0          0          0          0         68   cdrcmple.o
       334          0          0          0          0        148   dadd.o
       222          0          0          0          0        100   ddiv.o
       186          0          0          0          0        176   depilogue.o
        48          0          0          0          0         68   dfixul.o
       228          0          0          0          0         96   dmul.o
        38          0          0          0          0         68   f2d.o
       124          0          0          0          0         88   fdiv.o
       110          0          0          0          0        168   fepilogue.o
        10          0          0          0          0         68   ffltui.o

    ----------------------------------------------------------------------
      9170        362         12        164          4     122171   Library Totals
        12          0          1          0          3          0   (incl. Padding)

    ----------------------------------------------------------------------

      Code (inc. data)   RO Data    RW Data    ZI Data      Debug   Library Name

      5096        256         11        164          1     120051   RTX_CM3.lib
      2714        106          0          0          0       1072   mc_w.l
      1348          0          0          0          0       1048   mf_w.l

    ----------------------------------------------------------------------
      9170        362         12        164          4     122171   Library Totals

    ----------------------------------------------------------------------

==============================================================================


      Code (inc. data)   RO Data    RW Data    ZI Data      Debug   

     11604        614        524       5412       2180     170168   Grand Totals
     11604        614        524         68       2180     170168   ELF Image Totals (compressed)
     11604        614        524         68          0          0   ROM Totals

==============================================================================

    Total RO  Size (Code + RO Data)                12128 (  11.84kB)
    Total RW  Size (RW Data + ZI Data)              7592 (   7.41kB)
    Total ROM Size (Code + RO Data + RW Data)      12196 (  11.91kB)

==============================================================================

