Component: ARM Compiler 5.06 update 6 (build 750) Tool: armlink [4d35ed]

==============================================================================

Section Cross References

    lfsr113.o(i.lfsr113) refers to lfsr113.o(.data) for z1
    random.o(i.next_event) refers to lfsr113.o(i.lfsr113) for lfsr113
    random.o(i.next_event) refers to random.o(.data) for ln_table
    retarget.o(i._ttywrch) refers to retarget.o(i.sendchar) for sendchar
    retarget.o(i.fgetc) refers to retarget.o(i.getkey) for getkey
    retarget.o(i.fgetc) refers to retarget.o(i.sendchar) for sendchar
    retarget.o(i.fputc) refers to retarget.o(i.sendchar) for sendchar
    retarget.o(i.getkey) refers to uart.o(i.UARTInit) for UARTInit
    retarget.o(i.getkey) refers to uart.o(i.UARTReceiveChar) for UARTReceiveChar
    retarget.o(i.getkey) refers to retarget.o(.data) for uart_init_called
    retarget.o(i.sendchar) refers to uart.o(i.UARTInit) for UARTInit
    retarget.o(i.sendchar) refers to uart.o(i.UARTSendChar) for UARTSendChar
    retarget.o(i.sendchar) refers to retarget.o(.data) for uart_init_called
    uart.o(i.FreeRcv) refers to uart.o(i.Free) for Free
    uart.o(i.FreeRcv) refers to uart.o(.data) for RcvLock0
    uart.o(i.FreeSnd) refers to uart.o(i.Free) for Free
    uart.o(i.FreeSnd) refers to uart.o(.data) for SndLock0
    uart.o(i.LockRcv) refers to uart.o(i.Lock) for Lock
    uart.o(i.LockRcv) refers to uart.o(.data) for RcvLock0
    uart.o(i.LockSnd) refers to uart.o(i.Lock) for Lock
    uart.o(i.LockSnd) refers to uart.o(.data) for SndLock0
    uart.o(i.UART0_IRQHandler) refers to uart.o(.bss) for UART0Buffer
    uart.o(i.UART0_IRQHandler) refers to uart.o(.data) for UART0Count
    uart.o(i.UART1_IRQHandler) refers to uart.o(.bss) for UART1Buffer
    uart.o(i.UART1_IRQHandler) refers to uart.o(.data) for UART1Count
    uart.o(i.UARTInit) refers to uart.o(i.getFrequency) for getFrequency
    uart.o(i.UARTInit) refers to uart.o(i.__NVIC_EnableIRQ) for __NVIC_EnableIRQ
    uart.o(i.UARTInit) refers to uart.o(i.FreeRcv) for FreeRcv
    uart.o(i.UARTInit) refers to uart.o(i.FreeSnd) for FreeSnd
    uart.o(i.UARTRecieve) refers to uart.o(i.LockRcv) for LockRcv
    uart.o(i.UARTRecieve) refers to uart.o(i.FreeRcv) for FreeRcv
    uart.o(i.UARTRecieve) refers to uart.o(.data) for UART0Count
    uart.o(i.UARTRecieve) refers to uart.o(.bss) for UART0Buffer
    uart.o(i.UARTSend) refers to uart.o(i.LockSnd) for LockSnd
    uart.o(i.UARTSend) refers to uart.o(i.FreeSnd) for FreeSnd
    uart.o(i.UARTSend) refers to uart.o(.data) for UART0TxEmpty
    uart.o(i.getFrequency) refers to system_lpc17xx.o(.data) for SystemCoreClock
    main.o(i.client) refers to rtx_kernel.o(.text.osKernelGetTickCount) for osKernelGetTickCount
    main.o(i.client) refers to rtx_kernel.o(.text.osKernelGetTickFreq) for osKernelGetTickFreq
    main.o(i.client) refers to fflt_clz.o(x$fpl$ffltu) for __aeabi_ui2f
    main.o(i.client) refers to random.o(i.next_event) for next_event
    main.o(i.client) refers to rtx_delay.o(.text.osDelay) for osDelay
    main.o(i.client) refers to rtx_msgqueue.o(.text.osMessageQueuePut) for osMessageQueuePut
    main.o(i.client) refers to fflt_clz.o(x$fpl$fflt) for __aeabi_i2f
    main.o(i.client) refers to fdiv.o(x$fpl$fdiv) for __aeabi_fdiv
    main.o(i.client) refers to rtx_thread.o(.text.osThreadYield) for osThreadYield
    main.o(i.client) refers to main.o(.data) for timeElapsed
    main.o(i.main) refers to system_lpc17xx.o(i.SystemInit) for SystemInit
    main.o(i.main) refers to system_lpc17xx.o(i.SystemCoreClockUpdate) for SystemCoreClockUpdate
    main.o(i.main) refers to rtx_thread.o(.text.osThreadNew) for osThreadNew
    main.o(i.main) refers to rtx_msgqueue.o(.text.osMessageQueueNew) for osMessageQueueNew
    main.o(i.main) refers to rtx_kernel.o(.text.osKernelInitialize) for osKernelInitialize
    main.o(i.main) refers to rtx_kernel.o(.text.osKernelStart) for osKernelStart
    main.o(i.main) refers to main.o(i.output) for output
    main.o(i.main) refers to main.o(.data) for serverNum
    main.o(i.main) refers to main.o(i.server) for server
    main.o(i.main) refers to main.o(i.client) for client
    main.o(i.output) refers to _printf_pad.o(.text) for _printf_pre_padding
    main.o(i.output) refers to _printf_percent.o(.ARM.Collect$$_printf_percent$$00000000) for _printf_percent
    main.o(i.output) refers to _printf_s.o(.ARM.Collect$$_printf_percent$$00000014) for _printf_s
    main.o(i.output) refers to _printf_str.o(.text) for _printf_str
    main.o(i.output) refers to _printf_d.o(.ARM.Collect$$_printf_percent$$00000009) for _printf_d
    main.o(i.output) refers to _printf_f.o(.ARM.Collect$$_printf_percent$$00000003) for _printf_f
    main.o(i.output) refers to _printf_dec.o(.text) for _printf_int_dec
    main.o(i.output) refers to printf1.o(x$fpl$printf1) for _printf_fp_dec
    main.o(i.output) refers to rtx_kernel.o(.text.osKernelGetTickFreq) for osKernelGetTickFreq
[...]
    [Anonymous Symbol]                       0x00001960   Section        0  rtx_thread.o(.text.osRtxThreadDispatch)
    __arm_cp.10_0                            0x000019b4   Number         4  rtx_thread.o(.text.osRtxThreadDispatch)
    [Anonymous Symbol]                       0x000019b8   Section        0  rtx_thread.o(.text.osRtxThreadFree)
    osRtxThreadFree                          0x000019b9   Thumb Code    88  rtx_thread.o(.text.osRtxThreadFree)
    __arm_cp.53_0                            0x00001a0c   Number         4  rtx_thread.o(.text.osRtxThreadFree)
    [Anonymous Symbol]                       0x00001a10   Section        0  rtx_thread.o(.text.osRtxThreadListGet)
    [Anonymous Symbol]                       0x00001a22   Section        0  rtx_thread.o(.text.osRtxThreadListPut)
    [Anonymous Symbol]                       0x00001a4e   Section        0  rtx_thread.o(.text.osRtxThreadListRemove)
    [Anonymous Symbol]                       0x00001a62   Section        0  rtx_thread.o(.text.osRtxThreadListRoot)
    osRtxThreadListRoot                      0x00001a63   Thumb Code    12  rtx_thread.o(.text.osRtxThreadListRoot)
    [Anonymous Symbol]                       0x00001a6e   Section        0  rtx_thread.o(.text.osRtxThreadListSort)
    [Anonymous Symbol]                       0x00001a94   Section        0  rtx_thread.o(.text.osRtxThreadPostProcess)
    osRtxThreadPostProcess                   0x00001a95   Thumb Code    40  rtx_thread.o(.text.osRtxThreadPostProcess)
    [Anonymous Symbol]                       0x00001abc   Section        0  rtx_thread.o(.text.osRtxThreadReadyPut)
    __arm_cp.4_0                             0x00001acc   Number         4  rtx_thread.o(.text.osRtxThreadReadyPut)
    [Anonymous Symbol]                       0x00001ad0   Section        0  rtx_thread.o(.text.osRtxThreadRegPtr)
    [Anonymous Symbol]                       0x00001ad8   Section        0  rtx_thread.o(.text.osRtxThreadStackCheck)
    __arm_cp.9_0                             0x00001af8   Number         4  rtx_thread.o(.text.osRtxThreadStackCheck)
    __arm_cp.9_1                             0x00001afc   Number         4  rtx_thread.o(.text.osRtxThreadStackCheck)
    [Anonymous Symbol]                       0x00001b00   Section        0  rtx_thread.o(.text.osRtxThreadStartup)
    __arm_cp.16_0                            0x00001b30   Number         4  rtx_thread.o(.text.osRtxThreadStartup)
    __arm_cp.16_1                            0x00001b34   Number         4  rtx_thread.o(.text.osRtxThreadStartup)
    __arm_cp.16_2                            0x00001b38   Number         4  rtx_thread.o(.text.osRtxThreadStartup)
    __arm_cp.16_3                            0x00001b3c   Number         4  rtx_thread.o(.text.osRtxThreadStartup)
    [Anonymous Symbol]                       0x00001b40   Section        0  rtx_thread.o(.text.osRtxThreadSwitch)
    __arm_cp.8_0                             0x00001b4c   Number         4  rtx_thread.o(.text.osRtxThreadSwitch)
    [Anonymous Symbol]                       0x00001b50   Section        0  rtx_thread.o(.text.osRtxThreadWaitEnter)
    __arm_cp.14_0                            0x00001b84   Number         4  rtx_thread.o(.text.osRtxThreadWaitEnter)
    [Anonymous Symbol]                       0x00001b88   Section        0  rtx_thread.o(.text.osRtxThreadWaitExit)
    [Anonymous Symbol]                       0x00001bac   Section        0  rtx_system.o(.text.osRtxTick_Handler)
    __arm_cp.0_0                             0x00001c18   Number         4  rtx_system.o(.text.osRtxTick_Handler)
    [Anonymous Symbol]                       0x00001c1c   Section        0  rtx_timer.o(.text.osRtxTimerThread)
    __arm_cp.0_0                             0x00001c4c   Number         4  rtx_timer.o(.text.osRtxTimerThread)
    __arm_cp.0_1                             0x00001c50   Number         4  rtx_timer.o(.text.osRtxTimerThread)
    __arm_cp.0_2                             0x00001c54   Number         4  rtx_timer.o(.text.osRtxTimerThread)
    [Anonymous Symbol]                       0x00001c58   Section        0  rtx_timer.o(.text.osRtxTimerTick)
    osRtxTimerTick                           0x00001c59   Thumb Code    84  rtx_timer.o(.text.osRtxTimerTick)
    __arm_cp.1_0                             0x00001ca8   Number         4  rtx_timer.o(.text.osRtxTimerTick)
    [Anonymous Symbol]                       0x00001cac   Section        0  rtx_thread.o(.text.osThreadExit)
    __arm_cp.32_0                            0x00001cb4   Number         4  rtx_thread.o(.text.osThreadExit)
    [Anonymous Symbol]                       0x00001cb8   Section        0  rtx_thread.o(.text.osThreadNew)
    __arm_cp.18_0                            0x00001cd8   Number         4  rtx_thread.o(.text.osThreadNew)
    [Anonymous Symbol]                       0x00001cdc   Section        0  rtx_thread.o(.text.osThreadYield)
    __arm_cp.27_0                            0x00001cfc   Number         4  rtx_thread.o(.text.osThreadYield)
    [Anonymous Symbol]                       0x00001d00   Section        0  rtx_delay.o(.text.svcRtxDelay)
    svcRtxDelay                              0x00001d01   Thumb Code    20  rtx_delay.o(.text.svcRtxDelay)
    [Anonymous Symbol]                       0x00001d14   Section        0  rtx_kernel.o(.text.svcRtxKernelGetState)
    svcRtxKernelGetState                     0x00001d15   Thumb Code    12  rtx_kernel.o(.text.svcRtxKernelGetState)
    __arm_cp.5_0                             0x00001d1c   Number         4  rtx_kernel.o(.text.svcRtxKernelGetState)
    [Anonymous Symbol]                       0x00001d20   Section        0  rtx_kernel.o(.text.svcRtxKernelGetTickCount)
    svcRtxKernelGetTickCount                 0x00001d21   Thumb Code    12  rtx_kernel.o(.text.svcRtxKernelGetTickCount)
    __arm_cp.13_0                            0x00001d28   Number         4  rtx_kernel.o(.text.svcRtxKernelGetTickCount)
    [Anonymous Symbol]                       0x00001d2c   Section        0  rtx_kernel.o(.text.svcRtxKernelGetTickFreq)
    svcRtxKernelGetTickFreq                  0x00001d2d   Thumb Code    12  rtx_kernel.o(.text.svcRtxKernelGetTickFreq)
    __arm_cp.15_0                            0x00001d34   Number         4  rtx_kernel.o(.text.svcRtxKernelGetTickFreq)
    [Anonymous Symbol]                       0x00001d38   Section        0  rtx_kernel.o(.text.svcRtxKernelInitialize)
    svcRtxKernelInitialize                   0x00001d39   Thumb Code   336  rtx_kernel.o(.text.svcRtxKernelInitialize)
    __arm_cp.20_0                            0x00001e7c   Number         4  rtx_kernel.o(.text.svcRtxKernelInitialize)
    __arm_cp.20_1                            0x00001e80   Number         4  rtx_kernel.o(.text.svcRtxKernelInitialize)
    __arm_cp.20_2                            0x00001e84   Number         4  rtx_kernel.o(.text.svcRtxKernelInitialize)
    [Anonymous Symbol]                       0x00001e88   Section        0  rtx_kernel.o(.text.svcRtxKernelStart)
    svcRtxKernelStart                        0x00001e89   Thumb Code   136  rtx_kernel.o(.text.svcRtxKernelStart)
    __arm_cp.21_0                            0x00001f00   Number         4  rtx_kernel.o(.text.svcRtxKernelStart)
    __arm_cp.21_1                            0x00001f04   Number         4  rtx_kernel.o(.text.svcRtxKernelStart)
    __arm_cp.21_2                            0x00001f08   Number         4  rtx_kernel.o(.text.svcRtxKernelStart)
    __arm_cp.21_3                            0x00001f0c   Number         4  rtx_kernel.o(.text.svcRtxKernelStart)
    [Anonymous Symbol]                       0x00001f10   Section        0  rtx_msgqueue.o(.text.svcRtxMessageQueueGet)
    svcRtxMessageQueueGet                    0x00001f11   Thumb Code   224  rtx_msgqueue.o(.text.svcRtxMessageQueueGet)
    __arm_cp.21_0                            0x00001fec   Number         4  rtx_msgqueue.o(.text.svcRtxMessageQueueGet)
    [Anonymous Symbol]                       0x00001ff0   Section        0  rtx_msgqueue.o(.text.svcRtxMessageQueueGetCount)
    svcRtxMessageQueueGetCount               0x00001ff1   Thumb Code    16  rtx_msgqueue.o(.text.svcRtxMessageQueueGetCount)
    [Anonymous Symbol]                       0x00002000   Section        0  rtx_msgqueue.o(.text.svcRtxMessageQueueNew)
    svcRtxMessageQueueNew                    0x00002001   Thumb Code   304  rtx_msgqueue.o(.text.svcRtxMessageQueueNew)
    __arm_cp.14_0                            0x00002128   Number         4  rtx_msgqueue.o(.text.svcRtxMessageQueueNew)
    __arm_cp.14_1                            0x0000212c   Number         4  rtx_msgqueue.o(.text.svcRtxMessageQueueNew)
    [Anonymous Symbol]                       0x00002130   Section        0  rtx_msgqueue.o(.text.svcRtxMessageQueuePut)
    svcRtxMessageQueuePut                    0x00002131   Thumb Code   192  rtx_msgqueue.o(.text.svcRtxMessageQueuePut)
    __arm_cp.19_0                            0x000021ec   Number         4  rtx_msgqueue.o(.text.svcRtxMessageQueuePut)
    [Anonymous Symbol]                       0x000021f0   Section        0  rtx_mutex.o(.text.svcRtxMutexAcquire)
    svcRtxMutexAcquire                       0x000021f1   Thumb Code   148  rtx_mutex.o(.text.svcRtxMutexAcquire)
    __arm_cp.10_0                            0x00002280   Number         4  rtx_mutex.o(.text.svcRtxMutexAcquire)
    [Anonymous Symbol]                       0x00002284   Section        0  rtx_mutex.o(.text.svcRtxMutexDelete)
    svcRtxMutexDelete                        0x00002285   Thumb Code   176  rtx_mutex.o(.text.svcRtxMutexDelete)
    __arm_cp.13_0                            0x00002330   Number         4  rtx_mutex.o(.text.svcRtxMutexDelete)
    [Anonymous Symbol]                       0x00002334   Section        0  rtx_mutex.o(.text.svcRtxMutexNew)
    svcRtxMutexNew                           0x00002335   Thumb Code   104  rtx_mutex.o(.text.svcRtxMutexNew)
    __arm_cp.8_0                             0x00002398   Number         4  rtx_mutex.o(.text.svcRtxMutexNew)
    [Anonymous Symbol]                       0x0000239c   Section        0  rtx_mutex.o(.text.svcRtxMutexRelease)
    svcRtxMutexRelease                       0x0000239d   Thumb Code   180  rtx_mutex.o(.text.svcRtxMutexRelease)
    __arm_cp.11_0                            0x0000244c   Number         4  rtx_mutex.o(.text.svcRtxMutexRelease)
    [Anonymous Symbol]                       0x00002450   Section        0  rtx_thread.o(.text.svcRtxThreadExit)
    svcRtxThreadExit                         0x00002451   Thumb Code   104  rtx_thread.o(.text.svcRtxThreadExit)
    __arm_cp.55_0                            0x000024b4   Number         4  rtx_thread.o(.text.svcRtxThreadExit)
    [Anonymous Symbol]                       0x000024b8   Section        0  rtx_thread.o(.text.svcRtxThreadNew)
    svcRtxThreadNew                          0x000024b9   Thumb Code   464  rtx_thread.o(.text.svcRtxThreadNew)
    __arm_cp.17_0                            0x00002674   Number         4  rtx_thread.o(.text.svcRtxThreadNew)
    __arm_cp.17_1                            0x00002678   Number         4  rtx_thread.o(.text.svcRtxThreadNew)
    __arm_cp.17_2                            0x0000267c   Number         4  rtx_thread.o(.text.svcRtxThreadNew)
    __arm_cp.17_3                            0x00002680   Number         4  rtx_thread.o(.text.svcRtxThreadNew)
    __arm_cp.17_4                            0x00002684   Number         4  rtx_thread.o(.text.svcRtxThreadNew)
    [Anonymous Symbol]                       0x00002688   Section        0  rtx_thread.o(.text.svcRtxThreadYield)
    svcRtxThreadYield                        0x00002689   Thumb Code    56  rtx_thread.o(.text.svcRtxThreadYield)
    __arm_cp.48_0                            0x000026bc   Number         4  rtx_thread.o(.text.svcRtxThreadYield)
    CL$$btod_d2e                             0x000026c0   Section       62  btod.o(CL$$btod_d2e)
    CL$$btod_d2e_denorm_low                  0x000026fe   Section       70  btod.o(CL$$btod_d2e_denorm_low)
    CL$$btod_d2e_norm_op1                    0x00002744   Section       96  btod.o(CL$$btod_d2e_norm_op1)
    CL$$btod_div_common                      0x000027a4   Section      824  btod.o(CL$$btod_div_common)
    CL$$btod_e2e                             0x00002adc   Section      220  btod.o(CL$$btod_e2e)
    CL$$btod_ediv                            0x00002bb8   Section       42  btod.o(CL$$btod_ediv)
    CL$$btod_emul                            0x00002be2   Section       42  btod.o(CL$$btod_emul)
    CL$$btod_mult_common                     0x00002c0c   Section      580  btod.o(CL$$btod_mult_common)
    i.Free                                   0x00002e50   Section        0  uart.o(i.Free)
    i.FreeRcv                                0x00002e58   Section        0  uart.o(i.FreeRcv)
    i.FreeSnd                                0x00002e7c   Section        0  uart.o(i.FreeSnd)
    i.SystemCoreClockUpdate                  0x00002ea0   Section        0  system_lpc17xx.o(i.SystemCoreClockUpdate)
    i.SystemInit                             0x00003048   Section        0  system_lpc17xx.o(i.SystemInit)
    i.UART0_IRQHandler                       0x00003188   Section        0  uart.o(i.UART0_IRQHandler)
    i.UART1_IRQHandler                       0x000031f0   Section        0  uart.o(i.UART1_IRQHandler)
    i.UARTInit                               0x00003260   Section        0  uart.o(i.UARTInit)
    i.UARTSendChar                           0x0000331c   Section        0  uart.o(i.UARTSendChar)
    i.__ARM_fpclassify                       0x00003340   Section        0  fpclassify.o(i.__ARM_fpclassify)
    i.__NVIC_EnableIRQ                       0x00003368   Section        0  uart.o(i.__NVIC_EnableIRQ)
    __NVIC_EnableIRQ                         0x00003369   Thumb Code    34  uart.o(i.__NVIC_EnableIRQ)
    i._is_digit                              0x0000338a   Section        0  __printf_wp.o(i._is_digit)
    i._mutex_acquire                         0x00003398   Section        0  rtx_lib.o(i._mutex_acquire)
    __tagsym$$used                           0x00003399   Number         0  rtx_lib.o(i._mutex_acquire)
    i._mutex_free                            0x000033ae   Section        0  rtx_lib.o(i._mutex_free)
    __tagsym$$used                           0x000033af   Number         0  rtx_lib.o(i._mutex_free)
    i._mutex_initialize                      0x000033ba   Section        0  rtx_lib.o(i._mutex_initialize)
    __tagsym$$used                           0x000033bb   Number         0  rtx_lib.o(i._mutex_initialize)
    i._mutex_release                         0x000033dc   Section        0  rtx_lib.o(i._mutex_release)
    __tagsym$$used                           0x000033dd   Number         0  rtx_lib.o(i._mutex_release)
    i._platform_post_stackheap_init          0x000033ee   Section        0  rtx_lib.o(i._platform_post_stackheap_init)
    i._sys_exit                              0x000033f6   Section        0  retarget.o(i._sys_exit)
    i.client                                 0x000033fc   Section        0  main.o(i.client)
    i.ferror                                 0x000034e4   Section        0  retarget.o(i.ferror)
    i.fputc                                  0x000034ec   Section        0  retarget.o(i.fputc)
    i.getFrequency                           0x000034fc   Section        0  uart.o(i.getFrequency)
    i.lfsr113                                0x00003544   Section        0  lfsr113.o(i.lfsr113)
    i.main                                   0x000035d4   Section        0  main.o(i.main)
    i.next_event                             0x0000364c   Section        0  random.o(i.next_event)
    i.osRtxErrorNotify                       0x00003660   Section        0  rtx_config.o(i.osRtxErrorNotify)
    i.osRtxIdleThread                        0x00003680   Section        0  rtx_config.o(i.osRtxIdleThread)
    i.os_kernel_is_active                    0x00003684   Section        0  rtx_lib.o(i.os_kernel_is_active)
    os_kernel_is_active                      0x00003685   Thumb Code    28  rtx_lib.o(i.os_kernel_is_active)
    i.output                                 0x000036a4   Section        0  main.o(i.output)
    i.sendchar                               0x0000393c   Section        0  retarget.o(i.sendchar)
    i.server                                 0x00003980   Section        0  main.o(i.server)
    locale$$code                             0x00003a08   Section       44  lc_numeric_c.o(locale$$code)
    x$fpl$dretinf                            0x00003a34   Section       12  dretinf.o(x$fpl$dretinf)
    x$fpl$f2d                                0x00003a40   Section       86  f2d.o(x$fpl$f2d)
    x$fpl$fadd                               0x00003a98   Section      196  faddsub_clz.o(x$fpl$fadd)
    _fadd1                                   0x00003aa7   Thumb Code     0  faddsub_clz.o(x$fpl$fadd)
    x$fpl$fdiv                               0x00003b5c   Section      388  fdiv.o(x$fpl$fdiv)
    _fdiv1                                   0x00003b5d   Thumb Code     0  fdiv.o(x$fpl$fdiv)
    x$fpl$fflt                               0x00003ce0   Section       48  fflt_clz.o(x$fpl$fflt)
    x$fpl$ffltu                              0x00003d10   Section       38  fflt_clz.o(x$fpl$ffltu)
    x$fpl$fmul                               0x00003d38   Section      258  fmul.o(x$fpl$fmul)
    x$fpl$fnaninf                            0x00003e3a   Section      140  fnaninf.o(x$fpl$fnaninf)
    x$fpl$fretinf                            0x00003ec6   Section       10  fretinf.o(x$fpl$fretinf)
    x$fpl$fsub                               0x00003ed0   Section      234  faddsub_clz.o(x$fpl$fsub)
    _fsub1                                   0x00003edf   Thumb Code     0  faddsub_clz.o(x$fpl$fsub)
    x$fpl$printf1                            0x00003fba   Section        4  printf1.o(x$fpl$printf1)
    x$fpl$usenofp                            0x00003fbe   Section        0  usenofp.o(x$fpl$usenofp)
    .constdata                               0x00003fc0   Section      100  rtx_lib.o(.constdata)
    os_idle_thread_attr                      0x00003fc0   Data          36  rtx_lib.o(.constdata)
    os_timer_thread_attr                     0x00003fe4   Data          36  rtx_lib.o(.constdata)
    os_timer_mq_attr                         0x00004008   Data          24  rtx_lib.o(.constdata)
    .constdata                               0x00004024   Section        1  irq_cm3.o(.constdata)
    .constdata                               0x00004028   Section      148  bigflt0.o(.constdata)
    tenpwrs_x                                0x00004028   Data          60  bigflt0.o(.constdata)
    tenpwrs_i                                0x00004064   Data          64  bigflt0.o(.constdata)
    .conststring                             0x000040bc   Section       72  main.o(.conststring)
    .rodata                                  0x00004104   Section      160  rtx_lib.o(.rodata)
    __tagsym$$used                           0x00004104   Number         0  rtx_lib.o(.rodata)
    __tagsym$$used                           0x0000416c   Number         0  rtx_lib.o(.rodata)
    [Anonymous Symbol]                       0x000041a4   Section        0  rtx_kernel.o(.rodata.str1.4)
    .L.str                                   0x000041a4   Data          11  rtx_kernel.o(.rodata.str1.4)
    locale$$data                             0x000041f0   Section       28  lc_numeric_c.o(locale$$data)
    __lcnum_c_name                           0x000041f4   Data           2  lc_numeric_c.o(locale$$data)
    __lcnum_c_start                          0x000041fc   Data           0  lc_numeric_c.o(locale$$data)
    __lcnum_c_point                          0x00004208   Data           0  lc_numeric_c.o(locale$$data)
    __lcnum_c_thousands                      0x0000420a   Data           0  lc_numeric_c.o(locale$$data)
    __lcnum_c_grouping                       0x0000420b   Data           0  lc_numeric_c.o(locale$$data)
    __lcnum_c_end                            0x0000420c   Data           0  lc_numeric_c.o(locale$$data)
    .bss.os                                  0x10000000   Section     8256  rtx_lib.o(.bss.os)
    os_mem                                   0x10000000   Data        8192  rtx_lib.o(.bss.os)
    os_isr_queue                             0x10002000   Data          64  rtx_lib.o(.bss.os)
    .bss.os.msgqueue.cb                      0x10002040   Section       52  rtx_lib.o(.bss.os.msgqueue.cb)
    os_timer_mq_cb                           0x10002040   Data          52  rtx_lib.o(.bss.os.msgqueue.cb)
    .bss.os.msgqueue.mem                     0x10002074   Section       80  rtx_lib.o(.bss.os.msgqueue.mem)
    os_timer_mq_data                         0x10002074   Data          80  rtx_lib.o(.bss.os.msgqueue.mem)
    .bss.os.thread.cb                        0x100020c4   Section      136  rtx_lib.o(.bss.os.thread.cb)
    os_idle_thread_cb                        0x100020c4   Data          68  rtx_lib.o(.bss.os.thread.cb)
    os_timer_thread_cb                       0x10002108   Data          68  rtx_lib.o(.bss.os.thread.cb)
    .data                                    0x1000214c   Section       12  retarget.o(.data)
    .bss                                     0x10002158   Section       96  libspace.o(.bss)
    [Anonymous Symbol]                       0x100021b8   Section        0  os_systick.o(.bss.PendST)
    PendST                                   0x100021b8   Data           1  os_systick.o(.bss.PendST)
    .bss.os.thread.stack                     0x2007c000   Section     1024  rtx_lib.o(.bss.os.thread.stack)
    os_idle_thread_stack                     0x2007c000   Data         512  rtx_lib.o(.bss.os.thread.stack)
    os_timer_thread_stack                    0x2007c200   Data         512  rtx_lib.o(.bss.os.thread.stack)
    .data                                    0x2007c400   Section       16  lfsr113.o(.data)
    z1                                       0x2007c400   Data           4  lfsr113.o(.data)
    z2                                       0x2007c404   Data           4  lfsr113.o(.data)
    z3                                       0x2007c408   Data           4  lfsr113.o(.data)
    z4                                       0x2007c40c   Data           4  lfsr113.o(.data)
    .data                                    0x2007c410   Section     1024  random.o(.data)
    ln_table                                 0x2007c410   Data        1024  random.o(.data)
    .data                                    0x2007c810   Section       32  uart.o(.data)
    .data                                    0x2007c830   Section       92  main.o(.data)
    .data                                    0x2007c88c   Section        5  rtx_lib.o(.data)
    os_kernel_active                         0x2007c890   Data           1  rtx_lib.o(.data)
    .data                                    0x2007c894   Section        4  system_lpc17xx.o(.data)
    .bss                                     0x2007c93c   Section      128  uart.o(.bss)
    HEAP                                     0x2007c9c0   Section     4096  startup_lpc17xx.o(HEAP)
    Heap_Mem                                 0x2007c9c0   Data        4096  startup_lpc17xx.o(HEAP)
    STACK                                    0x2007d9c0   Section     2048  startup_lpc17xx.o(STACK)
    Stack_Mem                                0x2007d9c0   Data        2048  startup_lpc17xx.o(STACK)
    __initial_sp                             0x2007e1c0   Data           0  startup_lpc17xx.o(STACK)

    Global Symbols

    Symbol Name                              Value     Ov Type        Size  Object(Section)

    BuildAttributes$$THM_ISAv4$P$D$K$B$S$PE$A:L22UL41UL21$X:L11$S22US41US21$IEEE1$IW$~IW$USESV6$~STKCKD$USESV7$~SHL$OTIME$ROPI$IEEEJ$EBA8$UX$STANDARDLIB$REQ8$PRES8$EABIv2 0x00000000   Number         0  anon$$obj.o ABSOLUTE
    __ARM_use_no_argv                        0x00000000   Number         0  main.o ABSOLUTE
    __Vectors                                0x00000000   Data           4  startup_lpc17xx.o(RESET)
    _printf_flags                            0x00000000   Number         0  printf_stubs.o ABSOLUTE
    _printf_return_value                     0x00000000   Number         0  printf_stubs.o ABSOLUTE
    _printf_sizespec                         0x00000000   Number         0  printf_stubs.o ABSOLUTE
    _printf_widthprec                        0x00000000   Number         0  printf_stubs.o ABSOLUTE
    .bss.os.evflags.cb$$Base                  - Undefined Weak Reference
    .bss.os.evflags.cb$$Limit                 - Undefined Weak Reference
    .bss.os.mempool.cb$$Base                  - Undefined Weak Reference
    .bss.os.mempool.cb$$Limit                 - Undefined Weak Reference
    .bss.os.mutex.cb$$Base                    - Undefined Weak Reference
    .bss.os.mutex.cb$$Limit                   - Undefined Weak Reference
    .bss.os.semaphore.cb$$Base                - Undefined Weak Reference
    .bss.os.semaphore.cb$$Limit               - Undefined Weak Reference
    .bss.os.timer.cb$$Base                    - Undefined Weak Reference
    .bss.os.timer.cb$$Limit                   - Undefined Weak Reference
    __ARM_exceptions_init                     - Undefined Weak Reference
    __alloca_initialize                       - Undefined Weak Reference
    __arm_preinit_                            - Undefined Weak Reference
    __cpp_initialize__aeabi_                  - Undefined Weak Reference
    __cxa_finalize                            - Undefined Weak Reference
    __sigvec_lookup                           - Undefined Weak Reference
    _atexit_init                              - Undefined Weak Reference
    _call_atexit_fns                          - Undefined Weak Reference
    _clock_init                               - Undefined Weak Reference
    _fp_trap_init                             - Undefined Weak Reference
    _fp_trap_shutdown                         - Undefined Weak Reference
    _get_lc_collate                           - Undefined Weak Reference
    _get_lc_ctype                             - Undefined Weak Reference
    _get_lc_monetary                          - Undefined Weak Reference
    _get_lc_time                              - Undefined Weak Reference
    _getenv_init                              - Undefined Weak Reference
    _handle_redirection                       - Undefined Weak Reference
    _init_alloc                               - Undefined Weak Reference
    _init_user_alloc                          - Undefined Weak Reference
    _initio                                   - Undefined Weak Reference
    _printf_mbtowc                            - Undefined Weak Reference
    _printf_truncate_signed                   - Undefined Weak Reference
    _printf_truncate_unsigned                 - Undefined Weak Reference
    _rand_init                                - Undefined Weak Reference
    _signal_finish                            - Undefined Weak Reference
    _signal_init                              - Undefined Weak Reference
    _terminate_alloc                          - Undefined Weak Reference
    _terminate_user_alloc                     - Undefined Weak Reference
    _terminateio                              - Undefined Weak Reference
    __main                                   0x000000cd   Thumb Code     8  __main.o(!!!main)
    __scatterload                            0x000000d5   Thumb Code     0  __scatter.o(!!!scatter)
    __scatterload_rt2                        0x000000d5   Thumb Code    44  __scatter.o(!!!scatter)
    __scatterload_rt2_thumb_only             0x000000d5   Thumb Code     0  __scatter.o(!!!scatter)
    __scatterload_null                       0x000000e3   Thumb Code     0  __scatter.o(!!!scatter)
    __decompress                             0x00000109   Thumb Code    90  __dczerorl2.o(!!dczerorl2)
    __decompress1                            0x00000109   Thumb Code     0  __dczerorl2.o(!!dczerorl2)
    __scatterload_zeroinit                   0x00000165   Thumb Code    28  __scatter_zi.o(!!handler_zi)
    _printf_f                                0x00000181   Thumb Code     0  _printf_f.o(.ARM.Collect$$_printf_percent$$00000003)
    _printf_percent                          0x00000181   Thumb Code     0  _printf_percent.o(.ARM.Collect$$_printf_percent$$00000000)
    _printf_d                                0x00000187   Thumb Code     0  _printf_d.o(.ARM.Collect$$_printf_percent$$00000009)
    _printf_s                                0x0000018d   Thumb Code     0  _printf_s.o(.ARM.Collect$$_printf_percent$$00000014)
    _printf_percent_end                      0x00000193   Thumb Code     0  _printf_percent_end.o(.ARM.Collect$$_printf_percent$$00000017)
    __rt_lib_init                            0x00000197   Thumb Code     0  libinit.o(.ARM.Collect$$libinit$$00000000)
    __rt_lib_init_fp_1                       0x00000199   Thumb Code     0  libinit2.o(.ARM.Collect$$libinit$$00000002)
    __rt_lib_init_heap_1                     0x00000199   Thumb Code     0  libinit2.o(.ARM.Collect$$libinit$$0000000A)
    __rt_lib_init_lc_common                  0x00000199   Thumb Code     0  libinit2.o(.ARM.Collect$$libinit$$0000000F)
    __rt_lib_init_preinit_1                  0x00000199   Thumb Code     0  libinit2.o(.ARM.Collect$$libinit$$00000004)
    __rt_lib_init_rand_1                     0x00000199   Thumb Code     0  libinit2.o(.ARM.Collect$$libinit$$0000000E)
    __rt_lib_init_user_alloc_1               0x00000199   Thumb Code     0  libinit2.o(.ARM.Collect$$libinit$$0000000C)
    __rt_lib_init_lc_collate_1               0x0000019f   Thumb Code     0  libinit2.o(.ARM.Collect$$libinit$$00000011)
    __rt_lib_init_lc_ctype_1                 0x0000019f   Thumb Code     0  libinit2.o(.ARM.Collect$$libinit$$00000013)
    __rt_lib_init_lc_monetary_1              0x0000019f   Thumb Code     0  libinit2.o(.ARM.Collect$$libinit$$00000015)
    __rt_lib_init_lc_numeric_2               0x0000019f   Thumb Code     0  libinit2.o(.ARM.Collect$$libinit$$00000016)
    __rt_lib_init_alloca_1                   0x000001a9   Thumb Code     0  libinit2.o(.ARM.Collect$$libinit$$0000002E)
    __rt_lib_init_argv_1                     0x000001a9   Thumb Code     0  libinit2.o(.ARM.Collect$$libinit$$0000002C)
    __rt_lib_init_atexit_1                   0x000001a9   Thumb Code     0  libinit2.o(.ARM.Collect$$libinit$$0000001B)
    __rt_lib_init_clock_1                    0x000001a9   Thumb Code     0  libinit2.o(.ARM.Collect$$libinit$$00000021)
    __rt_lib_init_cpp_1                      0x000001a9   Thumb Code     0  libinit2.o(.ARM.Collect$$libinit$$00000032)
    __rt_lib_init_exceptions_1               0x000001a9   Thumb Code     0  libinit2.o(.ARM.Collect$$libinit$$00000030)
    __rt_lib_init_fp_trap_1                  0x000001a9   Thumb Code     0  libinit2.o(.ARM.Collect$$libinit$$0000001F)
    __rt_lib_init_getenv_1                   0x000001a9   Thumb Code     0  libinit2.o(.ARM.Collect$$libinit$$00000023)
    __rt_lib_init_lc_numeric_1               0x000001a9   Thumb Code     0  libinit2.o(.ARM.Collect$$libinit$$00000017)
    __rt_lib_init_lc_time_1                  0x000001a9   Thumb Code     0  libinit2.o(.ARM.Collect$$libinit$$00000019)
    __rt_lib_init_return                     0x000001a9   Thumb Code     0  libinit2.o(.ARM.Collect$$libinit$$00000033)
    __rt_lib_init_signal_1                   0x000001a9   Thumb Code     0  libinit2.o(.ARM.Collect$$libinit$$0000001D)
    __rt_lib_init_stdio_1                    0x000001a9   Thumb Code     0  libinit2.o(.ARM.Collect$$libinit$$00000025)
    __rt_lib_shutdown                        0x000001ab   Thumb Code     0  libshutdown.o(.ARM.Collect$$libshutdown$$00000000)
    __rt_lib_shutdown_cpp_1                  0x000001ad   Thumb Code     0  libshutdown2.o(.ARM.Collect$$libshutdown$$00000002)
    __rt_lib_shutdown_fp_trap_1              0x000001ad   Thumb Code     0  libshutdown2.o(.ARM.Collect$$libshutdown$$00000007)
    __rt_lib_shutdown_heap_1                 0x000001ad   Thumb Code     0  libshutdown2.o(.ARM.Collect$$libshutdown$$0000000F)
    __rt_lib_shutdown_return                 0x000001ad   Thumb Code     0  libshutdown2.o(.ARM.Collect$$libshutdown$$00000010)
    __rt_lib_shutdown_signal_1               0x000001ad   Thumb Code     0  libshutdown2.o(.ARM.Collect$$libshutdown$$0000000A)
    __rt_lib_shutdown_stdio_1                0x000001ad   Thumb Code     0  libshutdown2.o(.ARM.Collect$$libshutdown$$00000004)
    __rt_lib_shutdown_user_alloc_1           0x000001ad   Thumb Code     0  libshutdown2.o(.ARM.Collect$$libshutdown$$0000000C)
    __rt_entry                               0x000001af   Thumb Code     0  __rtentry.o(.ARM.Collect$$rtentry$$00000000)
    __rt_entry_presh_1                       0x000001af   Thumb Code     0  __rtentry2.o(.ARM.Collect$$rtentry$$00000002)
    __rt_entry_sh                            0x000001af   Thumb Code     0  __rtentry4.o(.ARM.Collect$$rtentry$$00000004)
    __rt_entry_postsh_1                      0x000001b5   Thumb Code     0  __rtentry2.o(.ARM.Collect$$rtentry$$00000008)
    __rt_entry_li                            0x000001bd   Thumb Code     0  __rtentry2.o(.ARM.Collect$$rtentry$$0000000A)
    __rt_entry_main                          0x000001c1   Thumb Code     0  __rtentry2.o(.ARM.Collect$$rtentry$$0000000D)
    __rt_entry_postli_1                      0x000001c1   Thumb Code     0  __rtentry2.o(.ARM.Collect$$rtentry$$0000000C)
    __rt_exit                                0x000001c9   Thumb Code     0  rtexit.o(.ARM.Collect$$rtexit$$00000000)
    __rt_exit_ls                             0x000001cb   Thumb Code     0  rtexit2.o(.ARM.Collect$$rtexit$$00000003)
    __rt_exit_prels_1                        0x000001cb   Thumb Code     0  rtexit2.o(.ARM.Collect$$rtexit$$00000002)
    __rt_exit_exit                           0x000001cf   Thumb Code     0  rtexit2.o(.ARM.Collect$$rtexit$$00000004)
    Reset_Handler                            0x000001d5   Thumb Code     8  startup_lpc17xx.o(.text)
    NMI_Handler                              0x000001dd   Thumb Code     2  startup_lpc17xx.o(.text)
    HardFault_Handler                        0x000001df   Thumb Code     2  startup_lpc17xx.o(.text)
    MemManage_Handler                        0x000001e1   Thumb Code     2  startup_lpc17xx.o(.text)
    BusFault_Handler                         0x000001e3   Thumb Code     2  startup_lpc17xx.o(.text)
    UsageFault_Handler                       0x000001e5   Thumb Code     2  startup_lpc17xx.o(.text)
    DebugMon_Handler                         0x000001e9   Thumb Code     2  startup_lpc17xx.o(.text)
    ADC_IRQHandler                           0x000001ef   Thumb Code     0  startup_lpc17xx.o(.text)
    BOD_IRQHandler                           0x000001ef   Thumb Code     0  startup_lpc17xx.o(.text)
    CANActivity_IRQHandler                   0x000001ef   Thumb Code     0  startup_lpc17xx.o(.text)
    CAN_IRQHandler                           0x000001ef   Thumb Code     0  startup_lpc17xx.o(.text)
    DMA_IRQHandler                           0x000001ef   Thumb Code     0  startup_lpc17xx.o(.text)
    EINT0_IRQHandler                         0x000001ef   Thumb Code     0  startup_lpc17xx.o(.text)
    EINT1_IRQHandler                         0x000001ef   Thumb Code     0  startup_lpc17xx.o(.text)
    EINT2_IRQHandler                         0x000001ef   Thumb Code     0  startup_lpc17xx.o(.text)
    EINT3_IRQHandler                         0x000001ef   Thumb Code     0  startup_lpc17xx.o(.text)
    ENET_IRQHandler                          0x000001ef   Thumb Code     0  startup_lpc17xx.o(.text)
    I2C0_IRQHandler                          0x000001ef   Thumb Code     0  startup_lpc17xx.o(.text)
    I2C1_IRQHandler                          0x000001ef   Thumb Code     0  startup_lpc17xx.o(.text)
    I2C2_IRQHandler                          0x000001ef   Thumb Code     0  startup_lpc17xx.o(.text)
    I2S_IRQHandler                           0x000001ef   Thumb Code     0  startup_lpc17xx.o(.text)
    MCPWM_IRQHandler                         0x000001ef   Thumb Code     0  startup_lpc17xx.o(.text)
    PLL0_IRQHandler                          0x000001ef   Thumb Code     0  startup_lpc17xx.o(.text)
    PLL1_IRQHandler                          0x000001ef   Thumb Code     0  startup_lpc17xx.o(.text)
    PWM1_IRQHandler                          0x000001ef   Thumb Code     0  startup_lpc17xx.o(.text)
    QEI_IRQHandler                           0x000001ef   Thumb Code     0  startup_lpc17xx.o(.text)
    RIT_IRQHandler                           0x000001ef   Thumb Code     0  startup_lpc17xx.o(.text)
    RTC_IRQHandler                           0x000001ef   Thumb Code     0  startup_lpc17xx.o(.text)
    SPI_IRQHandler                           0x000001ef   Thumb Code     0  startup_lpc17xx.o(.text)
    SSP0_IRQHandler                          0x000001ef   Thumb Code     0  startup_lpc17xx.o(.text)
    SSP1_IRQHandler                          0x000001ef   Thumb Code     0  startup_lpc17xx.o(.text)
    TIMER0_IRQHandler                        0x000001ef   Thumb Code     0  startup_lpc17xx.o(.text)
    TIMER1_IRQHandler                        0x000001ef   Thumb Code     0  startup_lpc17xx.o(.text)
    TIMER2_IRQHandler                        0x000001ef   Thumb Code     0  startup_lpc17xx.o(.text)
    TIMER3_IRQHandler                        0x000001ef   Thumb Code     0  startup_lpc17xx.o(.text)
    UART2_IRQHandler                         0x000001ef   Thumb Code     0  startup_lpc17xx.o(.text)
    UART3_IRQHandler                         0x000001ef   Thumb Code     0  startup_lpc17xx.o(.text)
    USBActivity_IRQHandler                   0x000001ef   Thumb Code     0  startup_lpc17xx.o(.text)
    USB_IRQHandler                           0x000001ef   Thumb Code     0  startup_lpc17xx.o(.text)
    WDT_IRQHandler                           0x000001ef   Thumb Code     0  startup_lpc17xx.o(.text)
    __user_initial_stackheap                 0x000001f1   Thumb Code     0  startup_lpc17xx.o(.text)
    SVC_Handler                              0x00000215   Thumb Code   108  irq_cm3.o(.text)
    PendSV_Handler                           0x00000281   Thumb Code    16  irq_cm3.o(.text)
    SysTick_Handler                          0x00000291   Thumb Code    16  irq_cm3.o(.text)
    __2printf                                0x000002a9   Thumb Code    20  noretval__2printf.o(.text)
    __use_two_region_memory                  0x000002c1   Thumb Code     2  heapauxi.o(.text)
    __rt_heap_escrow$2region                 0x000002c3   Thumb Code     2  heapauxi.o(.text)
    __rt_heap_expand$2region                 0x000002c5   Thumb Code     2  heapauxi.o(.text)
    _printf_cs_common                        0x000002c7   Thumb Code    20  _printf_char.o(.text)
    _printf_char                             0x000002db   Thumb Code    16  _printf_char.o(.text)
    _printf_string                           0x000002eb   Thumb Code     8  _printf_char.o(.text)
    __rt_locale                              0x000002f3   Thumb Code    10  rt_locale_twolibspace.o(.text)
    __aeabi_uldivmod                         0x00000301   Thumb Code     0  lludivv7m.o(.text)
    _ll_udiv                                 0x00000301   Thumb Code   238  lludivv7m.o(.text)
    _printf_pre_padding                      0x000003ef   Thumb Code    44  _printf_pad.o(.text)
    _printf_post_padding                     0x0000041b   Thumb Code    34  _printf_pad.o(.text)
    _printf_str                              0x0000043d   Thumb Code    82  _printf_str.o(.text)
    _printf_int_dec                          0x00000491   Thumb Code   104  _printf_dec.o(.text)
    __printf                                 0x00000509   Thumb Code   270  __printf_wp.o(.text)
    __aeabi_memcpy                           0x00000617   Thumb Code     0  rt_memcpy_v6.o(.text)
    __rt_memcpy                              0x00000617   Thumb Code   138  rt_memcpy_v6.o(.text)
    _memcpy_lastbytes                        0x0000067d   Thumb Code     0  rt_memcpy_v6.o(.text)
    __aeabi_memclr                           0x000006a1   Thumb Code     0  rt_memclr.o(.text)
    __rt_memclr                              0x000006a1   Thumb Code    68  rt_memclr.o(.text)
    _memset                                  0x000006a5   Thumb Code     0  rt_memclr.o(.text)
    __aeabi_memclr4                          0x000006e5   Thumb Code     0  rt_memclr_w.o(.text)
    __aeabi_memclr8                          0x000006e5   Thumb Code     0  rt_memclr_w.o(.text)
    __rt_memclr_w                            0x000006e5   Thumb Code    78  rt_memclr_w.o(.text)
    _memset_w                                0x000006e9   Thumb Code     0  rt_memclr_w.o(.text)
    _printf_int_common                       0x00000733   Thumb Code   178  _printf_intcommon.o(.text)
    __lib_sel_fp_printf                      0x000007e5   Thumb Code     2  _printf_fp_dec.o(.text)
    _printf_fp_dec_real                      0x00000997   Thumb Code   620  _printf_fp_dec.o(.text)
    _printf_char_file                        0x00000c05   Thumb Code    32  _printf_char_file.o(.text)
    __aeabi_memcpy4                          0x00000c29   Thumb Code     0  rt_memcpy_w.o(.text)
    __aeabi_memcpy8                          0x00000c29   Thumb Code     0  rt_memcpy_w.o(.text)
    __rt_memcpy_w                            0x00000c29   Thumb Code   100  rt_memcpy_w.o(.text)
    _memcpy_lastbytes_aligned                0x00000c71   Thumb Code     0  rt_memcpy_w.o(.text)
    _ll_udiv10                               0x00000c8d   Thumb Code   138  lludiv10.o(.text)
    _printf_char_common                      0x00000d23   Thumb Code    32  _printf_char_common.o(.text)
    _printf_fp_infnan                        0x00000d49   Thumb Code   112  _printf_fp_infnan.o(.text)
    _btod_etento                             0x00000dc9   Thumb Code   224  bigflt0.o(.text)
    __user_libspace                          0x00000ead   Thumb Code     8  libspace.o(.text)
    __user_perproc_libspace                  0x00000ead   Thumb Code     0  libspace.o(.text)
    __user_setup_stackheap                   0x00000eb5   Thumb Code    74  sys_stackheap_outer.o(.text)
    exit                                     0x00000eff   Thumb Code    18  exit.o(.text)
    strcmp                                   0x00000f11   Thumb Code   128  strcmpv7m.o(.text)
    OS_Tick_AcknowledgeIRQ                   0x00001045   Thumb Code    12  os_systick.o(.text.OS_Tick_AcknowledgeIRQ)
    OS_Tick_Enable                           0x00001051   Thumb Code    44  os_systick.o(.text.OS_Tick_Enable)
    OS_Tick_GetIRQn                          0x0000107d   Thumb Code     6  os_systick.o(.text.OS_Tick_GetIRQn)
    OS_Tick_Setup                            0x00001085   Thumb Code    64  os_systick.o(.text.OS_Tick_Setup)
    osDelay                                  0x0000117d   Thumb Code    36  rtx_delay.o(.text.osDelay)
    osKernelGetState                         0x000011a1   Thumb Code    48  rtx_kernel.o(.text.osKernelGetState)
    osKernelGetTickCount                     0x000011d1   Thumb Code    40  rtx_kernel.o(.text.osKernelGetTickCount)
    osKernelGetTickFreq                      0x000011f9   Thumb Code    40  rtx_kernel.o(.text.osKernelGetTickFreq)
    osKernelInitialize                       0x00001221   Thumb Code    44  rtx_kernel.o(.text.osKernelInitialize)
    osKernelStart                            0x0000124d   Thumb Code    36  rtx_kernel.o(.text.osKernelStart)
    osMessageQueueGet                        0x00001271   Thumb Code   108  rtx_msgqueue.o(.text.osMessageQueueGet)
    osMessageQueueGetCount                   0x000012dd   Thumb Code    48  rtx_msgqueue.o(.text.osMessageQueueGetCount)
    osMessageQueueNew                        0x0000130d   Thumb Code    36  rtx_msgqueue.o(.text.osMessageQueueNew)
    osMessageQueuePut                        0x00001331   Thumb Code   120  rtx_msgqueue.o(.text.osMessageQueuePut)
    osMutexAcquire                           0x000013a9   Thumb Code    36  rtx_mutex.o(.text.osMutexAcquire)
    osMutexDelete                            0x000013cd   Thumb Code    36  rtx_mutex.o(.text.osMutexDelete)
    osMutexNew                               0x000013f1   Thumb Code    36  rtx_mutex.o(.text.osMutexNew)
    osMutexRelease                           0x00001415   Thumb Code    36  rtx_mutex.o(.text.osMutexRelease)
    osRtxKernelPreInit                       0x00001439   Thumb Code     2  rtx_kernel.o(.text.osRtxKernelPreInit)
    osRtxMemoryAlloc                         0x0000143b   Thumb Code   112  rtx_memory.o(.text.osRtxMemoryAlloc)
    osRtxMemoryFree                          0x000014ab   Thumb Code    70  rtx_memory.o(.text.osRtxMemoryFree)
    osRtxMemoryInit                          0x000014f1   Thumb Code    60  rtx_memory.o(.text.osRtxMemoryInit)
    osRtxMemoryPoolAlloc                     0x0000152d   Thumb Code    58  rtx_mempool.o(.text.osRtxMemoryPoolAlloc)
    osRtxMemoryPoolFree                      0x00001567   Thumb Code    74  rtx_mempool.o(.text.osRtxMemoryPoolFree)
    osRtxMemoryPoolInit                      0x000015b1   Thumb Code    54  rtx_mempool.o(.text.osRtxMemoryPoolInit)
    osRtxMutexOwnerRelease                   0x000016a1   Thumb Code    72  rtx_mutex.o(.text.osRtxMutexOwnerRelease)
    osRtxMutexOwnerRestore                   0x000016e9   Thumb Code    66  rtx_mutex.o(.text.osRtxMutexOwnerRestore)
    osRtxPendSV_Handler                      0x0000172d   Thumb Code   140  rtx_system.o(.text.osRtxPendSV_Handler)
    osRtxPostProcess                         0x000017b9   Thumb Code   116  rtx_system.o(.text.osRtxPostProcess)
    osRtxThreadDelayTick                     0x00001915   Thumb Code    76  rtx_thread.o(.text.osRtxThreadDelayTick)
    osRtxThreadDispatch                      0x00001961   Thumb Code    88  rtx_thread.o(.text.osRtxThreadDispatch)
    osRtxThreadListGet                       0x00001a11   Thumb Code    18  rtx_thread.o(.text.osRtxThreadListGet)
    osRtxThreadListPut                       0x00001a23   Thumb Code    44  rtx_thread.o(.text.osRtxThreadListPut)
    osRtxThreadListRemove                    0x00001a4f   Thumb Code    20  rtx_thread.o(.text.osRtxThreadListRemove)
    osRtxThreadListSort                      0x00001a6f   Thumb Code    38  rtx_thread.o(.text.osRtxThreadListSort)
    osRtxThreadReadyPut                      0x00001abd   Thumb Code    20  rtx_thread.o(.text.osRtxThreadReadyPut)
    osRtxThreadRegPtr                        0x00001ad1   Thumb Code     6  rtx_thread.o(.text.osRtxThreadRegPtr)
    osRtxThreadStackCheck                    0x00001ad9   Thumb Code    40  rtx_thread.o(.text.osRtxThreadStackCheck)
    osRtxThreadStartup                       0x00001b01   Thumb Code    64  rtx_thread.o(.text.osRtxThreadStartup)
    osRtxThreadSwitch                        0x00001b41   Thumb Code    16  rtx_thread.o(.text.osRtxThreadSwitch)
    osRtxThreadWaitEnter                     0x00001b51   Thumb Code    56  rtx_thread.o(.text.osRtxThreadWaitEnter)
    osRtxThreadWaitExit                      0x00001b89   Thumb Code    36  rtx_thread.o(.text.osRtxThreadWaitExit)
    osRtxTick_Handler                        0x00001bad   Thumb Code   112  rtx_system.o(.text.osRtxTick_Handler)
    osRtxTimerThread                         0x00001c1d   Thumb Code    60  rtx_timer.o(.text.osRtxTimerThread)
    osThreadExit                             0x00001cad   Thumb Code    12  rtx_thread.o(.text.osThreadExit)
    osThreadNew                              0x00001cb9   Thumb Code    36  rtx_thread.o(.text.osThreadNew)
    osThreadYield                            0x00001cdd   Thumb Code    36  rtx_thread.o(.text.osThreadYield)
    _btod_d2e                                0x000026c1   Thumb Code    62  btod.o(CL$$btod_d2e)
    _d2e_denorm_low                          0x000026ff   Thumb Code    70  btod.o(CL$$btod_d2e_denorm_low)
    _d2e_norm_op1                            0x00002745   Thumb Code    96  btod.o(CL$$btod_d2e_norm_op1)
    __btod_div_common                        0x000027a5   Thumb Code   696  btod.o(CL$$btod_div_common)
    _e2e                                     0x00002add   Thumb Code   220  btod.o(CL$$btod_e2e)
    _btod_ediv                               0x00002bb9   Thumb Code    42  btod.o(CL$$btod_ediv)
    _btod_emul                               0x00002be3   Thumb Code    42  btod.o(CL$$btod_emul)
    __btod_mult_common                       0x00002c0d   Thumb Code   580  btod.o(CL$$btod_mult_common)
    Free                                     0x00002e51   Thumb Code     6  uart.o(i.Free)
    FreeRcv                                  0x00002e59   Thumb Code    28  uart.o(i.FreeRcv)
    FreeSnd                                  0x00002e7d   Thumb Code    28  uart.o(i.FreeSnd)
    SystemCoreClockUpdate                    0x00002ea1   Thumb Code   408  system_lpc17xx.o(i.SystemCoreClockUpdate)
    SystemInit                               0x00003049   Thumb Code   302  system_lpc17xx.o(i.SystemInit)
    UART0_IRQHandler                         0x00003189   Thumb Code    88  uart.o(i.UART0_IRQHandler)
    UART1_IRQHandler                         0x000031f1   Thumb Code    90  uart.o(i.UART1_IRQHandler)
    UARTInit                                 0x00003261   Thumb Code   176  uart.o(i.UARTInit)
    UARTSendChar                             0x0000331d   Thumb Code    26  uart.o(i.UARTSendChar)
    __ARM_fpclassify                         0x00003341   Thumb Code    40  fpclassify.o(i.__ARM_fpclassify)
    _is_digit                                0x0000338b   Thumb Code    14  __printf_wp.o(i._is_digit)
    _mutex_acquire                           0x00003399   Thumb Code    22  rtx_lib.o(i._mutex_acquire)
    _mutex_free                              0x000033af   Thumb Code    12  rtx_lib.o(i._mutex_free)
    _mutex_initialize                        0x000033bb   Thumb Code    34  rtx_lib.o(i._mutex_initialize)
    _mutex_release                           0x000033dd   Thumb Code    18  rtx_lib.o(i._mutex_release)
    _platform_post_stackheap_init            0x000033ef   Thumb Code     8  rtx_lib.o(i._platform_post_stackheap_init)
    _sys_exit                                0x000033f7   Thumb Code     4  retarget.o(i._sys_exit)
    client                                   0x000033fd   Thumb Code   200  main.o(i.client)
    ferror                                   0x000034e5   Thumb Code     8  retarget.o(i.ferror)
    fputc                                    0x000034ed   Thumb Code    14  retarget.o(i.fputc)
    getFrequency                             0x000034fd   Thumb Code    62  uart.o(i.getFrequency)
    lfsr113                                  0x00003545   Thumb Code   128  lfsr113.o(i.lfsr113)
    main                                     0x000035d5   Thumb Code    96  main.o(i.main)
    next_event                               0x0000364d   Thumb Code    16  random.o(i.next_event)
    osRtxErrorNotify                         0x00003661   Thumb Code    32  rtx_config.o(i.osRtxErrorNotify)
    osRtxIdleThread                          0x00003681   Thumb Code     4  rtx_config.o(i.osRtxIdleThread)
    output                                   0x000036a5   Thumb Code   476  main.o(i.output)
    sendchar                                 0x0000393d   Thumb Code    64  retarget.o(i.sendchar)
    server                                   0x00003981   Thumb Code   116  main.o(i.server)
    _get_lc_numeric                          0x00003a09   Thumb Code    44  lc_numeric_c.o(locale$$code)
    __fpl_dretinf                            0x00003a35   Thumb Code    12  dretinf.o(x$fpl$dretinf)
    __aeabi_f2d                              0x00003a41   Thumb Code     0  f2d.o(x$fpl$f2d)
    _f2d                                     0x00003a41   Thumb Code    86  f2d.o(x$fpl$f2d)
    __aeabi_fadd                             0x00003a99   Thumb Code     0  faddsub_clz.o(x$fpl$fadd)
    _fadd                                    0x00003a99   Thumb Code   196  faddsub_clz.o(x$fpl$fadd)
    __aeabi_fdiv                             0x00003b5d   Thumb Code     0  fdiv.o(x$fpl$fdiv)
    _fdiv                                    0x00003b5d   Thumb Code   384  fdiv.o(x$fpl$fdiv)
    __aeabi_i2f                              0x00003ce1   Thumb Code     0  fflt_clz.o(x$fpl$fflt)
    _fflt                                    0x00003ce1   Thumb Code    48  fflt_clz.o(x$fpl$fflt)
    __aeabi_ui2f                             0x00003d11   Thumb Code     0  fflt_clz.o(x$fpl$ffltu)
    _ffltu                                   0x00003d11   Thumb Code    38  fflt_clz.o(x$fpl$ffltu)
    __aeabi_fmul                             0x00003d39   Thumb Code     0  fmul.o(x$fpl$fmul)
    _fmul                                    0x00003d39   Thumb Code   258  fmul.o(x$fpl$fmul)
    __fpl_fnaninf                            0x00003e3b   Thumb Code   140  fnaninf.o(x$fpl$fnaninf)
    __fpl_fretinf                            0x00003ec7   Thumb Code    10  fretinf.o(x$fpl$fretinf)
    __aeabi_fsub                             0x00003ed1   Thumb Code     0  faddsub_clz.o(x$fpl$fsub)
    _fsub                                    0x00003ed1   Thumb Code   234  faddsub_clz.o(x$fpl$fsub)
    _printf_fp_dec                           0x00003fbb   Thumb Code     4  printf1.o(x$fpl$printf1)
    __I$use$fp                               0x00003fbe   Number         0  usenofp.o(x$fpl$usenofp)
    osRtxUserSVC                             0x00004020   Data           4  rtx_lib.o(.constdata)
    irqRtxLib                                0x00004024   Data           1  irq_cm3.o(.constdata)
    osRtxConfig                              0x00004104   Data         104  rtx_lib.o(.rodata)
    os_cb_sections                           0x0000416c   Data          56  rtx_lib.o(.rodata)
    Region$$Table$$Base                      0x000041b0   Number         0  anon$$obj.o(Region$$Table)
    Region$$Table$$Limit                     0x000041f0   Number         0  anon$$obj.o(Region$$Table)
    .bss.os.msgqueue.cb$$Base                0x10002040   Number         0  rtx_lib.o(.bss.os.msgqueue.cb)
    .bss.os.msgqueue.cb$$Limit               0x10002074   Number         0  rtx_lib.o(.bss.os.msgqueue.cb)
    .bss.os.thread.cb$$Base                  0x100020c4   Number         0  rtx_lib.o(.bss.os.thread.cb)
    .bss.os.thread.cb$$Limit                 0x1000214c   Number         0  rtx_lib.o(.bss.os.thread.cb)
    uart_init_called                         0x1000214c   Data           1  retarget.o(.data)
    __stdout                                 0x10002150   Data           4  retarget.o(.data)
    __stdin                                  0x10002154   Data           4  retarget.o(.data)
    __libspace_start                         0x10002158   Data          96  libspace.o(.bss)
    __temporary_stack_top$libspace           0x100021b8   Data           0  libspace.o(.bss)
    ITM_RxBuffer                             0x2007c810   Data           4  uart.o(.data)
    UART0Status                              0x2007c814   Data           4  uart.o(.data)
    UART1Status                              0x2007c818   Data           4  uart.o(.data)
    UART0TxEmpty                             0x2007c81c   Data           1  uart.o(.data)
    UART1TxEmpty                             0x2007c81d   Data           1  uart.o(.data)
    UART0Count                               0x2007c820   Data           4  uart.o(.data)
    UART1Count                               0x2007c824   Data           4  uart.o(.data)
    RcvLock0                                 0x2007c828   Data           1  uart.o(.data)
    SndLock0                                 0x2007c829   Data           1  uart.o(.data)
    RcvLock1                                 0x2007c82a   Data           1  uart.o(.data)
    SndLock1                                 0x2007c82b   Data           1  uart.o(.data)
    i                                        0x2007c82c   Data           4  uart.o(.data)
    queueId                                  0x2007c830   Data           8  main.o(.data)
    timeElapsed                              0x2007c838   Data           4  main.o(.data)
    msgIn                                    0x2007c83c   Data           4  main.o(.data)
    msgOut                                   0x2007c840   Data           4  main.o(.data)
    serverNum                                0x2007c844   Data           8  main.o(.data)
    clientNum                                0x2007c84c   Data           8  main.o(.data)
    messageTot                               0x2007c854   Data           8  main.o(.data)
    sent                                     0x2007c85c   Data           8  main.o(.data)
    failed                                   0x2007c864   Data           8  main.o(.data)
    received                                 0x2007c86c   Data           8  main.o(.data)
    avgLossRatio                             0x2007c874   Data           8  main.o(.data)
    avgArrivalRate                           0x2007c87c   Data           8  main.o(.data)
    avgServiceRate                           0x2007c884   Data           8  main.o(.data)
    irqRtxLibRef                             0x2007c88c   Data           4  rtx_lib.o(.data)
    SystemCoreClock                          0x2007c894   Data           4  system_lpc17xx.o(.data)
    osRtxInfo                                0x2007c898   Data         164  rtx_kernel.o(.data.os)
    UART0Buffer                              0x2007c93c   Data          64  uart.o(.bss)
    UART1Buffer                              0x2007c97c   Data          64  uart.o(.bss)



==============================================================================

Memory Map of the image

  Image Entry point : 0x000000cd

  Load Region LR_IROM1 (Base: 0x00000000, Size: 0x00006ca0, Max: 0x00080000, ABSOLUTE, COMPRESSED[0x000045cc])

    Execution Region ER_IROM1 (Exec base: 0x00000000, Load base: 0x00000000, Size: 0x0000420c, Max: 0x00080000, ABSOLUTE)

    Exec Addr    Load Addr    Size         Type   Attr      Idx    E Section Name        Object

    0x00000000   0x00000000   0x000000cc   Data   RO          434    RESET               startup_lpc17xx.o
    0x000000cc   0x000000cc   0x00000008   Code   RO          994  * !!!main             c_w.l(__main.o)
    0x000000d4   0x000000d4   0x00000034   Code   RO         1246    !!!scatter          c_w.l(__scatter.o)
    0x00000108   0x00000108   0x0000005a   Code   RO         1244    !!dczerorl2         c_w.l(__dczerorl2.o)
    0x00000162   0x00000162   0x00000002   PAD
    0x00000164   0x00000164   0x0000001c   Code   RO         1248    !!handler_zi        c_w.l(__scatter_zi.o)
    0x00000180   0x00000180   0x00000000   Code   RO          985    .ARM.Collect$$_printf_percent$$00000000  c_w.l(_printf_percent.o)
    0x00000180   0x00000180   0x00000006   Code   RO          984    .ARM.Collect$$_printf_percent$$00000003  c_w.l(_printf_f.o)
    0x00000186   0x00000186   0x00000006   Code   RO          983    .ARM.Collect$$_printf_percent$$00000009  c_w.l(_printf_d.o)
    0x0000018c   0x0000018c   0x00000006   Code   RO          982    .ARM.Collect$$_printf_percent$$00000014  c_w.l(_printf_s.o)
    0x00000192   0x00000192   0x00000004   Code   RO         1031    .ARM.Collect$$_printf_percent$$00000017  c_w.l(_printf_percent_end.o)
    0x00000196   0x00000196   0x00000002   Code   RO         1121    .ARM.Collect$$libinit$$00000000  c_w.l(libinit.o)
    0x00000198   0x00000198   0x00000000   Code   RO         1123    .ARM.Collect$$libinit$$00000002  c_w.l(libinit2.o)
    0x00000198   0x00000198   0x00000000   Code   RO         1125    .ARM.Collect$$libinit$$00000004  c_w.l(libinit2.o)
    0x00000198   0x00000198   0x00000000   Code   RO         1128    .ARM.Collect$$libinit$$0000000A  c_w.l(libinit2.o)
    0x00000198   0x00000198   0x00000000   Code   RO         1130    .ARM.Collect$$libinit$$0000000C  c_w.l(libinit2.o)
    0x00000198   0x00000198   0x00000000   Code   RO         1132    .ARM.Collect$$libinit$$0000000E  c_w.l(libinit2.o)
    0x00000198   0x00000198   0x00000006   Code   RO         1133    .ARM.Collect$$libinit$$0000000F  c_w.l(libinit2.o)
    0x0000019e   0x0000019e   0x00000000   Code   RO         1135    .ARM.Collect$$libinit$$00000011  c_w.l(libinit2.o)
    0x0000019e   0x0000019e   0x00000000   Code   RO         1137    .ARM.Collect$$libinit$$00000013  c_w.l(libinit2.o)
    0x0000019e   0x0000019e   0x00000000   Code   RO         1139    .ARM.Collect$$libinit$$00000015  c_w.l(libinit2.o)
    0x0000019e   0x0000019e   0x0000000a   Code   RO         1140    .ARM.Collect$$libinit$$00000016  c_w.l(libinit2.o)
    0x000001a8   0x000001a8   0x00000000   Code   RO         1141    .ARM.Collect$$libinit$$00000017  c_w.l(libinit2.o)
    0x000001a8   0x000001a8   0x00000000   Code   RO         1143    .ARM.Collect$$libinit$$00000019  c_w.l(libinit2.o)
    0x000001a8   0x000001a8   0x00000000   Code   RO         1145    .ARM.Collect$$libinit$$0000001B  c_w.l(libinit2.o)
    0x000001a8   0x000001a8   0x00000000   Code   RO         1147    .ARM.Collect$$libinit$$0000001D  c_w.l(libinit2.o)
    0x000001a8   0x000001a8   0x00000000   Code   RO         1149    .ARM.Collect$$libinit$$0000001F  c_w.l(libinit2.o)
    0x000001a8   0x000001a8   0x00000000   Code   RO         1151    .ARM.Collect$$libinit$$00000021  c_w.l(libinit2.o)
    0x000001a8   0x000001a8   0x00000000   Code   RO         1153    .ARM.Collect$$libinit$$00000023  c_w.l(libinit2.o)
    0x000001a8   0x000001a8   0x00000000   Code   RO         1155    .ARM.Collect$$libinit$$00000025  c_w.l(libinit2.o)
    0x000001a8   0x000001a8   0x00000000   Code   RO         1159    .ARM.Collect$$libinit$$0000002C  c_w.l(libinit2.o)
    0x000001a8   0x000001a8   0x00000000   Code   RO         1161    .ARM.Collect$$libinit$$0000002E  c_w.l(libinit2.o)
    0x000001a8   0x000001a8   0x00000000   Code   RO         1163    .ARM.Collect$$libinit$$00000030  c_w.l(libinit2.o)
    0x000001a8   0x000001a8   0x00000000   Code   RO         1165    .ARM.Collect$$libinit$$00000032  c_w.l(libinit2.o)
    0x000001a8   0x000001a8   0x00000002   Code   RO         1166    .ARM.Collect$$libinit$$00000033  c_w.l(libinit2.o)
    0x000001aa   0x000001aa   0x00000002   Code   RO         1206    .ARM.Collect$$libshutdown$$00000000  c_w.l(libshutdown.o)
    0x000001ac   0x000001ac   0x00000000   Code   RO         1227    .ARM.Collect$$libshutdown$$00000002  c_w.l(libshutdown2.o)
    0x000001ac   0x000001ac   0x00000000   Code   RO         1229    .ARM.Collect$$libshutdown$$00000004  c_w.l(libshutdown2.o)
    0x000001ac   0x000001ac   0x00000000   Code   RO         1232    .ARM.Collect$$libshutdown$$00000007  c_w.l(libshutdown2.o)
    0x000001ac   0x000001ac   0x00000000   Code   RO         1235    .ARM.Collect$$libshutdown$$0000000A  c_w.l(libshutdown2.o)
    0x000001ac   0x000001ac   0x00000000   Code   RO         1237    .ARM.Collect$$libshutdown$$0000000C  c_w.l(libshutdown2.o)
    0x000001ac   0x000001ac   0x00000000   Code   RO         1240    .ARM.Collect$$libshutdown$$0000000F  c_w.l(libshutdown2.o)
    0x000001ac   0x000001ac   0x00000002   Code   RO         1241    .ARM.Collect$$libshutdown$$00000010  c_w.l(libshutdown2.o)
    0x000001ae   0x000001ae   0x00000000   Code   RO         1018    .ARM.Collect$$rtentry$$00000000  c_w.l(__rtentry.o)
    0x000001ae   0x000001ae   0x00000000   Code   RO         1042    .ARM.Collect$$rtentry$$00000002  c_w.l(__rtentry2.o)
    0x000001ae   0x000001ae   0x00000006   Code   RO         1054    .ARM.Collect$$rtentry$$00000004  c_w.l(__rtentry4.o)
    0x000001b4   0x000001b4   0x00000008   Code   RO         1043    .ARM.Collect$$rtentry$$00000008  c_w.l(__rtentry2.o)
    0x000001bc   0x000001bc   0x00000004   Code   RO         1045    .ARM.Collect$$rtentry$$0000000A  c_w.l(__rtentry2.o)
    0x000001c0   0x000001c0   0x00000000   Code   RO         1047    .ARM.Collect$$rtentry$$0000000C  c_w.l(__rtentry2.o)
    0x000001c0   0x000001c0   0x00000008   Code   RO         1048    .ARM.Collect$$rtentry$$0000000D  c_w.l(__rtentry2.o)
    0x000001c8   0x000001c8   0x00000002   Code   RO         1167    .ARM.Collect$$rtexit$$00000000  c_w.l(rtexit.o)
    0x000001ca   0x000001ca   0x00000000   Code   RO         1180    .ARM.Collect$$rtexit$$00000002  c_w.l(rtexit2.o)
    0x000001ca   0x000001ca   0x00000004   Code   RO         1181    .ARM.Collect$$rtexit$$00000003  c_w.l(rtexit2.o)
    0x000001ce   0x000001ce   0x00000006   Code   RO         1182    .ARM.Collect$$rtexit$$00000004  c_w.l(rtexit2.o)
    0x000001d4   0x000001d4   0x00000040   Code   RO          436    .text               startup_lpc17xx.o
    0x00000214   0x00000214   0x00000094   Code   RO          790    .text               RTX_CM3.lib(irq_cm3.o)
    0x000002a8   0x000002a8   0x00000018   Code   RO          952    .text               c_w.l(noretval__2printf.o)
    0x000002c0   0x000002c0   0x00000006   Code   RO          992    .text               c_w.l(heapauxi.o)
    0x000002c6   0x000002c6   0x0000002c   Code   RO         1027    .text               c_w.l(_printf_char.o)
    0x000002f2   0x000002f2   0x0000000a   Code   RO         1063    .text               c_w.l(rt_locale_twolibspace.o)
    0x000002fc   0x000002fc   0x00000004   Code   RO          435    .ARM.__at_0x02FC    startup_lpc17xx.o
    0x00000300   0x00000300   0x000000ee   Code   RO          948    .text               c_w.l(lludivv7m.o)
    0x000003ee   0x000003ee   0x0000004e   Code   RO          956    .text               c_w.l(_printf_pad.o)
    0x0000043c   0x0000043c   0x00000052   Code   RO          958    .text               c_w.l(_printf_str.o)
    0x0000048e   0x0000048e   0x00000002   PAD
    0x00000490   0x00000490   0x00000078   Code   RO          960    .text               c_w.l(_printf_dec.o)
    0x00000508   0x00000508   0x0000010e   Code   RO          970    .text               c_w.l(__printf_wp.o)
    0x00000616   0x00000616   0x0000008a   Code   RO          986    .text               c_w.l(rt_memcpy_v6.o)
    0x000006a0   0x000006a0   0x00000044   Code   RO          988    .text               c_w.l(rt_memclr.o)
    0x000006e4   0x000006e4   0x0000004e   Code   RO          990    .text               c_w.l(rt_memclr_w.o)
    0x00000732   0x00000732   0x000000b2   Code   RO         1023    .text               c_w.l(_printf_intcommon.o)
    0x000007e4   0x000007e4   0x0000041e   Code   RO         1025    .text               c_w.l(_printf_fp_dec.o)
    0x00000c02   0x00000c02   0x00000002   PAD
    0x00000c04   0x00000c04   0x00000024   Code   RO         1029    .text               c_w.l(_printf_char_file.o)
    0x00000c28   0x00000c28   0x00000064   Code   RO         1032    .text               c_w.l(rt_memcpy_w.o)
    0x00000c8c   0x00000c8c   0x0000008a   Code   RO         1065    .text               c_w.l(lludiv10.o)
    0x00000d16   0x00000d16   0x00000002   PAD
    0x00000d18   0x00000d18   0x00000030   Code   RO         1067    .text               c_w.l(_printf_char_common.o)
    0x00000d48   0x00000d48   0x00000080   Code   RO         1069    .text               c_w.l(_printf_fp_infnan.o)
    0x00000dc8   0x00000dc8   0x000000e4   Code   RO         1071    .text               c_w.l(bigflt0.o)
    0x00000eac   0x00000eac   0x00000008   Code   RO         1103    .text               c_w.l(libspace.o)
    0x00000eb4   0x00000eb4   0x0000004a   Code   RO         1106    .text               c_w.l(sys_stackheap_outer.o)
    0x00000efe   0x00000efe   0x00000012   Code   RO         1110    .text               c_w.l(exit.o)
    0x00000f10   0x00000f10   0x00000080   Code   RO         1116    .text               c_w.l(strcmpv7m.o)
    0x00000f90   0x00000f90   0x00000040   Code   RO          773    .text.MessageQueueGet  RTX_CM3.lib(rtx_msgqueue.o)
    0x00000fd0   0x00000fd0   0x00000058   Code   RO          767    .text.MessageQueuePut  RTX_CM3.lib(rtx_msgqueue.o)
    0x00001028   0x00001028   0x0000001c   Code   RO          765    .text.MessageQueueRemove  RTX_CM3.lib(rtx_msgqueue.o)
    0x00001044   0x00001044   0x0000000c   Code   RO          925    .text.OS_Tick_AcknowledgeIRQ  RTX_CM3.lib(os_systick.o)
    0x00001050   0x00001050   0x0000002c   Code   RO          921    .text.OS_Tick_Enable  RTX_CM3.lib(os_systick.o)
    0x0000107c   0x0000107c   0x00000006   Code   RO          927    .text.OS_Tick_GetIRQn  RTX_CM3.lib(os_systick.o)
    0x00001082   0x00001082   0x00000002   PAD
    0x00001084   0x00001084   0x00000040   Code   RO          919    .text.OS_Tick_Setup  RTX_CM3.lib(os_systick.o)
    0x000010c4   0x000010c4   0x0000006e   Code   RO          626    .text.ThreadFlagsCheck  RTX_CM3.lib(rtx_thread.o)
    0x00001132   0x00001132   0x00000002   PAD
    0x00001134   0x00001134   0x00000048   Code   RO          811    .text.TimerInsert   RTX_CM3.lib(rtx_timer.o)
    0x0000117c   0x0000117c   0x00000024   Code   RO          679    .text.osDelay       RTX_CM3.lib(rtx_delay.o)
    0x000011a0   0x000011a0   0x00000030   Code   RO          487    .text.osKernelGetState  RTX_CM3.lib(rtx_kernel.o)
    0x000011d0   0x000011d0   0x00000028   Code   RO          503    .text.osKernelGetTickCount  RTX_CM3.lib(rtx_kernel.o)
    0x000011f8   0x000011f8   0x00000028   Code   RO          507    .text.osKernelGetTickFreq  RTX_CM3.lib(rtx_kernel.o)
    0x00001220   0x00001220   0x0000002c   Code   RO          481    .text.osKernelInitialize  RTX_CM3.lib(rtx_kernel.o)
    0x0000124c   0x0000124c   0x00000024   Code   RO          491    .text.osKernelStart  RTX_CM3.lib(rtx_kernel.o)
    0x00001270   0x00001270   0x0000006c   Code   RO          739    .text.osMessageQueueGet  RTX_CM3.lib(rtx_msgqueue.o)
    0x000012dc   0x000012dc   0x00000030   Code   RO          749    .text.osMessageQueueGetCount  RTX_CM3.lib(rtx_msgqueue.o)
    0x0000130c   0x0000130c   0x00000024   Code   RO          733    .text.osMessageQueueNew  RTX_CM3.lib(rtx_msgqueue.o)
    0x00001330   0x00001330   0x00000078   Code   RO          737    .text.osMessageQueuePut  RTX_CM3.lib(rtx_msgqueue.o)
    0x000013a8   0x000013a8   0x00000024   Code   RO          704    .text.osMutexAcquire  RTX_CM3.lib(rtx_mutex.o)
    0x000013cc   0x000013cc   0x00000024   Code   RO          710    .text.osMutexDelete  RTX_CM3.lib(rtx_mutex.o)
    0x000013f0   0x000013f0   0x00000024   Code   RO          700    .text.osMutexNew    RTX_CM3.lib(rtx_mutex.o)
    0x00001414   0x00001414   0x00000024   Code   RO          706    .text.osMutexRelease  RTX_CM3.lib(rtx_mutex.o)
    0x00001438   0x00001438   0x00000002   Code   RO          479    .text.osRtxKernelPreInit  RTX_CM3.lib(rtx_kernel.o)
    0x0000143a   0x0000143a   0x00000070   Code   RO          838    .text.osRtxMemoryAlloc  RTX_CM3.lib(rtx_memory.o)
    0x000014aa   0x000014aa   0x00000046   Code   RO          840    .text.osRtxMemoryFree  RTX_CM3.lib(rtx_memory.o)
    0x000014f0   0x000014f0   0x0000003c   Code   RO          836    .text.osRtxMemoryInit  RTX_CM3.lib(rtx_memory.o)
    0x0000152c   0x0000152c   0x0000003a   Code   RO          853    .text.osRtxMemoryPoolAlloc  RTX_CM3.lib(rtx_mempool.o)
    0x00001566   0x00001566   0x0000004a   Code   RO          855    .text.osRtxMemoryPoolFree  RTX_CM3.lib(rtx_mempool.o)
    0x000015b0   0x000015b0   0x00000036   Code   RO          851    .text.osRtxMemoryPoolInit  RTX_CM3.lib(rtx_mempool.o)
    0x000015e6   0x000015e6   0x000000ba   Code   RO          763    .text.osRtxMessageQueuePostProcess  RTX_CM3.lib(rtx_msgqueue.o)
    0x000016a0   0x000016a0   0x00000048   Code   RO          696    .text.osRtxMutexOwnerRelease  RTX_CM3.lib(rtx_mutex.o)
    0x000016e8   0x000016e8   0x00000042   Code   RO          698    .text.osRtxMutexOwnerRestore  RTX_CM3.lib(rtx_mutex.o)
    0x0000172a   0x0000172a   0x00000002   PAD
    0x0000172c   0x0000172c   0x0000008c   Code   RO          906    .text.osRtxPendSV_Handler  RTX_CM3.lib(rtx_system.o)
    0x000017b8   0x000017b8   0x00000074   Code   RO          908    .text.osRtxPostProcess  RTX_CM3.lib(rtx_system.o)
    0x0000182c   0x0000182c   0x00000038   Code   RO          566    .text.osRtxThreadBlock  RTX_CM3.lib(rtx_thread.o)
    0x00001864   0x00001864   0x00000074   Code   RO          574    .text.osRtxThreadDelayInsert  RTX_CM3.lib(rtx_thread.o)
    0x000018d8   0x000018d8   0x0000003c   Code   RO          570    .text.osRtxThreadDelayRemove  RTX_CM3.lib(rtx_thread.o)
    0x00001914   0x00001914   0x0000004c   Code   RO          554    .text.osRtxThreadDelayTick  RTX_CM3.lib(rtx_thread.o)
    0x00001960   0x00001960   0x00000058   Code   RO          564    .text.osRtxThreadDispatch  RTX_CM3.lib(rtx_thread.o)
    0x000019b8   0x000019b8   0x00000058   Code   RO          650    .text.osRtxThreadFree  RTX_CM3.lib(rtx_thread.o)
    0x00001a10   0x00001a10   0x00000012   Code   RO          546    .text.osRtxThreadListGet  RTX_CM3.lib(rtx_thread.o)
    0x00001a22   0x00001a22   0x0000002c   Code   RO          544    .text.osRtxThreadListPut  RTX_CM3.lib(rtx_thread.o)
    0x00001a4e   0x00001a4e   0x00000014   Code   RO          550    .text.osRtxThreadListRemove  RTX_CM3.lib(rtx_thread.o)
    0x00001a62   0x00001a62   0x0000000c   Code   RO          556    .text.osRtxThreadListRoot  RTX_CM3.lib(rtx_thread.o)
    0x00001a6e   0x00001a6e   0x00000026   Code   RO          548    .text.osRtxThreadListSort  RTX_CM3.lib(rtx_thread.o)
    0x00001a94   0x00001a94   0x00000028   Code   RO          624    .text.osRtxThreadPostProcess  RTX_CM3.lib(rtx_thread.o)
    0x00001abc   0x00001abc   0x00000014   Code   RO          552    .text.osRtxThreadReadyPut  RTX_CM3.lib(rtx_thread.o)
    0x00001ad0   0x00001ad0   0x00000006   Code   RO          558    .text.osRtxThreadRegPtr  RTX_CM3.lib(rtx_thread.o)
    0x00001ad6   0x00001ad6   0x00000002   PAD
    0x00001ad8   0x00001ad8   0x00000028   Code   RO          562    .text.osRtxThreadStackCheck  RTX_CM3.lib(rtx_thread.o)
    0x00001b00   0x00001b00   0x00000040   Code   RO          576    .text.osRtxThreadStartup  RTX_CM3.lib(rtx_thread.o)
    0x00001b40   0x00001b40   0x00000010   Code   RO          560    .text.osRtxThreadSwitch  RTX_CM3.lib(rtx_thread.o)
    0x00001b50   0x00001b50   0x00000038   Code   RO          572    .text.osRtxThreadWaitEnter  RTX_CM3.lib(rtx_thread.o)
    0x00001b88   0x00001b88   0x00000024   Code   RO          568    .text.osRtxThreadWaitExit  RTX_CM3.lib(rtx_thread.o)
    0x00001bac   0x00001bac   0x00000070   Code   RO          904    .text.osRtxTick_Handler  RTX_CM3.lib(rtx_system.o)
    0x00001c1c   0x00001c1c   0x0000003c   Code   RO          795    .text.osRtxTimerThread  RTX_CM3.lib(rtx_timer.o)
    0x00001c58   0x00001c58   0x00000054   Code   RO          797    .text.osRtxTimerTick  RTX_CM3.lib(rtx_timer.o)
    0x00001cac   0x00001cac   0x0000000c   Code   RO          608    .text.osThreadExit  RTX_CM3.lib(rtx_thread.o)
    0x00001cb8   0x00001cb8   0x00000024   Code   RO          580    .text.osThreadNew   RTX_CM3.lib(rtx_thread.o)
    0x00001cdc   0x00001cdc   0x00000024   Code   RO          598    .text.osThreadYield  RTX_CM3.lib(rtx_thread.o)
    0x00001d00   0x00001d00   0x00000014   Code   RO          683    .text.svcRtxDelay   RTX_CM3.lib(rtx_delay.o)
    0x00001d14   0x00001d14   0x0000000c   Code   RO          489    .text.svcRtxKernelGetState  RTX_CM3.lib(rtx_kernel.o)
    0x00001d20   0x00001d20   0x0000000c   Code   RO          505    .text.svcRtxKernelGetTickCount  RTX_CM3.lib(rtx_kernel.o)
    0x00001d2c   0x00001d2c   0x0000000c   Code   RO          509    .text.svcRtxKernelGetTickFreq  RTX_CM3.lib(rtx_kernel.o)
    0x00001d38   0x00001d38   0x00000150   Code   RO          519    .text.svcRtxKernelInitialize  RTX_CM3.lib(rtx_kernel.o)
    0x00001e88   0x00001e88   0x00000088   Code   RO          521    .text.svcRtxKernelStart  RTX_CM3.lib(rtx_kernel.o)
    0x00001f10   0x00001f10   0x000000e0   Code   RO          775    .text.svcRtxMessageQueueGet  RTX_CM3.lib(rtx_msgqueue.o)
    0x00001ff0   0x00001ff0   0x00000010   Code   RO          751    .text.svcRtxMessageQueueGetCount  RTX_CM3.lib(rtx_msgqueue.o)
    0x00002000   0x00002000   0x00000130   Code   RO          761    .text.svcRtxMessageQueueNew  RTX_CM3.lib(rtx_msgqueue.o)
    0x00002130   0x00002130   0x000000c0   Code   RO          771    .text.svcRtxMessageQueuePut  RTX_CM3.lib(rtx_msgqueue.o)
    0x000021f0   0x000021f0   0x00000094   Code   RO          716    .text.svcRtxMutexAcquire  RTX_CM3.lib(rtx_mutex.o)
    0x00002284   0x00002284   0x000000b0   Code   RO          722    .text.svcRtxMutexDelete  RTX_CM3.lib(rtx_mutex.o)
    0x00002334   0x00002334   0x00000068   Code   RO          712    .text.svcRtxMutexNew  RTX_CM3.lib(rtx_mutex.o)
    0x0000239c   0x0000239c   0x000000b4   Code   RO          718    .text.svcRtxMutexRelease  RTX_CM3.lib(rtx_mutex.o)
    0x00002450   0x00002450   0x00000068   Code   RO          654    .text.svcRtxThreadExit  RTX_CM3.lib(rtx_thread.o)
    0x000024b8   0x000024b8   0x000001d0   Code   RO          578    .text.svcRtxThreadNew  RTX_CM3.lib(rtx_thread.o)
    0x00002688   0x00002688   0x00000038   Code   RO          640    .text.svcRtxThreadYield  RTX_CM3.lib(rtx_thread.o)
    0x000026c0   0x000026c0   0x0000003e   Code   RO         1074    CL$$btod_d2e        c_w.l(btod.o)
    0x000026fe   0x000026fe   0x00000046   Code   RO         1076    CL$$btod_d2e_denorm_low  c_w.l(btod.o)
    0x00002744   0x00002744   0x00000060   Code   RO         1075    CL$$btod_d2e_norm_op1  c_w.l(btod.o)
    0x000027a4   0x000027a4   0x00000338   Code   RO         1084    CL$$btod_div_common  c_w.l(btod.o)
    0x00002adc   0x00002adc   0x000000dc   Code   RO         1081    CL$$btod_e2e        c_w.l(btod.o)
    0x00002bb8   0x00002bb8   0x0000002a   Code   RO         1078    CL$$btod_ediv       c_w.l(btod.o)
    0x00002be2   0x00002be2   0x0000002a   Code   RO         1077    CL$$btod_emul       c_w.l(btod.o)
    0x00002c0c   0x00002c0c   0x00000244   Code   RO         1083    CL$$btod_mult_common  c_w.l(btod.o)
    0x00002e50   0x00002e50   0x00000006   Code   RO          107    i.Free              uart.o
    0x00002e56   0x00002e56   0x00000002   PAD
    0x00002e58   0x00002e58   0x00000024   Code   RO          108    i.FreeRcv           uart.o
    0x00002e7c   0x00002e7c   0x00000024   Code   RO          109    i.FreeSnd           uart.o
    0x00002ea0   0x00002ea0   0x000001a8   Code   RO          445    i.SystemCoreClockUpdate  system_lpc17xx.o
    0x00003048   0x00003048   0x00000140   Code   RO          446    i.SystemInit        system_lpc17xx.o
    0x00003188   0x00003188   0x00000068   Code   RO          113    i.UART0_IRQHandler  uart.o
    0x000031f0   0x000031f0   0x00000070   Code   RO          114    i.UART1_IRQHandler  uart.o
    0x00003260   0x00003260   0x000000bc   Code   RO          115    i.UARTInit          uart.o
    0x0000331c   0x0000331c   0x00000024   Code   RO          119    i.UARTSendChar      uart.o
    0x00003340   0x00003340   0x00000028   Code   RO         1101    i.__ARM_fpclassify  m_ws.l(fpclassify.o)
    0x00003368   0x00003368   0x00000022   Code   RO          120    i.__NVIC_EnableIRQ  uart.o
    0x0000338a   0x0000338a   0x0000000e   Code   RO          972    i._is_digit         c_w.l(__printf_wp.o)
    0x00003398   0x00003398   0x00000016   Code   RO          315    i._mutex_acquire    rtx_lib.o
    0x000033ae   0x000033ae   0x0000000c   Code   RO          316    i._mutex_free       rtx_lib.o
    0x000033ba   0x000033ba   0x00000022   Code   RO          317    i._mutex_initialize  rtx_lib.o
    0x000033dc   0x000033dc   0x00000012   Code   RO          318    i._mutex_release    rtx_lib.o
    0x000033ee   0x000033ee   0x00000008   Code   RO          319    i._platform_post_stackheap_init  rtx_lib.o
    0x000033f6   0x000033f6   0x00000004   Code   RO           40    i._sys_exit         retarget.o
    0x000033fa   0x000033fa   0x00000002   PAD
    0x000033fc   0x000033fc   0x000000e8   Code   RO          241    i.client            main.o
    0x000034e4   0x000034e4   0x00000008   Code   RO           42    i.ferror            retarget.o
    0x000034ec   0x000034ec   0x0000000e   Code   RO           44    i.fputc             retarget.o
    0x000034fa   0x000034fa   0x00000002   PAD
    0x000034fc   0x000034fc   0x00000048   Code   RO          121    i.getFrequency      uart.o
    0x00003544   0x00003544   0x00000090   Code   RO            1    i.lfsr113           lfsr113.o
    0x000035d4   0x000035d4   0x00000078   Code   RO          242    i.main              main.o
    0x0000364c   0x0000364c   0x00000014   Code   RO           23    i.next_event        random.o
    0x00003660   0x00003660   0x00000020   Code   RO          401    i.osRtxErrorNotify  rtx_config.o
    0x00003680   0x00003680   0x00000004   Code   RO          402    i.osRtxIdleThread   rtx_config.o
    0x00003684   0x00003684   0x00000020   Code   RO          320    i.os_kernel_is_active  rtx_lib.o
    0x000036a4   0x000036a4   0x00000298   Code   RO          243    i.output            main.o
    0x0000393c   0x0000393c   0x00000044   Code   RO           46    i.sendchar          retarget.o
    0x00003980   0x00003980   0x00000088   Code   RO          244    i.server            main.o
    0x00003a08   0x00003a08   0x0000002c   Code   RO         1097    locale$$code        c_w.l(lc_numeric_c.o)
    0x00003a34   0x00003a34   0x0000000c   Code   RO         1034    x$fpl$dretinf       fz_ws.l(dretinf.o)
    0x00003a40   0x00003a40   0x00000056   Code   RO          996    x$fpl$f2d           fz_ws.l(f2d.o)
    0x00003a96   0x00003a96   0x00000002   PAD
    0x00003a98   0x00003a98   0x000000c4   Code   RO          998    x$fpl$fadd          fz_ws.l(faddsub_clz.o)
    0x00003b5c   0x00003b5c   0x00000184   Code   RO         1005    x$fpl$fdiv          fz_ws.l(fdiv.o)
    0x00003ce0   0x00003ce0   0x00000030   Code   RO         1009    x$fpl$fflt          fz_ws.l(fflt_clz.o)
    0x00003d10   0x00003d10   0x00000026   Code   RO         1008    x$fpl$ffltu         fz_ws.l(fflt_clz.o)
    0x00003d36   0x00003d36   0x00000002   PAD
    0x00003d38   0x00003d38   0x00000102   Code   RO         1014    x$fpl$fmul          fz_ws.l(fmul.o)
    0x00003e3a   0x00003e3a   0x0000008c   Code   RO         1036    x$fpl$fnaninf       fz_ws.l(fnaninf.o)
    0x00003ec6   0x00003ec6   0x0000000a   Code   RO         1038    x$fpl$fretinf       fz_ws.l(fretinf.o)
    0x00003ed0   0x00003ed0   0x000000ea   Code   RO         1000    x$fpl$fsub          fz_ws.l(faddsub_clz.o)
    0x00003fba   0x00003fba   0x00000004   Code   RO         1016    x$fpl$printf1       fz_ws.l(printf1.o)
    0x00003fbe   0x00003fbe   0x00000000   Code   RO         1040    x$fpl$usenofp       fz_ws.l(usenofp.o)
    0x00003fbe   0x00003fbe   0x00000002   PAD
    0x00003fc0   0x00003fc0   0x00000064   Data   RO          327    .constdata          rtx_lib.o
    0x00004024   0x00004024   0x00000001   Data   RO          789    .constdata          RTX_CM3.lib(irq_cm3.o)
    0x00004025   0x00004025   0x00000003   PAD
    0x00004028   0x00004028   0x00000094   Data   RO         1072    .constdata          c_w.l(bigflt0.o)
    0x000040bc   0x000040bc   0x00000048   Data   RO          246    .conststring        main.o
    0x00004104   0x00004104   0x000000a0   Data   RO          329    .rodata             rtx_lib.o
    0x000041a4   0x000041a4   0x0000000b   Data   RO          533    .rodata.str1.4      RTX_CM3.lib(rtx_kernel.o)
    0x000041af   0x000041af   0x00000001   PAD
    0x000041b0   0x000041b0   0x00000040   Data   RO         1242    Region$$Table       anon$$obj.o
    0x000041f0   0x000041f0   0x0000001c   Data   RO         1096    locale$$data        c_w.l(lc_numeric_c.o)


    Execution Region RW_IRAM1 (Exec base: 0x10000000, Load base: 0x0000420c, Size: 0x000021bc, Max: 0x00008000, ABSOLUTE, COMPRESSED[0x00000044])

    Exec Addr    Load Addr    Size         Type   Attr      Idx    E Section Name        Object

    0x10000000   COMPRESSED   0x00002040   Data   RW          321    .bss.os             rtx_lib.o
    0x10002040   COMPRESSED   0x00000034   Data   RW          323    .bss.os.msgqueue.cb  rtx_lib.o
    0x10002074   COMPRESSED   0x00000050   Data   RW          324    .bss.os.msgqueue.mem  rtx_lib.o
    0x100020c4   COMPRESSED   0x00000088   Data   RW          325    .bss.os.thread.cb   rtx_lib.o
    0x1000214c   COMPRESSED   0x0000000c   Data   RW           47    .data               retarget.o
    0x10002158        -       0x00000060   Zero   RW         1104    .bss                c_w.l(libspace.o)
    0x100021b8        -       0x00000001   Zero   RW          937    .bss.PendST         RTX_CM3.lib(os_systick.o)


    Execution Region RW_IRAM2 (Exec base: 0x2007c000, Load base: 0x00004250, Size: 0x000021c0, Max: 0x00008000, ABSOLUTE, COMPRESSED[0x0000037c])

    Exec Addr    Load Addr    Size         Type   Attr      Idx    E Section Name        Object

    0x2007c000   COMPRESSED   0x00000400   Data   RW          326    .bss.os.thread.stack  rtx_lib.o
    0x2007c400   COMPRESSED   0x00000010   Data   RW            2    .data               lfsr113.o
    0x2007c410   COMPRESSED   0x00000400   Data   RW           24    .data               random.o
    0x2007c810   COMPRESSED   0x00000020   Data   RW          123    .data               uart.o
    0x2007c830   COMPRESSED   0x0000005c   Data   RW          247    .data               main.o
    0x2007c88c   COMPRESSED   0x00000005   Data   RW          328    .data               rtx_lib.o
    0x2007c891   COMPRESSED   0x00000003   PAD
    0x2007c894   COMPRESSED   0x00000004   Data   RW          447    .data               system_lpc17xx.o
    0x2007c898   COMPRESSED   0x000000a4   Data   RW          534    .data.os            RTX_CM3.lib(rtx_kernel.o)
    0x2007c93c        -       0x00000080   Zero   RW          122    .bss                uart.o
    0x2007c9bc   COMPRESSED   0x00000004   PAD
    0x2007c9c0        -       0x00001000   Zero   RW          433    HEAP                startup_lpc17xx.o
    0x2007d9c0        -       0x00000800   Zero   RW          432    STACK               startup_lpc17xx.o


==============================================================================

Image component sizes


      Code (inc. data)   RO Data    RW Data    ZI Data      Debug   Object Name

       144         16          0         16          0       5210   lfsr113.o
      1152        264         72         92          0       7364   main.o
        20          4          0       1024          0        921   random.o
        94          4          0         12          0       3879   retarget.o
        36          6          0          0          0       1013   rtx_config.o
       126          4        260       9553          0      16302   rtx_lib.o
        68         30        204          0       6144       1060   startup_lpc17xx.o
       744         34          0          4          0       1447   system_lpc17xx.o
       624         86          0         32        128      23039   uart.o

    ----------------------------------------------------------------------
      3014        448        600      10736       6276      60235   Object Totals
         0          0         64          0          0          0   (incl. Generated)
         6          0          0          3          4          0   (incl. Padding)

    ----------------------------------------------------------------------

      Code (inc. data)   RO Data    RW Data    ZI Data      Debug   Library Member Name

       148         10          1          0          0        488   irq_cm3.o
       126         32          0          0          1       3105   os_systick.o
        56          4          0          0          0       2854   rtx_delay.o
       718         72         11        164          0      17231   rtx_kernel.o
       242          0          0          0          0       2478   rtx_memory.o
       186          0          0          0          0      16576   rtx_mempool.o
      1414         32          0          0          0      18694   rtx_msgqueue.o
       890         32          0          0          0      10004   rtx_mutex.o
       368         26          0          0          0       5437   rtx_system.o
      1712        100          0          0          0      32739   rtx_thread.o
       216         20          0          0          0      10445   rtx_timer.o
        90          0          0          0          0          0   __dczerorl2.o
         8          0          0          0          0         68   __main.o
       284          0          0          0          0        156   __printf_wp.o
         0          0          0          0          0          0   __rtentry.o
        20          0          0          0          0          0   __rtentry2.o
         6          0          0          0          0          0   __rtentry4.o
        52          8          0          0          0          0   __scatter.o
        28          0          0          0          0          0   __scatter_zi.o
        44          0          0          0          0        108   _printf_char.o
        48          6          0          0          0         96   _printf_char_common.o
        36          4          0          0          0         80   _printf_char_file.o
         6          0          0          0          0          0   _printf_d.o
       120         16          0          0          0         92   _printf_dec.o
         6          0          0          0          0          0   _printf_f.o
      1054          0          0          0          0        216   _printf_fp_dec.o
       128         16          0          0          0         84   _printf_fp_infnan.o
       178          0          0          0          0         88   _printf_intcommon.o
        78          0          0          0          0        108   _printf_pad.o
         0          0          0          0          0          0   _printf_percent.o
         4          0          0          0          0          0   _printf_percent_end.o
         6          0          0          0          0          0   _printf_s.o
        82          0          0          0          0         80   _printf_str.o
       228          4        148          0          0         96   bigflt0.o
      1936        128          0          0          0        672   btod.o
        18          0          0          0          0         80   exit.o
         6          0          0          0          0        152   heapauxi.o
        44         10         28          0          0         76   lc_numeric_c.o
         2          0          0          0          0          0   libinit.o
        18          0          0          0          0          0   libinit2.o
         2          0          0          0          0          0   libshutdown.o
         2          0          0          0          0          0   libshutdown2.o
         8          4          0          0         96         68   libspace.o
       138          0          0          0          0         80   lludiv10.o
       238          0          0          0          0        100   lludivv7m.o
        24          4          0          0          0         84   noretval__2printf.o
        10          0          0          0          0         76   rt_locale_twolibspace.o
        68          0          0          0          0         68   rt_memclr.o
        78          0          0          0          0         80   rt_memclr_w.o
       138          0          0          0          0         68   rt_memcpy_v6.o
       100          0          0          0          0         80   rt_memcpy_w.o
         2          0          0          0          0          0   rtexit.o
        10          0          0          0          0          0   rtexit2.o
       128          0          0          0          0         68   strcmpv7m.o
        74          0          0          0          0         80   sys_stackheap_outer.o
        12          0          0          0          0         68   dretinf.o
        86          4          0          0          0         84   f2d.o
       430          8          0          0          0        168   faddsub_clz.o
       388         76          0          0          0         96   fdiv.o
        86          0          0          0          0        136   fflt_clz.o
       258          4          0          0          0         84   fmul.o
       140          4          0          0          0         84   fnaninf.o
        10          0          0          0          0         68   fretinf.o
         4          0          0          0          0         68   printf1.o
         0          0          0          0          0          0   usenofp.o
        40          0          0          0          0         68   fpclassify.o

    ----------------------------------------------------------------------
     13102        624        192        164        100     124079   Library Totals
        22          0          4          0          3          0   (incl. Padding)

    ----------------------------------------------------------------------

      Code (inc. data)   RO Data    RW Data    ZI Data      Debug   Library Name

      6076        328         12        164          1     120051   RTX_CM3.lib
      5550        200        176          0         96       3104   c_w.l
      1414         96          0          0          0        856   fz_ws.l
        40          0          0          0          0         68   m_ws.l

    ----------------------------------------------------------------------
     13102        624        192        164        100     124079   Library Totals

    ----------------------------------------------------------------------

==============================================================================


      Code (inc. data)   RO Data    RW Data    ZI Data      Debug   

     16116       1072        792      10900       6376     180526   Grand Totals
     16116       1072        792        960       6376     180526   ELF Image Totals (compressed)
     16116       1072        792        960          0          0   ROM Totals

==============================================================================

    Total RO  Size (Code + RO Data)                16908 (  16.51kB)
    Total RW  Size (RW Data + ZI Data)             17276 (  16.87kB)
    Total ROM Size (Code + RO Data + RW Data)      17868 (  17.45kB)

==============================================================================

