Component: ARM Compiler 5.06 update 6 (build 750) Tool: armlink [4d35ed]

==============================================================================

Section Cross References

    lfsr113.o(i.lfsr113) refers to lfsr113.o(.data) for z1
    random.o(i.next_event) refers to lfsr113.o(i.lfsr113) for lfsr113
    random.o(i.next_event) refers to random.o(.data) for ln_table
    retarget.o(i._ttywrch) refers to retarget.o(i.sendchar) for sendchar
    retarget.o(i.fgetc) refers to retarget.o(i.getkey) for getkey
    retarget.o(i.fgetc) refers to retarget.o(i.sendchar) for sendchar
    retarget.o(i.fputc) refers to retarget.o(i.sendchar) for sendchar
    retarget.o(i.getkey) refers to uart.o(i.UARTInit) for UARTInit
    retarget.o(i.getkey) refers to uart.o(i.UARTReceiveChar) for UARTReceiveChar
    retarget.o(i.getkey) refers to retarget.o(.data) for uart_init_called
    retarget.o(i.sendchar) refers to uart.o(i.UARTInit) for UARTInit
    retarget.o(i.sendchar) refers to uart.o(i.UARTSendChar) for UARTSendChar
    retarget.o(i.sendchar) refers to retarget.o(.data) for uart_init_called
    uart.o(i.FreeRcv) refers to uart.o(i.Free) for Free
    uart.o(i.FreeRcv) refers to uart.o(.data) for RcvLock0
    uart.o(i.FreeSnd) refers to uart.o(i.Free) for Free
    uart.o(i.FreeSnd) refers to uart.o(.data) for SndLock0
    uart.o(i.LockRcv) refers to uart.o(i.Lock) for Lock
    uart.o(i.LockRcv) refers to uart.o(.data) for RcvLock0
    uart.o(i.LockSnd) refers to uart.o(i.Lock) for Lock
    uart.o(i.LockSnd) refers to uart.o(.data) for SndLock0
    uart.o(i.UART0_IRQHandler) refers to uart.o(.bss) for UART0Buffer
    uart.o(i.UART0_IRQHandler) refers to uart.o(.data) for UART0Count
    uart.o(i.UART1_IRQHandler) refers to uart.o(.bss) for UART1Buffer
    uart.o(i.UART1_IRQHandler) refers to uart.o(.data) for UART1Count
    uart.o(i.UARTInit) refers to uart.o(i.getFrequency) for getFrequency
    uart.o(i.UARTInit) refers to uart.o(i.__NVIC_EnableIRQ) for __NVIC_EnableIRQ
    uart.o(i.UARTInit) refers to uart.o(i.FreeRcv) for FreeRcv
    uart.o(i.UARTInit) refers to uart.o(i.FreeSnd) for FreeSnd
    uart.o(i.UARTRecieve) refers to uart.o(i.LockRcv) for LockRcv
    uart.o(i.UARTRecieve) refers to uart.o(i.FreeRcv) for FreeRcv
    uart.o(i.UARTRecieve) refers to uart.o(.data) for UART0Count
    uart.o(i.UARTRecieve) refers to uart.o(.bss) for UART0Buffer
    uart.o(i.UARTSend) refers to uart.o(i.LockSnd) for LockSnd
    uart.o(i.UARTSend) refers to uart.o(i.FreeSnd) for FreeSnd
    uart.o(i.UARTSend) refers to uart.o(.data) for UART0TxEmpty
    uart.o(i.getFrequency) refers to system_lpc17xx.o(.data) for SystemCoreClock
    main.o(i.client) refers to rtx_kernel.o(.text.osKernelGetSysTimerCount) for osKernelGetSysTimerCount
    main.o(i.client) refers to dflt_clz.o(x$fpl$dfltu) for __aeabi_ui2d
    main.o(i.client) refers to ddiv.o(x$fpl$ddiv) for __aeabi_ddiv
    main.o(i.client) refers to d2f.o(x$fpl$d2f) for __aeabi_d2f
    main.o(i.client) refers to random.o(i.next_event) for next_event
    main.o(i.client) refers to rtx_kernel.o(.text.osKernelGetTickFreq) for osKernelGetTickFreq
    main.o(i.client) refers to rtx_delay.o(.text.osDelay) for osDelay
    main.o(i.client) refers to rtx_msgqueue.o(.text.osMessageQueuePut) for osMessageQueuePut
    main.o(i.client) refers to fflt_clz.o(x$fpl$fflt) for __aeabi_i2f
    main.o(i.client) refers to fdiv.o(x$fpl$fdiv) for __aeabi_fdiv
    main.o(i.client) refers to rtx_thread.o(.text.osThreadYield) for osThreadYield
    main.o(i.client) refers to main.o(.data) for timeElapsed
    main.o(i.main) refers to system_lpc17xx.o(i.SystemInit) for SystemInit
    main.o(i.main) refers to system_lpc17xx.o(i.SystemCoreClockUpdate) for SystemCoreClockUpdate
    main.o(i.main) refers to rtx_thread.o(.text.osThreadNew) for osThreadNew
    main.o(i.main) refers to rtx_msgqueue.o(.text.osMessageQueueNew) for osMessageQueueNew
    main.o(i.main) refers to rtx_kernel.o(.text.osKernelInitialize) for osKernelInitialize
    main.o(i.main) refers to rtx_kernel.o(.text.osKernelStart) for osKernelStart
    main.o(i.main) refers to main.o(i.output) for output
    main.o(i.main) refers to main.o(.data) for serverNum
    main.o(i.main) refers to main.o(i.server) for server
    main.o(i.main) refers to main.o(i.client) for client
    main.o(i.output) refers to _printf_pad.o(.text) for _printf_pre_padding
    main.o(i.output) refers to _printf_percent.o(.ARM.Collect$$_printf_percent$$00000000) for _printf_percent
    main.o(i.output) refers to _printf_s.o(.ARM.Collect$$_printf_percent$$00000014) for _printf_s
    main.o(i.output) refers to _printf_str.o(.text) for _printf_str
    main.o(i.output) refers to _printf_d.o(.ARM.Collect$$_printf_percent$$00000009) for _printf_d
    main.o(i.output) refers to _printf_f.o(.ARM.Collect$$_printf_percent$$00000003) for _printf_f
    main.o(i.output) refers to _printf_dec.o(.text) for _printf_int_dec
[...]
    [Anonymous Symbol]                       0x10001af8   Section        0  rtx_thread.o(.text.osRtxThreadStackCheck)
    __arm_cp.9_0                             0x10001b18   Number         4  rtx_thread.o(.text.osRtxThreadStackCheck)
    __arm_cp.9_1                             0x10001b1c   Number         4  rtx_thread.o(.text.osRtxThreadStackCheck)
    [Anonymous Symbol]                       0x10001b20   Section        0  rtx_thread.o(.text.osRtxThreadStartup)
    __arm_cp.16_0                            0x10001b50   Number         4  rtx_thread.o(.text.osRtxThreadStartup)
    __arm_cp.16_1                            0x10001b54   Number         4  rtx_thread.o(.text.osRtxThreadStartup)
    __arm_cp.16_2                            0x10001b58   Number         4  rtx_thread.o(.text.osRtxThreadStartup)
    __arm_cp.16_3                            0x10001b5c   Number         4  rtx_thread.o(.text.osRtxThreadStartup)
    [Anonymous Symbol]                       0x10001b60   Section        0  rtx_thread.o(.text.osRtxThreadSwitch)
    __arm_cp.8_0                             0x10001b6c   Number         4  rtx_thread.o(.text.osRtxThreadSwitch)
    [Anonymous Symbol]                       0x10001b70   Section        0  rtx_thread.o(.text.osRtxThreadWaitEnter)
    __arm_cp.14_0                            0x10001ba4   Number         4  rtx_thread.o(.text.osRtxThreadWaitEnter)
    [Anonymous Symbol]                       0x10001ba8   Section        0  rtx_thread.o(.text.osRtxThreadWaitExit)
    [Anonymous Symbol]                       0x10001bcc   Section        0  rtx_system.o(.text.osRtxTick_Handler)
    __arm_cp.0_0                             0x10001c38   Number         4  rtx_system.o(.text.osRtxTick_Handler)
    [Anonymous Symbol]                       0x10001c3c   Section        0  rtx_timer.o(.text.osRtxTimerThread)
    __arm_cp.0_0                             0x10001c6c   Number         4  rtx_timer.o(.text.osRtxTimerThread)
    __arm_cp.0_1                             0x10001c70   Number         4  rtx_timer.o(.text.osRtxTimerThread)
    __arm_cp.0_2                             0x10001c74   Number         4  rtx_timer.o(.text.osRtxTimerThread)
    [Anonymous Symbol]                       0x10001c78   Section        0  rtx_timer.o(.text.osRtxTimerTick)
    osRtxTimerTick                           0x10001c79   Thumb Code    84  rtx_timer.o(.text.osRtxTimerTick)
    __arm_cp.1_0                             0x10001cc8   Number         4  rtx_timer.o(.text.osRtxTimerTick)
    [Anonymous Symbol]                       0x10001ccc   Section        0  rtx_thread.o(.text.osThreadExit)
    __arm_cp.32_0                            0x10001cd4   Number         4  rtx_thread.o(.text.osThreadExit)
    [Anonymous Symbol]                       0x10001cd8   Section        0  rtx_thread.o(.text.osThreadNew)
    __arm_cp.18_0                            0x10001cf8   Number         4  rtx_thread.o(.text.osThreadNew)
    [Anonymous Symbol]                       0x10001cfc   Section        0  rtx_thread.o(.text.osThreadYield)
    __arm_cp.27_0                            0x10001d1c   Number         4  rtx_thread.o(.text.osThreadYield)
    [Anonymous Symbol]                       0x10001d20   Section        0  rtx_delay.o(.text.svcRtxDelay)
    svcRtxDelay                              0x10001d21   Thumb Code    20  rtx_delay.o(.text.svcRtxDelay)
    [Anonymous Symbol]                       0x10001d34   Section        0  rtx_kernel.o(.text.svcRtxKernelGetState)
    svcRtxKernelGetState                     0x10001d35   Thumb Code    12  rtx_kernel.o(.text.svcRtxKernelGetState)
    __arm_cp.5_0                             0x10001d3c   Number         4  rtx_kernel.o(.text.svcRtxKernelGetState)
    [Anonymous Symbol]                       0x10001d40   Section        0  rtx_kernel.o(.text.svcRtxKernelGetSysTimerCount)
    svcRtxKernelGetSysTimerCount             0x10001d41   Thumb Code    40  rtx_kernel.o(.text.svcRtxKernelGetSysTimerCount)
    __arm_cp.17_0                            0x10001d64   Number         4  rtx_kernel.o(.text.svcRtxKernelGetSysTimerCount)
    [Anonymous Symbol]                       0x10001d68   Section        0  rtx_kernel.o(.text.svcRtxKernelGetTickFreq)
    svcRtxKernelGetTickFreq                  0x10001d69   Thumb Code    12  rtx_kernel.o(.text.svcRtxKernelGetTickFreq)
    __arm_cp.15_0                            0x10001d70   Number         4  rtx_kernel.o(.text.svcRtxKernelGetTickFreq)
    [Anonymous Symbol]                       0x10001d74   Section        0  rtx_kernel.o(.text.svcRtxKernelInitialize)
    svcRtxKernelInitialize                   0x10001d75   Thumb Code   336  rtx_kernel.o(.text.svcRtxKernelInitialize)
    __arm_cp.20_0                            0x10001eb8   Number         4  rtx_kernel.o(.text.svcRtxKernelInitialize)
    __arm_cp.20_1                            0x10001ebc   Number         4  rtx_kernel.o(.text.svcRtxKernelInitialize)
    __arm_cp.20_2                            0x10001ec0   Number         4  rtx_kernel.o(.text.svcRtxKernelInitialize)
    [Anonymous Symbol]                       0x10001ec4   Section        0  rtx_kernel.o(.text.svcRtxKernelStart)
    svcRtxKernelStart                        0x10001ec5   Thumb Code   136  rtx_kernel.o(.text.svcRtxKernelStart)
    __arm_cp.21_0                            0x10001f3c   Number         4  rtx_kernel.o(.text.svcRtxKernelStart)
    __arm_cp.21_1                            0x10001f40   Number         4  rtx_kernel.o(.text.svcRtxKernelStart)
    __arm_cp.21_2                            0x10001f44   Number         4  rtx_kernel.o(.text.svcRtxKernelStart)
    __arm_cp.21_3                            0x10001f48   Number         4  rtx_kernel.o(.text.svcRtxKernelStart)
    [Anonymous Symbol]                       0x10001f4c   Section        0  rtx_msgqueue.o(.text.svcRtxMessageQueueGet)
    svcRtxMessageQueueGet                    0x10001f4d   Thumb Code   224  rtx_msgqueue.o(.text.svcRtxMessageQueueGet)
    __arm_cp.21_0                            0x10002028   Number         4  rtx_msgqueue.o(.text.svcRtxMessageQueueGet)
    [Anonymous Symbol]                       0x1000202c   Section        0  rtx_msgqueue.o(.text.svcRtxMessageQueueGetCount)
    svcRtxMessageQueueGetCount               0x1000202d   Thumb Code    16  rtx_msgqueue.o(.text.svcRtxMessageQueueGetCount)
    [Anonymous Symbol]                       0x1000203c   Section        0  rtx_msgqueue.o(.text.svcRtxMessageQueueNew)
    svcRtxMessageQueueNew                    0x1000203d   Thumb Code   304  rtx_msgqueue.o(.text.svcRtxMessageQueueNew)
    __arm_cp.14_0                            0x10002164   Number         4  rtx_msgqueue.o(.text.svcRtxMessageQueueNew)
    __arm_cp.14_1                            0x10002168   Number         4  rtx_msgqueue.o(.text.svcRtxMessageQueueNew)
    [Anonymous Symbol]                       0x1000216c   Section        0  rtx_msgqueue.o(.text.svcRtxMessageQueuePut)
    svcRtxMessageQueuePut                    0x1000216d   Thumb Code   192  rtx_msgqueue.o(.text.svcRtxMessageQueuePut)
    __arm_cp.19_0                            0x10002228   Number         4  rtx_msgqueue.o(.text.svcRtxMessageQueuePut)
    [Anonymous Symbol]                       0x1000222c   Section        0  rtx_mutex.o(.text.svcRtxMutexAcquire)
    svcRtxMutexAcquire                       0x1000222d   Thumb Code   148  rtx_mutex.o(.text.svcRtxMutexAcquire)
    __arm_cp.10_0                            0x100022bc   Number         4  rtx_mutex.o(.text.svcRtxMutexAcquire)
    [Anonymous Symbol]                       0x100022c0   Section        0  rtx_mutex.o(.text.svcRtxMutexDelete)
    svcRtxMutexDelete                        0x100022c1   Thumb Code   176  rtx_mutex.o(.text.svcRtxMutexDelete)
    __arm_cp.13_0                            0x1000236c   Number         4  rtx_mutex.o(.text.svcRtxMutexDelete)
    [Anonymous Symbol]                       0x10002370   Section        0  rtx_mutex.o(.text.svcRtxMutexNew)
    svcRtxMutexNew                           0x10002371   Thumb Code   104  rtx_mutex.o(.text.svcRtxMutexNew)
    __arm_cp.8_0                             0x100023d4   Number         4  rtx_mutex.o(.text.svcRtxMutexNew)
    [Anonymous Symbol]                       0x100023d8   Section        0  rtx_mutex.o(.text.svcRtxMutexRelease)
    svcRtxMutexRelease                       0x100023d9   Thumb Code   180  rtx_mutex.o(.text.svcRtxMutexRelease)
    __arm_cp.11_0                            0x10002488   Number         4  rtx_mutex.o(.text.svcRtxMutexRelease)
    [Anonymous Symbol]                       0x1000248c   Section        0  rtx_thread.o(.text.svcRtxThreadExit)
    svcRtxThreadExit                         0x1000248d   Thumb Code   104  rtx_thread.o(.text.svcRtxThreadExit)
    __arm_cp.55_0                            0x100024f0   Number         4  rtx_thread.o(.text.svcRtxThreadExit)
    [Anonymous Symbol]                       0x100024f4   Section        0  rtx_thread.o(.text.svcRtxThreadNew)
    svcRtxThreadNew                          0x100024f5   Thumb Code   464  rtx_thread.o(.text.svcRtxThreadNew)
    __arm_cp.17_0                            0x100026b0   Number         4  rtx_thread.o(.text.svcRtxThreadNew)
    __arm_cp.17_1                            0x100026b4   Number         4  rtx_thread.o(.text.svcRtxThreadNew)
    __arm_cp.17_2                            0x100026b8   Number         4  rtx_thread.o(.text.svcRtxThreadNew)
    __arm_cp.17_3                            0x100026bc   Number         4  rtx_thread.o(.text.svcRtxThreadNew)
    __arm_cp.17_4                            0x100026c0   Number         4  rtx_thread.o(.text.svcRtxThreadNew)
    [Anonymous Symbol]                       0x100026c4   Section        0  rtx_thread.o(.text.svcRtxThreadYield)
    svcRtxThreadYield                        0x100026c5   Thumb Code    56  rtx_thread.o(.text.svcRtxThreadYield)
    __arm_cp.48_0                            0x100026f8   Number         4  rtx_thread.o(.text.svcRtxThreadYield)
    CL$$btod_d2e                             0x100026fc   Section       62  btod.o(CL$$btod_d2e)
    CL$$btod_d2e_denorm_low                  0x1000273a   Section       70  btod.o(CL$$btod_d2e_denorm_low)
    CL$$btod_d2e_norm_op1                    0x10002780   Section       96  btod.o(CL$$btod_d2e_norm_op1)
    CL$$btod_div_common                      0x100027e0   Section      824  btod.o(CL$$btod_div_common)
    CL$$btod_e2e                             0x10002b18   Section      220  btod.o(CL$$btod_e2e)
    CL$$btod_ediv                            0x10002bf4   Section       42  btod.o(CL$$btod_ediv)
    CL$$btod_emul                            0x10002c1e   Section       42  btod.o(CL$$btod_emul)
    CL$$btod_mult_common                     0x10002c48   Section      580  btod.o(CL$$btod_mult_common)
    i.Free                                   0x10002e8c   Section        0  uart.o(i.Free)
    i.FreeRcv                                0x10002e94   Section        0  uart.o(i.FreeRcv)
    i.FreeSnd                                0x10002eb8   Section        0  uart.o(i.FreeSnd)
    i.SystemCoreClockUpdate                  0x10002edc   Section        0  system_lpc17xx.o(i.SystemCoreClockUpdate)
    i.SystemInit                             0x10003084   Section        0  system_lpc17xx.o(i.SystemInit)
    i.UART0_IRQHandler                       0x100031c4   Section        0  uart.o(i.UART0_IRQHandler)
    i.UART1_IRQHandler                       0x1000322c   Section        0  uart.o(i.UART1_IRQHandler)
    i.UARTInit                               0x1000329c   Section        0  uart.o(i.UARTInit)
    i.UARTSendChar                           0x10003358   Section        0  uart.o(i.UARTSendChar)
    i.__ARM_fpclassify                       0x1000337c   Section        0  fpclassify.o(i.__ARM_fpclassify)
    i.__NVIC_EnableIRQ                       0x100033a4   Section        0  uart.o(i.__NVIC_EnableIRQ)
    __NVIC_EnableIRQ                         0x100033a5   Thumb Code    34  uart.o(i.__NVIC_EnableIRQ)
    i._is_digit                              0x100033c6   Section        0  __printf_wp.o(i._is_digit)
    i._mutex_acquire                         0x100033d4   Section        0  rtx_lib.o(i._mutex_acquire)
    __tagsym$$used                           0x100033d5   Number         0  rtx_lib.o(i._mutex_acquire)
    i._mutex_free                            0x100033ea   Section        0  rtx_lib.o(i._mutex_free)
    __tagsym$$used                           0x100033eb   Number         0  rtx_lib.o(i._mutex_free)
    i._mutex_initialize                      0x100033f6   Section        0  rtx_lib.o(i._mutex_initialize)
    __tagsym$$used                           0x100033f7   Number         0  rtx_lib.o(i._mutex_initialize)
    i._mutex_release                         0x10003418   Section        0  rtx_lib.o(i._mutex_release)
    __tagsym$$used                           0x10003419   Number         0  rtx_lib.o(i._mutex_release)
    i._platform_post_stackheap_init          0x1000342a   Section        0  rtx_lib.o(i._platform_post_stackheap_init)
    i._sys_exit                              0x10003432   Section        0  retarget.o(i._sys_exit)
    i.client                                 0x10003438   Section        0  main.o(i.client)
    i.ferror                                 0x1000352c   Section        0  retarget.o(i.ferror)
    i.fputc                                  0x10003534   Section        0  retarget.o(i.fputc)
    i.getFrequency                           0x10003544   Section        0  uart.o(i.getFrequency)
    i.lfsr113                                0x1000358c   Section        0  lfsr113.o(i.lfsr113)
    i.main                                   0x1000361c   Section        0  main.o(i.main)
    i.next_event                             0x10003694   Section        0  random.o(i.next_event)
    i.osRtxErrorNotify                       0x100036a8   Section        0  rtx_config.o(i.osRtxErrorNotify)
    i.osRtxIdleThread                        0x100036c8   Section        0  rtx_config.o(i.osRtxIdleThread)
    i.os_kernel_is_active                    0x100036cc   Section        0  rtx_lib.o(i.os_kernel_is_active)
    os_kernel_is_active                      0x100036cd   Thumb Code    28  rtx_lib.o(i.os_kernel_is_active)
    i.output                                 0x100036ec   Section        0  main.o(i.output)
    i.sendchar                               0x10003988   Section        0  retarget.o(i.sendchar)
    i.server                                 0x100039cc   Section        0  main.o(i.server)
    locale$$code                             0x10003a60   Section       44  lc_numeric_c.o(locale$$code)
    x$fpl$d2f                                0x10003a8c   Section       98  d2f.o(x$fpl$d2f)
    x$fpl$ddiv                               0x10003af0   Section      688  ddiv.o(x$fpl$ddiv)
    ddiv_entry                               0x10003af7   Thumb Code     0  ddiv.o(x$fpl$ddiv)
    x$fpl$dfltu                              0x10003da0   Section       38  dflt_clz.o(x$fpl$dfltu)
    x$fpl$dnaninf                            0x10003dc6   Section      156  dnaninf.o(x$fpl$dnaninf)
    x$fpl$dretinf                            0x10003e62   Section       12  dretinf.o(x$fpl$dretinf)
    x$fpl$f2d                                0x10003e70   Section       86  f2d.o(x$fpl$f2d)
    x$fpl$fadd                               0x10003ec8   Section      196  faddsub_clz.o(x$fpl$fadd)
    _fadd1                                   0x10003ed7   Thumb Code     0  faddsub_clz.o(x$fpl$fadd)
    x$fpl$fdiv                               0x10003f8c   Section      388  fdiv.o(x$fpl$fdiv)
    _fdiv1                                   0x10003f8d   Thumb Code     0  fdiv.o(x$fpl$fdiv)
    x$fpl$fflt                               0x10004110   Section       48  fflt_clz.o(x$fpl$fflt)
    x$fpl$fmul                               0x10004140   Section      258  fmul.o(x$fpl$fmul)
    x$fpl$fnaninf                            0x10004242   Section      140  fnaninf.o(x$fpl$fnaninf)
    x$fpl$fretinf                            0x100042ce   Section       10  fretinf.o(x$fpl$fretinf)
    x$fpl$fsub                               0x100042d8   Section      234  faddsub_clz.o(x$fpl$fsub)
    _fsub1                                   0x100042e7   Thumb Code     0  faddsub_clz.o(x$fpl$fsub)
    x$fpl$printf1                            0x100043c2   Section        4  printf1.o(x$fpl$printf1)
    x$fpl$usenofp                            0x100043c6   Section        0  usenofp.o(x$fpl$usenofp)
    .constdata                               0x100043c8   Section      100  rtx_lib.o(.constdata)
    os_idle_thread_attr                      0x100043c8   Data          36  rtx_lib.o(.constdata)
    os_timer_thread_attr                     0x100043ec   Data          36  rtx_lib.o(.constdata)
    os_timer_mq_attr                         0x10004410   Data          24  rtx_lib.o(.constdata)
    .constdata                               0x1000442c   Section        1  irq_cm3.o(.constdata)
    .constdata                               0x10004430   Section      148  bigflt0.o(.constdata)
    tenpwrs_x                                0x10004430   Data          60  bigflt0.o(.constdata)
    tenpwrs_i                                0x1000446c   Data          64  bigflt0.o(.constdata)
    .conststring                             0x100044c4   Section       74  main.o(.conststring)
    .rodata                                  0x10004510   Section      160  rtx_lib.o(.rodata)
    __tagsym$$used                           0x10004510   Number         0  rtx_lib.o(.rodata)
    __tagsym$$used                           0x10004578   Number         0  rtx_lib.o(.rodata)
    [Anonymous Symbol]                       0x100045b0   Section        0  rtx_kernel.o(.rodata.str1.4)
    .L.str                                   0x100045b0   Data          11  rtx_kernel.o(.rodata.str1.4)
    locale$$data                             0x100045dc   Section       28  lc_numeric_c.o(locale$$data)
    __lcnum_c_name                           0x100045e0   Data           2  lc_numeric_c.o(locale$$data)
    __lcnum_c_start                          0x100045e8   Data           0  lc_numeric_c.o(locale$$data)
    __lcnum_c_point                          0x100045f4   Data           0  lc_numeric_c.o(locale$$data)
    __lcnum_c_thousands                      0x100045f6   Data           0  lc_numeric_c.o(locale$$data)
    __lcnum_c_grouping                       0x100045f7   Data           0  lc_numeric_c.o(locale$$data)
    __lcnum_c_end                            0x100045f8   Data           0  lc_numeric_c.o(locale$$data)
    .bss.os                                  0x2007c000   Section     8256  rtx_lib.o(.bss.os)
    os_mem                                   0x2007c000   Data        8192  rtx_lib.o(.bss.os)
    os_isr_queue                             0x2007e000   Data          64  rtx_lib.o(.bss.os)
    .bss.os.msgqueue.cb                      0x2007e040   Section       52  rtx_lib.o(.bss.os.msgqueue.cb)
    os_timer_mq_cb                           0x2007e040   Data          52  rtx_lib.o(.bss.os.msgqueue.cb)
    .bss.os.msgqueue.mem                     0x2007e074   Section       80  rtx_lib.o(.bss.os.msgqueue.mem)
    os_timer_mq_data                         0x2007e074   Data          80  rtx_lib.o(.bss.os.msgqueue.mem)
    .bss.os.thread.cb                        0x2007e0c4   Section      136  rtx_lib.o(.bss.os.thread.cb)
    os_idle_thread_cb                        0x2007e0c4   Data          68  rtx_lib.o(.bss.os.thread.cb)
    os_timer_thread_cb                       0x2007e108   Data          68  rtx_lib.o(.bss.os.thread.cb)
    .bss.os.thread.stack                     0x2007e150   Section     1024  rtx_lib.o(.bss.os.thread.stack)
    os_idle_thread_stack                     0x2007e150   Data         512  rtx_lib.o(.bss.os.thread.stack)
    os_timer_thread_stack                    0x2007e350   Data         512  rtx_lib.o(.bss.os.thread.stack)
    .data                                    0x2007e550   Section       16  lfsr113.o(.data)
    z1                                       0x2007e550   Data           4  lfsr113.o(.data)
    z2                                       0x2007e554   Data           4  lfsr113.o(.data)
    z3                                       0x2007e558   Data           4  lfsr113.o(.data)
    z4                                       0x2007e55c   Data           4  lfsr113.o(.data)
    .data                                    0x2007e560   Section     1024  random.o(.data)
    ln_table                                 0x2007e560   Data        1024  random.o(.data)
    .data                                    0x2007e960   Section       12  retarget.o(.data)
    .data                                    0x2007e96c   Section       32  uart.o(.data)
    .data                                    0x2007e98c   Section       92  main.o(.data)
    .data                                    0x2007e9e8   Section        5  rtx_lib.o(.data)
    os_kernel_active                         0x2007e9ec   Data           1  rtx_lib.o(.data)
    .data                                    0x2007e9f0   Section        4  system_lpc17xx.o(.data)
    .bss                                     0x2007ea98   Section      128  uart.o(.bss)
    .bss                                     0x2007eb18   Section       96  libspace.o(.bss)
    [Anonymous Symbol]                       0x2007eb78   Section        0  os_systick.o(.bss.PendST)
    PendST                                   0x2007eb78   Data           1  os_systick.o(.bss.PendST)
    HEAP                                     0x2007eb80   Section     4096  startup_lpc17xx.o(HEAP)
    Heap_Mem                                 0x2007eb80   Data        4096  startup_lpc17xx.o(HEAP)
    STACK                                    0x2007fb80   Section     2048  startup_lpc17xx.o(STACK)
    Stack_Mem                                0x2007fb80   Data        2048  startup_lpc17xx.o(STACK)
    __initial_sp                             0x20080380   Data           0  startup_lpc17xx.o(STACK)

    Global Symbols

    Symbol Name                              Value     Ov Type        Size  Object(Section)

    BuildAttributes$$THM_ISAv4$P$D$K$B$S$PE$A:L22UL41UL21$X:L11$S22US41US21$IEEE1$IW$~IW$USESV6$~STKCKD$USESV7$~SHL$OTIME$ROPI$IEEEJ$EBA8$UX$STANDARDLIB$REQ8$PRES8$EABIv2 0x00000000   Number         0  anon$$obj.o ABSOLUTE
    __ARM_use_no_argv                        0x00000000   Number         0  main.o ABSOLUTE
    _printf_flags                            0x00000000   Number         0  printf_stubs.o ABSOLUTE
    _printf_return_value                     0x00000000   Number         0  printf_stubs.o ABSOLUTE
    _printf_sizespec                         0x00000000   Number         0  printf_stubs.o ABSOLUTE
    _printf_widthprec                        0x00000000   Number         0  printf_stubs.o ABSOLUTE
    .bss.os.evflags.cb$$Base                  - Undefined Weak Reference
    .bss.os.evflags.cb$$Limit                 - Undefined Weak Reference
    .bss.os.mempool.cb$$Base                  - Undefined Weak Reference
    .bss.os.mempool.cb$$Limit                 - Undefined Weak Reference
    .bss.os.mutex.cb$$Base                    - Undefined Weak Reference
    .bss.os.mutex.cb$$Limit                   - Undefined Weak Reference
    .bss.os.semaphore.cb$$Base                - Undefined Weak Reference
    .bss.os.semaphore.cb$$Limit               - Undefined Weak Reference
    .bss.os.timer.cb$$Base                    - Undefined Weak Reference
    .bss.os.timer.cb$$Limit                   - Undefined Weak Reference
    __ARM_exceptions_init                     - Undefined Weak Reference
    __alloca_initialize                       - Undefined Weak Reference
    __arm_preinit_                            - Undefined Weak Reference
    __cpp_initialize__aeabi_                  - Undefined Weak Reference
    __cxa_finalize                            - Undefined Weak Reference
    __sigvec_lookup                           - Undefined Weak Reference
    _atexit_init                              - Undefined Weak Reference
    _call_atexit_fns                          - Undefined Weak Reference
    _clock_init                               - Undefined Weak Reference
    _fp_trap_init                             - Undefined Weak Reference
    _fp_trap_shutdown                         - Undefined Weak Reference
    _get_lc_collate                           - Undefined Weak Reference
    _get_lc_ctype                             - Undefined Weak Reference
    _get_lc_monetary                          - Undefined Weak Reference
    _get_lc_time                              - Undefined Weak Reference
    _getenv_init                              - Undefined Weak Reference
    _handle_redirection                       - Undefined Weak Reference
    _init_alloc                               - Undefined Weak Reference
    _init_user_alloc                          - Undefined Weak Reference
    _initio                                   - Undefined Weak Reference
    _printf_mbtowc                            - Undefined Weak Reference
    _printf_truncate_signed                   - Undefined Weak Reference
    _printf_truncate_unsigned                 - Undefined Weak Reference
    _rand_init                                - Undefined Weak Reference
    _signal_finish                            - Undefined Weak Reference
    _signal_init                              - Undefined Weak Reference
    _terminate_alloc                          - Undefined Weak Reference
    _terminate_user_alloc                     - Undefined Weak Reference
    _terminateio                              - Undefined Weak Reference
    __Vectors                                0x10000000   Data           4  startup_lpc17xx.o(RESET)
    __main                                   0x100000cd   Thumb Code     8  __main.o(!!!main)
    __scatterload                            0x100000d5   Thumb Code     0  __scatter.o(!!!scatter)
    __scatterload_rt2                        0x100000d5   Thumb Code    44  __scatter.o(!!!scatter)
    __scatterload_rt2_thumb_only             0x100000d5   Thumb Code     0  __scatter.o(!!!scatter)
    __scatterload_null                       0x100000e3   Thumb Code     0  __scatter.o(!!!scatter)
    __decompress                             0x10000109   Thumb Code    90  __dczerorl2.o(!!dczerorl2)
    __decompress1                            0x10000109   Thumb Code     0  __dczerorl2.o(!!dczerorl2)
    __scatterload_zeroinit                   0x10000165   Thumb Code    28  __scatter_zi.o(!!handler_zi)
    _printf_f                                0x10000181   Thumb Code     0  _printf_f.o(.ARM.Collect$$_printf_percent$$00000003)
    _printf_percent                          0x10000181   Thumb Code     0  _printf_percent.o(.ARM.Collect$$_printf_percent$$00000000)
    _printf_d                                0x10000187   Thumb Code     0  _printf_d.o(.ARM.Collect$$_printf_percent$$00000009)
    _printf_s                                0x1000018d   Thumb Code     0  _printf_s.o(.ARM.Collect$$_printf_percent$$00000014)
    _printf_percent_end                      0x10000193   Thumb Code     0  _printf_percent_end.o(.ARM.Collect$$_printf_percent$$00000017)
    __rt_lib_init                            0x10000197   Thumb Code     0  libinit.o(.ARM.Collect$$libinit$$00000000)
    __rt_lib_init_fp_1                       0x10000199   Thumb Code     0  libinit2.o(.ARM.Collect$$libinit$$00000002)
    __rt_lib_init_heap_1                     0x10000199   Thumb Code     0  libinit2.o(.ARM.Collect$$libinit$$0000000A)
    __rt_lib_init_lc_common                  0x10000199   Thumb Code     0  libinit2.o(.ARM.Collect$$libinit$$0000000F)
    __rt_lib_init_preinit_1                  0x10000199   Thumb Code     0  libinit2.o(.ARM.Collect$$libinit$$00000004)
    __rt_lib_init_rand_1                     0x10000199   Thumb Code     0  libinit2.o(.ARM.Collect$$libinit$$0000000E)
    __rt_lib_init_user_alloc_1               0x10000199   Thumb Code     0  libinit2.o(.ARM.Collect$$libinit$$0000000C)
    __rt_lib_init_lc_collate_1               0x1000019f   Thumb Code     0  libinit2.o(.ARM.Collect$$libinit$$00000011)
    __rt_lib_init_lc_ctype_1                 0x1000019f   Thumb Code     0  libinit2.o(.ARM.Collect$$libinit$$00000013)
    __rt_lib_init_lc_monetary_1              0x1000019f   Thumb Code     0  libinit2.o(.ARM.Collect$$libinit$$00000015)
    __rt_lib_init_lc_numeric_2               0x1000019f   Thumb Code     0  libinit2.o(.ARM.Collect$$libinit$$00000016)
    __rt_lib_init_alloca_1                   0x100001a9   Thumb Code     0  libinit2.o(.ARM.Collect$$libinit$$0000002E)
    __rt_lib_init_argv_1                     0x100001a9   Thumb Code     0  libinit2.o(.ARM.Collect$$libinit$$0000002C)
    __rt_lib_init_atexit_1                   0x100001a9   Thumb Code     0  libinit2.o(.ARM.Collect$$libinit$$0000001B)
    __rt_lib_init_clock_1                    0x100001a9   Thumb Code     0  libinit2.o(.ARM.Collect$$libinit$$00000021)
    __rt_lib_init_cpp_1                      0x100001a9   Thumb Code     0  libinit2.o(.ARM.Collect$$libinit$$00000032)
    __rt_lib_init_exceptions_1               0x100001a9   Thumb Code     0  libinit2.o(.ARM.Collect$$libinit$$00000030)
    __rt_lib_init_fp_trap_1                  0x100001a9   Thumb Code     0  libinit2.o(.ARM.Collect$$libinit$$0000001F)
    __rt_lib_init_getenv_1                   0x100001a9   Thumb Code     0  libinit2.o(.ARM.Collect$$libinit$$00000023)
    __rt_lib_init_lc_numeric_1               0x100001a9   Thumb Code     0  libinit2.o(.ARM.Collect$$libinit$$00000017)
    __rt_lib_init_lc_time_1                  0x100001a9   Thumb Code     0  libinit2.o(.ARM.Collect$$libinit$$00000019)
    __rt_lib_init_return                     0x100001a9   Thumb Code     0  libinit2.o(.ARM.Collect$$libinit$$00000033)
    __rt_lib_init_signal_1                   0x100001a9   Thumb Code     0  libinit2.o(.ARM.Collect$$libinit$$0000001D)
    __rt_lib_init_stdio_1                    0x100001a9   Thumb Code     0  libinit2.o(.ARM.Collect$$libinit$$00000025)
    __rt_lib_shutdown                        0x100001ab   Thumb Code     0  libshutdown.o(.ARM.Collect$$libshutdown$$00000000)
    __rt_lib_shutdown_cpp_1                  0x100001ad   Thumb Code     0  libshutdown2.o(.ARM.Collect$$libshutdown$$00000002)
    __rt_lib_shutdown_fp_trap_1              0x100001ad   Thumb Code     0  libshutdown2.o(.ARM.Collect$$libshutdown$$00000007)
    __rt_lib_shutdown_heap_1                 0x100001ad   Thumb Code     0  libshutdown2.o(.ARM.Collect$$libshutdown$$0000000F)
    __rt_lib_shutdown_return                 0x100001ad   Thumb Code     0  libshutdown2.o(.ARM.Collect$$libshutdown$$00000010)
    __rt_lib_shutdown_signal_1               0x100001ad   Thumb Code     0  libshutdown2.o(.ARM.Collect$$libshutdown$$0000000A)
    __rt_lib_shutdown_stdio_1                0x100001ad   Thumb Code     0  libshutdown2.o(.ARM.Collect$$libshutdown$$00000004)
    __rt_lib_shutdown_user_alloc_1           0x100001ad   Thumb Code     0  libshutdown2.o(.ARM.Collect$$libshutdown$$0000000C)
    __rt_entry                               0x100001af   Thumb Code     0  __rtentry.o(.ARM.Collect$$rtentry$$00000000)
    __rt_entry_presh_1                       0x100001af   Thumb Code     0  __rtentry2.o(.ARM.Collect$$rtentry$$00000002)
    __rt_entry_sh                            0x100001af   Thumb Code     0  __rtentry4.o(.ARM.Collect$$rtentry$$00000004)
    __rt_entry_postsh_1                      0x100001b5   Thumb Code     0  __rtentry2.o(.ARM.Collect$$rtentry$$00000008)
    __rt_entry_li                            0x100001bd   Thumb Code     0  __rtentry2.o(.ARM.Collect$$rtentry$$0000000A)
    __rt_entry_main                          0x100001c1   Thumb Code     0  __rtentry2.o(.ARM.Collect$$rtentry$$0000000D)
    __rt_entry_postli_1                      0x100001c1   Thumb Code     0  __rtentry2.o(.ARM.Collect$$rtentry$$0000000C)
    __rt_exit                                0x100001c9   Thumb Code     0  rtexit.o(.ARM.Collect$$rtexit$$00000000)
    __rt_exit_ls                             0x100001cb   Thumb Code     0  rtexit2.o(.ARM.Collect$$rtexit$$00000003)
    __rt_exit_prels_1                        0x100001cb   Thumb Code     0  rtexit2.o(.ARM.Collect$$rtexit$$00000002)
    __rt_exit_exit                           0x100001cf   Thumb Code     0  rtexit2.o(.ARM.Collect$$rtexit$$00000004)
    Reset_Handler                            0x100001d5   Thumb Code     8  startup_lpc17xx.o(.text)
    NMI_Handler                              0x100001dd   Thumb Code     2  startup_lpc17xx.o(.text)
    HardFault_Handler                        0x100001df   Thumb Code     2  startup_lpc17xx.o(.text)
    MemManage_Handler                        0x100001e1   Thumb Code     2  startup_lpc17xx.o(.text)
    BusFault_Handler                         0x100001e3   Thumb Code     2  startup_lpc17xx.o(.text)
    UsageFault_Handler                       0x100001e5   Thumb Code     2  startup_lpc17xx.o(.text)
    DebugMon_Handler                         0x100001e9   Thumb Code     2  startup_lpc17xx.o(.text)
    ADC_IRQHandler                           0x100001ef   Thumb Code     0  startup_lpc17xx.o(.text)
    BOD_IRQHandler                           0x100001ef   Thumb Code     0  startup_lpc17xx.o(.text)
    CANActivity_IRQHandler                   0x100001ef   Thumb Code     0  startup_lpc17xx.o(.text)
    CAN_IRQHandler                           0x100001ef   Thumb Code     0  startup_lpc17xx.o(.text)
    DMA_IRQHandler                           0x100001ef   Thumb Code     0  startup_lpc17xx.o(.text)
    EINT0_IRQHandler                         0x100001ef   Thumb Code     0  startup_lpc17xx.o(.text)
    EINT1_IRQHandler                         0x100001ef   Thumb Code     0  startup_lpc17xx.o(.text)
    EINT2_IRQHandler                         0x100001ef   Thumb Code     0  startup_lpc17xx.o(.text)
    EINT3_IRQHandler                         0x100001ef   Thumb Code     0  startup_lpc17xx.o(.text)
    ENET_IRQHandler                          0x100001ef   Thumb Code     0  startup_lpc17xx.o(.text)
    I2C0_IRQHandler                          0x100001ef   Thumb Code     0  startup_lpc17xx.o(.text)
    I2C1_IRQHandler                          0x100001ef   Thumb Code     0  startup_lpc17xx.o(.text)
    I2C2_IRQHandler                          0x100001ef   Thumb Code     0  startup_lpc17xx.o(.text)
    I2S_IRQHandler                           0x100001ef   Thumb Code     0  startup_lpc17xx.o(.text)
    MCPWM_IRQHandler                         0x100001ef   Thumb Code     0  startup_lpc17xx.o(.text)
    PLL0_IRQHandler                          0x100001ef   Thumb Code     0  startup_lpc17xx.o(.text)
    PLL1_IRQHandler                          0x100001ef   Thumb Code     0  startup_lpc17xx.o(.text)
    PWM1_IRQHandler                          0x100001ef   Thumb Code     0  startup_lpc17xx.o(.text)
    QEI_IRQHandler                           0x100001ef   Thumb Code     0  startup_lpc17xx.o(.text)
    RIT_IRQHandler                           0x100001ef   Thumb Code     0  startup_lpc17xx.o(.text)
    RTC_IRQHandler                           0x100001ef   Thumb Code     0  startup_lpc17xx.o(.text)
    SPI_IRQHandler                           0x100001ef   Thumb Code     0  startup_lpc17xx.o(.text)
    SSP0_IRQHandler                          0x100001ef   Thumb Code     0  startup_lpc17xx.o(.text)
    SSP1_IRQHandler                          0x100001ef   Thumb Code     0  startup_lpc17xx.o(.text)
    TIMER0_IRQHandler                        0x100001ef   Thumb Code     0  startup_lpc17xx.o(.text)
    TIMER1_IRQHandler                        0x100001ef   Thumb Code     0  startup_lpc17xx.o(.text)
    TIMER2_IRQHandler                        0x100001ef   Thumb Code     0  startup_lpc17xx.o(.text)
    TIMER3_IRQHandler                        0x100001ef   Thumb Code     0  startup_lpc17xx.o(.text)
    UART2_IRQHandler                         0x100001ef   Thumb Code     0  startup_lpc17xx.o(.text)
    UART3_IRQHandler                         0x100001ef   Thumb Code     0  startup_lpc17xx.o(.text)
    USBActivity_IRQHandler                   0x100001ef   Thumb Code     0  startup_lpc17xx.o(.text)
    USB_IRQHandler                           0x100001ef   Thumb Code     0  startup_lpc17xx.o(.text)
    WDT_IRQHandler                           0x100001ef   Thumb Code     0  startup_lpc17xx.o(.text)
    __user_initial_stackheap                 0x100001f1   Thumb Code     0  startup_lpc17xx.o(.text)
    SVC_Handler                              0x10000215   Thumb Code   108  irq_cm3.o(.text)
    PendSV_Handler                           0x10000281   Thumb Code    16  irq_cm3.o(.text)
    SysTick_Handler                          0x10000291   Thumb Code    16  irq_cm3.o(.text)
    __aeabi_uldivmod                         0x100002a9   Thumb Code     0  lludivv7m.o(.text)
    _ll_udiv                                 0x100002a9   Thumb Code   238  lludivv7m.o(.text)
    __2printf                                0x10000399   Thumb Code    20  noretval__2printf.o(.text)
    _printf_pre_padding                      0x100003b1   Thumb Code    44  _printf_pad.o(.text)
    _printf_post_padding                     0x100003dd   Thumb Code    34  _printf_pad.o(.text)
    _printf_str                              0x100003ff   Thumb Code    82  _printf_str.o(.text)
    _printf_int_dec                          0x10000451   Thumb Code   104  _printf_dec.o(.text)
    __printf                                 0x100004c9   Thumb Code   270  __printf_wp.o(.text)
    __aeabi_memcpy                           0x100005d7   Thumb Code     0  rt_memcpy_v6.o(.text)
    __rt_memcpy                              0x100005d7   Thumb Code   138  rt_memcpy_v6.o(.text)
    _memcpy_lastbytes                        0x1000063d   Thumb Code     0  rt_memcpy_v6.o(.text)
    __aeabi_memclr                           0x10000661   Thumb Code     0  rt_memclr.o(.text)
    __rt_memclr                              0x10000661   Thumb Code    68  rt_memclr.o(.text)
    _memset                                  0x10000665   Thumb Code     0  rt_memclr.o(.text)
    __aeabi_memclr4                          0x100006a5   Thumb Code     0  rt_memclr_w.o(.text)
    __aeabi_memclr8                          0x100006a5   Thumb Code     0  rt_memclr_w.o(.text)
    __rt_memclr_w                            0x100006a5   Thumb Code    78  rt_memclr_w.o(.text)
    _memset_w                                0x100006a9   Thumb Code     0  rt_memclr_w.o(.text)
    __use_two_region_memory                  0x100006f3   Thumb Code     2  heapauxi.o(.text)
    __rt_heap_escrow$2region                 0x100006f5   Thumb Code     2  heapauxi.o(.text)
    __rt_heap_expand$2region                 0x100006f7   Thumb Code     2  heapauxi.o(.text)
    _printf_int_common                       0x100006f9   Thumb Code   178  _printf_intcommon.o(.text)
    __lib_sel_fp_printf                      0x100007ab   Thumb Code     2  _printf_fp_dec.o(.text)
    _printf_fp_dec_real                      0x1000095d   Thumb Code   620  _printf_fp_dec.o(.text)
    _printf_cs_common                        0x10000bc9   Thumb Code    20  _printf_char.o(.text)
    _printf_char                             0x10000bdd   Thumb Code    16  _printf_char.o(.text)
    _printf_string                           0x10000bed   Thumb Code     8  _printf_char.o(.text)
    _printf_char_file                        0x10000bf5   Thumb Code    32  _printf_char_file.o(.text)
    __aeabi_memcpy4                          0x10000c19   Thumb Code     0  rt_memcpy_w.o(.text)
    __aeabi_memcpy8                          0x10000c19   Thumb Code     0  rt_memcpy_w.o(.text)
    __rt_memcpy_w                            0x10000c19   Thumb Code   100  rt_memcpy_w.o(.text)
    _memcpy_lastbytes_aligned                0x10000c61   Thumb Code     0  rt_memcpy_w.o(.text)
    __rt_locale                              0x10000c7d   Thumb Code    10  rt_locale_twolibspace.o(.text)
    _ll_udiv10                               0x10000c87   Thumb Code   138  lludiv10.o(.text)
    _printf_char_common                      0x10000d1b   Thumb Code    32  _printf_char_common.o(.text)
    _printf_fp_infnan                        0x10000d41   Thumb Code   112  _printf_fp_infnan.o(.text)
    _btod_etento                             0x10000dc1   Thumb Code   224  bigflt0.o(.text)
    __user_libspace                          0x10000ea5   Thumb Code     8  libspace.o(.text)
    __user_perproc_libspace                  0x10000ea5   Thumb Code     0  libspace.o(.text)
    __user_setup_stackheap                   0x10000ead   Thumb Code    74  sys_stackheap_outer.o(.text)
    exit                                     0x10000ef7   Thumb Code    18  exit.o(.text)
    strcmp                                   0x10000f09   Thumb Code   128  strcmpv7m.o(.text)
    OS_Tick_AcknowledgeIRQ                   0x1000103d   Thumb Code    12  os_systick.o(.text.OS_Tick_AcknowledgeIRQ)
    OS_Tick_Enable                           0x10001049   Thumb Code    44  os_systick.o(.text.OS_Tick_Enable)
    OS_Tick_GetCount                         0x10001075   Thumb Code    16  os_systick.o(.text.OS_Tick_GetCount)
    OS_Tick_GetIRQn                          0x10001085   Thumb Code     6  os_systick.o(.text.OS_Tick_GetIRQn)
    OS_Tick_GetInterval                      0x1000108d   Thumb Code    12  os_systick.o(.text.OS_Tick_GetInterval)
    OS_Tick_GetOverflow                      0x10001099   Thumb Code    16  os_systick.o(.text.OS_Tick_GetOverflow)
    OS_Tick_Setup                            0x100010a9   Thumb Code    64  os_systick.o(.text.OS_Tick_Setup)
    osDelay                                  0x100011a1   Thumb Code    36  rtx_delay.o(.text.osDelay)
    osKernelGetState                         0x100011c5   Thumb Code    48  rtx_kernel.o(.text.osKernelGetState)
    osKernelGetSysTimerCount                 0x100011f5   Thumb Code    36  rtx_kernel.o(.text.osKernelGetSysTimerCount)
    osKernelGetTickFreq                      0x10001219   Thumb Code    40  rtx_kernel.o(.text.osKernelGetTickFreq)
    osKernelInitialize                       0x10001241   Thumb Code    44  rtx_kernel.o(.text.osKernelInitialize)
    osKernelStart                            0x1000126d   Thumb Code    36  rtx_kernel.o(.text.osKernelStart)
    osMessageQueueGet                        0x10001291   Thumb Code   108  rtx_msgqueue.o(.text.osMessageQueueGet)
    osMessageQueueGetCount                   0x100012fd   Thumb Code    48  rtx_msgqueue.o(.text.osMessageQueueGetCount)
    osMessageQueueNew                        0x1000132d   Thumb Code    36  rtx_msgqueue.o(.text.osMessageQueueNew)
    osMessageQueuePut                        0x10001351   Thumb Code   120  rtx_msgqueue.o(.text.osMessageQueuePut)
    osMutexAcquire                           0x100013c9   Thumb Code    36  rtx_mutex.o(.text.osMutexAcquire)
    osMutexDelete                            0x100013ed   Thumb Code    36  rtx_mutex.o(.text.osMutexDelete)
    osMutexNew                               0x10001411   Thumb Code    36  rtx_mutex.o(.text.osMutexNew)
    osMutexRelease                           0x10001435   Thumb Code    36  rtx_mutex.o(.text.osMutexRelease)
    osRtxKernelPreInit                       0x10001459   Thumb Code     2  rtx_kernel.o(.text.osRtxKernelPreInit)
    osRtxMemoryAlloc                         0x1000145b   Thumb Code   112  rtx_memory.o(.text.osRtxMemoryAlloc)
    osRtxMemoryFree                          0x100014cb   Thumb Code    70  rtx_memory.o(.text.osRtxMemoryFree)
    osRtxMemoryInit                          0x10001511   Thumb Code    60  rtx_memory.o(.text.osRtxMemoryInit)
    osRtxMemoryPoolAlloc                     0x1000154d   Thumb Code    58  rtx_mempool.o(.text.osRtxMemoryPoolAlloc)
    osRtxMemoryPoolFree                      0x10001587   Thumb Code    74  rtx_mempool.o(.text.osRtxMemoryPoolFree)
    osRtxMemoryPoolInit                      0x100015d1   Thumb Code    54  rtx_mempool.o(.text.osRtxMemoryPoolInit)
    osRtxMutexOwnerRelease                   0x100016c1   Thumb Code    72  rtx_mutex.o(.text.osRtxMutexOwnerRelease)
    osRtxMutexOwnerRestore                   0x10001709   Thumb Code    66  rtx_mutex.o(.text.osRtxMutexOwnerRestore)
    osRtxPendSV_Handler                      0x1000174d   Thumb Code   140  rtx_system.o(.text.osRtxPendSV_Handler)
    osRtxPostProcess                         0x100017d9   Thumb Code   116  rtx_system.o(.text.osRtxPostProcess)
    osRtxThreadDelayTick                     0x10001935   Thumb Code    76  rtx_thread.o(.text.osRtxThreadDelayTick)
    osRtxThreadDispatch                      0x10001981   Thumb Code    88  rtx_thread.o(.text.osRtxThreadDispatch)
    osRtxThreadListGet                       0x10001a31   Thumb Code    18  rtx_thread.o(.text.osRtxThreadListGet)
    osRtxThreadListPut                       0x10001a43   Thumb Code    44  rtx_thread.o(.text.osRtxThreadListPut)
    osRtxThreadListRemove                    0x10001a6f   Thumb Code    20  rtx_thread.o(.text.osRtxThreadListRemove)
    osRtxThreadListSort                      0x10001a8f   Thumb Code    38  rtx_thread.o(.text.osRtxThreadListSort)
    osRtxThreadReadyPut                      0x10001add   Thumb Code    20  rtx_thread.o(.text.osRtxThreadReadyPut)
    osRtxThreadRegPtr                        0x10001af1   Thumb Code     6  rtx_thread.o(.text.osRtxThreadRegPtr)
    osRtxThreadStackCheck                    0x10001af9   Thumb Code    40  rtx_thread.o(.text.osRtxThreadStackCheck)
    osRtxThreadStartup                       0x10001b21   Thumb Code    64  rtx_thread.o(.text.osRtxThreadStartup)
    osRtxThreadSwitch                        0x10001b61   Thumb Code    16  rtx_thread.o(.text.osRtxThreadSwitch)
    osRtxThreadWaitEnter                     0x10001b71   Thumb Code    56  rtx_thread.o(.text.osRtxThreadWaitEnter)
    osRtxThreadWaitExit                      0x10001ba9   Thumb Code    36  rtx_thread.o(.text.osRtxThreadWaitExit)
    osRtxTick_Handler                        0x10001bcd   Thumb Code   112  rtx_system.o(.text.osRtxTick_Handler)
    osRtxTimerThread                         0x10001c3d   Thumb Code    60  rtx_timer.o(.text.osRtxTimerThread)
    osThreadExit                             0x10001ccd   Thumb Code    12  rtx_thread.o(.text.osThreadExit)
    osThreadNew                              0x10001cd9   Thumb Code    36  rtx_thread.o(.text.osThreadNew)
    osThreadYield                            0x10001cfd   Thumb Code    36  rtx_thread.o(.text.osThreadYield)
    _btod_d2e                                0x100026fd   Thumb Code    62  btod.o(CL$$btod_d2e)
    _d2e_denorm_low                          0x1000273b   Thumb Code    70  btod.o(CL$$btod_d2e_denorm_low)
    _d2e_norm_op1                            0x10002781   Thumb Code    96  btod.o(CL$$btod_d2e_norm_op1)
    __btod_div_common                        0x100027e1   Thumb Code   696  btod.o(CL$$btod_div_common)
    _e2e                                     0x10002b19   Thumb Code   220  btod.o(CL$$btod_e2e)
    _btod_ediv                               0x10002bf5   Thumb Code    42  btod.o(CL$$btod_ediv)
    _btod_emul                               0x10002c1f   Thumb Code    42  btod.o(CL$$btod_emul)
    __btod_mult_common                       0x10002c49   Thumb Code   580  btod.o(CL$$btod_mult_common)
    Free                                     0x10002e8d   Thumb Code     6  uart.o(i.Free)
    FreeRcv                                  0x10002e95   Thumb Code    28  uart.o(i.FreeRcv)
    FreeSnd                                  0x10002eb9   Thumb Code    28  uart.o(i.FreeSnd)
    SystemCoreClockUpdate                    0x10002edd   Thumb Code   408  system_lpc17xx.o(i.SystemCoreClockUpdate)
    SystemInit                               0x10003085   Thumb Code   302  system_lpc17xx.o(i.SystemInit)
    UART0_IRQHandler                         0x100031c5   Thumb Code    88  uart.o(i.UART0_IRQHandler)
    UART1_IRQHandler                         0x1000322d   Thumb Code    90  uart.o(i.UART1_IRQHandler)
    UARTInit                                 0x1000329d   Thumb Code   176  uart.o(i.UARTInit)
    UARTSendChar                             0x10003359   Thumb Code    26  uart.o(i.UARTSendChar)
    __ARM_fpclassify                         0x1000337d   Thumb Code    40  fpclassify.o(i.__ARM_fpclassify)
    _is_digit                                0x100033c7   Thumb Code    14  __printf_wp.o(i._is_digit)
    _mutex_acquire                           0x100033d5   Thumb Code    22  rtx_lib.o(i._mutex_acquire)
    _mutex_free                              0x100033eb   Thumb Code    12  rtx_lib.o(i._mutex_free)
    _mutex_initialize                        0x100033f7   Thumb Code    34  rtx_lib.o(i._mutex_initialize)
    _mutex_release                           0x10003419   Thumb Code    18  rtx_lib.o(i._mutex_release)
    _platform_post_stackheap_init            0x1000342b   Thumb Code     8  rtx_lib.o(i._platform_post_stackheap_init)
    _sys_exit                                0x10003433   Thumb Code     4  retarget.o(i._sys_exit)
    client                                   0x10003439   Thumb Code   206  main.o(i.client)
    ferror                                   0x1000352d   Thumb Code     8  retarget.o(i.ferror)
    fputc                                    0x10003535   Thumb Code    14  retarget.o(i.fputc)
    getFrequency                             0x10003545   Thumb Code    62  uart.o(i.getFrequency)
    lfsr113                                  0x1000358d   Thumb Code   128  lfsr113.o(i.lfsr113)
    main                                     0x1000361d   Thumb Code    96  main.o(i.main)
    next_event                               0x10003695   Thumb Code    16  random.o(i.next_event)
    osRtxErrorNotify                         0x100036a9   Thumb Code    32  rtx_config.o(i.osRtxErrorNotify)
    osRtxIdleThread                          0x100036c9   Thumb Code     4  rtx_config.o(i.osRtxIdleThread)
    output                                   0x100036ed   Thumb Code   476  main.o(i.output)
    sendchar                                 0x10003989   Thumb Code    64  retarget.o(i.sendchar)
    server                                   0x100039cd   Thumb Code   124  main.o(i.server)
    _get_lc_numeric                          0x10003a61   Thumb Code    44  lc_numeric_c.o(locale$$code)
    __aeabi_d2f                              0x10003a8d   Thumb Code     0  d2f.o(x$fpl$d2f)
    _d2f                                     0x10003a8d   Thumb Code    98  d2f.o(x$fpl$d2f)
    __aeabi_ddiv                             0x10003af1   Thumb Code     0  ddiv.o(x$fpl$ddiv)
    _ddiv                                    0x10003af1   Thumb Code   552  ddiv.o(x$fpl$ddiv)
    __aeabi_ui2d                             0x10003da1   Thumb Code     0  dflt_clz.o(x$fpl$dfltu)
    _dfltu                                   0x10003da1   Thumb Code    38  dflt_clz.o(x$fpl$dfltu)
    __fpl_dnaninf                            0x10003dc7   Thumb Code   156  dnaninf.o(x$fpl$dnaninf)
    __fpl_dretinf                            0x10003e63   Thumb Code    12  dretinf.o(x$fpl$dretinf)
    __aeabi_f2d                              0x10003e71   Thumb Code     0  f2d.o(x$fpl$f2d)
    _f2d                                     0x10003e71   Thumb Code    86  f2d.o(x$fpl$f2d)
    __aeabi_fadd                             0x10003ec9   Thumb Code     0  faddsub_clz.o(x$fpl$fadd)
    _fadd                                    0x10003ec9   Thumb Code   196  faddsub_clz.o(x$fpl$fadd)
    __aeabi_fdiv                             0x10003f8d   Thumb Code     0  fdiv.o(x$fpl$fdiv)
    _fdiv                                    0x10003f8d   Thumb Code   384  fdiv.o(x$fpl$fdiv)
    __aeabi_i2f                              0x10004111   Thumb Code     0  fflt_clz.o(x$fpl$fflt)
    _fflt                                    0x10004111   Thumb Code    48  fflt_clz.o(x$fpl$fflt)
    __aeabi_fmul                             0x10004141   Thumb Code     0  fmul.o(x$fpl$fmul)
    _fmul                                    0x10004141   Thumb Code   258  fmul.o(x$fpl$fmul)
    __fpl_fnaninf                            0x10004243   Thumb Code   140  fnaninf.o(x$fpl$fnaninf)
    __fpl_fretinf                            0x100042cf   Thumb Code    10  fretinf.o(x$fpl$fretinf)
    __aeabi_fsub                             0x100042d9   Thumb Code     0  faddsub_clz.o(x$fpl$fsub)
    _fsub                                    0x100042d9   Thumb Code   234  faddsub_clz.o(x$fpl$fsub)
    _printf_fp_dec                           0x100043c3   Thumb Code     4  printf1.o(x$fpl$printf1)
    __I$use$fp                               0x100043c6   Number         0  usenofp.o(x$fpl$usenofp)
    osRtxUserSVC                             0x10004428   Data           4  rtx_lib.o(.constdata)
    irqRtxLib                                0x1000442c   Data           1  irq_cm3.o(.constdata)
    osRtxConfig                              0x10004510   Data         104  rtx_lib.o(.rodata)
    os_cb_sections                           0x10004578   Data          56  rtx_lib.o(.rodata)
    Region$$Table$$Base                      0x100045bc   Number         0  anon$$obj.o(Region$$Table)
    Region$$Table$$Limit                     0x100045dc   Number         0  anon$$obj.o(Region$$Table)
    .bss.os.msgqueue.cb$$Base                0x2007e040   Number         0  rtx_lib.o(.bss.os.msgqueue.cb)
    .bss.os.msgqueue.cb$$Limit               0x2007e074   Number         0  rtx_lib.o(.bss.os.msgqueue.cb)
    .bss.os.thread.cb$$Base                  0x2007e0c4   Number         0  rtx_lib.o(.bss.os.thread.cb)
    .bss.os.thread.cb$$Limit                 0x2007e14c   Number         0  rtx_lib.o(.bss.os.thread.cb)
    uart_init_called                         0x2007e960   Data           1  retarget.o(.data)
    __stdout                                 0x2007e964   Data           4  retarget.o(.data)
    __stdin                                  0x2007e968   Data           4  retarget.o(.data)
    ITM_RxBuffer                             0x2007e96c   Data           4  uart.o(.data)
    UART0Status                              0x2007e970   Data           4  uart.o(.data)
    UART1Status                              0x2007e974   Data           4  uart.o(.data)
    UART0TxEmpty                             0x2007e978   Data           1  uart.o(.data)
    UART1TxEmpty                             0x2007e979   Data           1  uart.o(.data)
    UART0Count                               0x2007e97c   Data           4  uart.o(.data)
    UART1Count                               0x2007e980   Data           4  uart.o(.data)
    RcvLock0                                 0x2007e984   Data           1  uart.o(.data)
    SndLock0                                 0x2007e985   Data           1  uart.o(.data)
    RcvLock1                                 0x2007e986   Data           1  uart.o(.data)
    SndLock1                                 0x2007e987   Data           1  uart.o(.data)
    i                                        0x2007e988   Data           4  uart.o(.data)
    queueId                                  0x2007e98c   Data           8  main.o(.data)
    timeElapsed                              0x2007e994   Data           4  main.o(.data)
    msgIn                                    0x2007e998   Data           4  main.o(.data)
    msgOut                                   0x2007e99c   Data           4  main.o(.data)
    serverNum                                0x2007e9a0   Data           8  main.o(.data)
    clientNum                                0x2007e9a8   Data           8  main.o(.data)
    messageTot                               0x2007e9b0   Data           8  main.o(.data)
    sent                                     0x2007e9b8   Data           8  main.o(.data)
    failed                                   0x2007e9c0   Data           8  main.o(.data)
    received                                 0x2007e9c8   Data           8  main.o(.data)
    avgLossRatio                             0x2007e9d0   Data           8  main.o(.data)
    avgArrivalRate                           0x2007e9d8   Data           8  main.o(.data)
    avgServiceRate                           0x2007e9e0   Data           8  main.o(.data)
    irqRtxLibRef                             0x2007e9e8   Data           4  rtx_lib.o(.data)
    SystemCoreClock                          0x2007e9f0   Data           4  system_lpc17xx.o(.data)
    osRtxInfo                                0x2007e9f4   Data         164  rtx_kernel.o(.data.os)
    UART0Buffer                              0x2007ea98   Data          64  uart.o(.bss)
    UART1Buffer                              0x2007ead8   Data          64  uart.o(.bss)
    __libspace_start                         0x2007eb18   Data          96  libspace.o(.bss)
    __temporary_stack_top$libspace           0x2007eb78   Data           0  libspace.o(.bss)



==============================================================================

Memory Map of the image

  Image Entry point : 0x100000cd

  Load Region LR_IROM1 (Base: 0x10000000, Size: 0x00007090, Max: 0x00008000, ABSOLUTE, COMPRESSED[0x000049bc])

    Execution Region ER_IROM1 (Exec base: 0x10000000, Load base: 0x10000000, Size: 0x000045f8, Max: 0x00008000, ABSOLUTE)

    Exec Addr    Load Addr    Size         Type   Attr      Idx    E Section Name        Object

    0x10000000   0x10000000   0x000000cc   Data   RO          434    RESET               startup_lpc17xx.o
    0x100000cc   0x100000cc   0x00000008   Code   RO          991  * !!!main             c_w.l(__main.o)
    0x100000d4   0x100000d4   0x00000034   Code   RO         1257    !!!scatter          c_w.l(__scatter.o)
    0x10000108   0x10000108   0x0000005a   Code   RO         1255    !!dczerorl2         c_w.l(__dczerorl2.o)
    0x10000162   0x10000162   0x00000002   PAD
    0x10000164   0x10000164   0x0000001c   Code   RO         1259    !!handler_zi        c_w.l(__scatter_zi.o)
    0x10000180   0x10000180   0x00000000   Code   RO          982    .ARM.Collect$$_printf_percent$$00000000  c_w.l(_printf_percent.o)
    0x10000180   0x10000180   0x00000006   Code   RO          981    .ARM.Collect$$_printf_percent$$00000003  c_w.l(_printf_f.o)
    0x10000186   0x10000186   0x00000006   Code   RO          980    .ARM.Collect$$_printf_percent$$00000009  c_w.l(_printf_d.o)
    0x1000018c   0x1000018c   0x00000006   Code   RO          979    .ARM.Collect$$_printf_percent$$00000014  c_w.l(_printf_s.o)
    0x10000192   0x10000192   0x00000004   Code   RO         1040    .ARM.Collect$$_printf_percent$$00000017  c_w.l(_printf_percent_end.o)
    0x10000196   0x10000196   0x00000002   Code   RO         1132    .ARM.Collect$$libinit$$00000000  c_w.l(libinit.o)
    0x10000198   0x10000198   0x00000000   Code   RO         1134    .ARM.Collect$$libinit$$00000002  c_w.l(libinit2.o)
    0x10000198   0x10000198   0x00000000   Code   RO         1136    .ARM.Collect$$libinit$$00000004  c_w.l(libinit2.o)
    0x10000198   0x10000198   0x00000000   Code   RO         1139    .ARM.Collect$$libinit$$0000000A  c_w.l(libinit2.o)
    0x10000198   0x10000198   0x00000000   Code   RO         1141    .ARM.Collect$$libinit$$0000000C  c_w.l(libinit2.o)
    0x10000198   0x10000198   0x00000000   Code   RO         1143    .ARM.Collect$$libinit$$0000000E  c_w.l(libinit2.o)
    0x10000198   0x10000198   0x00000006   Code   RO         1144    .ARM.Collect$$libinit$$0000000F  c_w.l(libinit2.o)
    0x1000019e   0x1000019e   0x00000000   Code   RO         1146    .ARM.Collect$$libinit$$00000011  c_w.l(libinit2.o)
    0x1000019e   0x1000019e   0x00000000   Code   RO         1148    .ARM.Collect$$libinit$$00000013  c_w.l(libinit2.o)
    0x1000019e   0x1000019e   0x00000000   Code   RO         1150    .ARM.Collect$$libinit$$00000015  c_w.l(libinit2.o)
    0x1000019e   0x1000019e   0x0000000a   Code   RO         1151    .ARM.Collect$$libinit$$00000016  c_w.l(libinit2.o)
    0x100001a8   0x100001a8   0x00000000   Code   RO         1152    .ARM.Collect$$libinit$$00000017  c_w.l(libinit2.o)
    0x100001a8   0x100001a8   0x00000000   Code   RO         1154    .ARM.Collect$$libinit$$00000019  c_w.l(libinit2.o)
    0x100001a8   0x100001a8   0x00000000   Code   RO         1156    .ARM.Collect$$libinit$$0000001B  c_w.l(libinit2.o)
    0x100001a8   0x100001a8   0x00000000   Code   RO         1158    .ARM.Collect$$libinit$$0000001D  c_w.l(libinit2.o)
    0x100001a8   0x100001a8   0x00000000   Code   RO         1160    .ARM.Collect$$libinit$$0000001F  c_w.l(libinit2.o)
    0x100001a8   0x100001a8   0x00000000   Code   RO         1162    .ARM.Collect$$libinit$$00000021  c_w.l(libinit2.o)
    0x100001a8   0x100001a8   0x00000000   Code   RO         1164    .ARM.Collect$$libinit$$00000023  c_w.l(libinit2.o)
    0x100001a8   0x100001a8   0x00000000   Code   RO         1166    .ARM.Collect$$libinit$$00000025  c_w.l(libinit2.o)
    0x100001a8   0x100001a8   0x00000000   Code   RO         1170    .ARM.Collect$$libinit$$0000002C  c_w.l(libinit2.o)
    0x100001a8   0x100001a8   0x00000000   Code   RO         1172    .ARM.Collect$$libinit$$0000002E  c_w.l(libinit2.o)
    0x100001a8   0x100001a8   0x00000000   Code   RO         1174    .ARM.Collect$$libinit$$00000030  c_w.l(libinit2.o)
    0x100001a8   0x100001a8   0x00000000   Code   RO         1176    .ARM.Collect$$libinit$$00000032  c_w.l(libinit2.o)
    0x100001a8   0x100001a8   0x00000002   Code   RO         1177    .ARM.Collect$$libinit$$00000033  c_w.l(libinit2.o)
    0x100001aa   0x100001aa   0x00000002   Code   RO         1217    .ARM.Collect$$libshutdown$$00000000  c_w.l(libshutdown.o)
    0x100001ac   0x100001ac   0x00000000   Code   RO         1238    .ARM.Collect$$libshutdown$$00000002  c_w.l(libshutdown2.o)
    0x100001ac   0x100001ac   0x00000000   Code   RO         1240    .ARM.Collect$$libshutdown$$00000004  c_w.l(libshutdown2.o)
    0x100001ac   0x100001ac   0x00000000   Code   RO         1243    .ARM.Collect$$libshutdown$$00000007  c_w.l(libshutdown2.o)
    0x100001ac   0x100001ac   0x00000000   Code   RO         1246    .ARM.Collect$$libshutdown$$0000000A  c_w.l(libshutdown2.o)
    0x100001ac   0x100001ac   0x00000000   Code   RO         1248    .ARM.Collect$$libshutdown$$0000000C  c_w.l(libshutdown2.o)
    0x100001ac   0x100001ac   0x00000000   Code   RO         1251    .ARM.Collect$$libshutdown$$0000000F  c_w.l(libshutdown2.o)
    0x100001ac   0x100001ac   0x00000002   Code   RO         1252    .ARM.Collect$$libshutdown$$00000010  c_w.l(libshutdown2.o)
    0x100001ae   0x100001ae   0x00000000   Code   RO         1027    .ARM.Collect$$rtentry$$00000000  c_w.l(__rtentry.o)
    0x100001ae   0x100001ae   0x00000000   Code   RO         1053    .ARM.Collect$$rtentry$$00000002  c_w.l(__rtentry2.o)
    0x100001ae   0x100001ae   0x00000006   Code   RO         1065    .ARM.Collect$$rtentry$$00000004  c_w.l(__rtentry4.o)
    0x100001b4   0x100001b4   0x00000008   Code   RO         1054    .ARM.Collect$$rtentry$$00000008  c_w.l(__rtentry2.o)
    0x100001bc   0x100001bc   0x00000004   Code   RO         1056    .ARM.Collect$$rtentry$$0000000A  c_w.l(__rtentry2.o)
    0x100001c0   0x100001c0   0x00000000   Code   RO         1058    .ARM.Collect$$rtentry$$0000000C  c_w.l(__rtentry2.o)
    0x100001c0   0x100001c0   0x00000008   Code   RO         1059    .ARM.Collect$$rtentry$$0000000D  c_w.l(__rtentry2.o)
    0x100001c8   0x100001c8   0x00000002   Code   RO         1178    .ARM.Collect$$rtexit$$00000000  c_w.l(rtexit.o)
    0x100001ca   0x100001ca   0x00000000   Code   RO         1191    .ARM.Collect$$rtexit$$00000002  c_w.l(rtexit2.o)
    0x100001ca   0x100001ca   0x00000004   Code   RO         1192    .ARM.Collect$$rtexit$$00000003  c_w.l(rtexit2.o)
    0x100001ce   0x100001ce   0x00000006   Code   RO         1193    .ARM.Collect$$rtexit$$00000004  c_w.l(rtexit2.o)
    0x100001d4   0x100001d4   0x00000040   Code   RO          435    .text               startup_lpc17xx.o
    0x10000214   0x10000214   0x00000094   Code   RO          787    .text               RTX_CM3.lib(irq_cm3.o)
    0x100002a8   0x100002a8   0x000000ee   Code   RO          945    .text               c_w.l(lludivv7m.o)
    0x10000396   0x10000396   0x00000002   PAD
    0x10000398   0x10000398   0x00000018   Code   RO          949    .text               c_w.l(noretval__2printf.o)
    0x100003b0   0x100003b0   0x0000004e   Code   RO          953    .text               c_w.l(_printf_pad.o)
    0x100003fe   0x100003fe   0x00000052   Code   RO          955    .text               c_w.l(_printf_str.o)
    0x10000450   0x10000450   0x00000078   Code   RO          957    .text               c_w.l(_printf_dec.o)
    0x100004c8   0x100004c8   0x0000010e   Code   RO          967    .text               c_w.l(__printf_wp.o)
    0x100005d6   0x100005d6   0x0000008a   Code   RO          983    .text               c_w.l(rt_memcpy_v6.o)
    0x10000660   0x10000660   0x00000044   Code   RO          985    .text               c_w.l(rt_memclr.o)
    0x100006a4   0x100006a4   0x0000004e   Code   RO          987    .text               c_w.l(rt_memclr_w.o)
    0x100006f2   0x100006f2   0x00000006   Code   RO          989    .text               c_w.l(heapauxi.o)
    0x100006f8   0x100006f8   0x000000b2   Code   RO         1032    .text               c_w.l(_printf_intcommon.o)
    0x100007aa   0x100007aa   0x0000041e   Code   RO         1034    .text               c_w.l(_printf_fp_dec.o)
    0x10000bc8   0x10000bc8   0x0000002c   Code   RO         1036    .text               c_w.l(_printf_char.o)
    0x10000bf4   0x10000bf4   0x00000024   Code   RO         1038    .text               c_w.l(_printf_char_file.o)
    0x10000c18   0x10000c18   0x00000064   Code   RO         1041    .text               c_w.l(rt_memcpy_w.o)
    0x10000c7c   0x10000c7c   0x0000000a   Code   RO         1074    .text               c_w.l(rt_locale_twolibspace.o)
    0x10000c86   0x10000c86   0x0000008a   Code   RO         1076    .text               c_w.l(lludiv10.o)
    0x10000d10   0x10000d10   0x00000030   Code   RO         1078    .text               c_w.l(_printf_char_common.o)
    0x10000d40   0x10000d40   0x00000080   Code   RO         1080    .text               c_w.l(_printf_fp_infnan.o)
    0x10000dc0   0x10000dc0   0x000000e4   Code   RO         1082    .text               c_w.l(bigflt0.o)
    0x10000ea4   0x10000ea4   0x00000008   Code   RO         1114    .text               c_w.l(libspace.o)
    0x10000eac   0x10000eac   0x0000004a   Code   RO         1117    .text               c_w.l(sys_stackheap_outer.o)
    0x10000ef6   0x10000ef6   0x00000012   Code   RO         1121    .text               c_w.l(exit.o)
    0x10000f08   0x10000f08   0x00000080   Code   RO         1127    .text               c_w.l(strcmpv7m.o)
    0x10000f88   0x10000f88   0x00000040   Code   RO          770    .text.MessageQueueGet  RTX_CM3.lib(rtx_msgqueue.o)
    0x10000fc8   0x10000fc8   0x00000058   Code   RO          764    .text.MessageQueuePut  RTX_CM3.lib(rtx_msgqueue.o)
    0x10001020   0x10001020   0x0000001c   Code   RO          762    .text.MessageQueueRemove  RTX_CM3.lib(rtx_msgqueue.o)
    0x1000103c   0x1000103c   0x0000000c   Code   RO          922    .text.OS_Tick_AcknowledgeIRQ  RTX_CM3.lib(os_systick.o)
    0x10001048   0x10001048   0x0000002c   Code   RO          918    .text.OS_Tick_Enable  RTX_CM3.lib(os_systick.o)
    0x10001074   0x10001074   0x00000010   Code   RO          930    .text.OS_Tick_GetCount  RTX_CM3.lib(os_systick.o)
    0x10001084   0x10001084   0x00000006   Code   RO          924    .text.OS_Tick_GetIRQn  RTX_CM3.lib(os_systick.o)
    0x1000108a   0x1000108a   0x00000002   PAD
    0x1000108c   0x1000108c   0x0000000c   Code   RO          928    .text.OS_Tick_GetInterval  RTX_CM3.lib(os_systick.o)
    0x10001098   0x10001098   0x00000010   Code   RO          932    .text.OS_Tick_GetOverflow  RTX_CM3.lib(os_systick.o)
    0x100010a8   0x100010a8   0x00000040   Code   RO          916    .text.OS_Tick_Setup  RTX_CM3.lib(os_systick.o)
    0x100010e8   0x100010e8   0x0000006e   Code   RO          623    .text.ThreadFlagsCheck  RTX_CM3.lib(rtx_thread.o)
    0x10001156   0x10001156   0x00000002   PAD
    0x10001158   0x10001158   0x00000048   Code   RO          808    .text.TimerInsert   RTX_CM3.lib(rtx_timer.o)
    0x100011a0   0x100011a0   0x00000024   Code   RO          676    .text.osDelay       RTX_CM3.lib(rtx_delay.o)
    0x100011c4   0x100011c4   0x00000030   Code   RO          484    .text.osKernelGetState  RTX_CM3.lib(rtx_kernel.o)
    0x100011f4   0x100011f4   0x00000024   Code   RO          508    .text.osKernelGetSysTimerCount  RTX_CM3.lib(rtx_kernel.o)
    0x10001218   0x10001218   0x00000028   Code   RO          504    .text.osKernelGetTickFreq  RTX_CM3.lib(rtx_kernel.o)
    0x10001240   0x10001240   0x0000002c   Code   RO          478    .text.osKernelInitialize  RTX_CM3.lib(rtx_kernel.o)
    0x1000126c   0x1000126c   0x00000024   Code   RO          488    .text.osKernelStart  RTX_CM3.lib(rtx_kernel.o)
    0x10001290   0x10001290   0x0000006c   Code   RO          736    .text.osMessageQueueGet  RTX_CM3.lib(rtx_msgqueue.o)
    0x100012fc   0x100012fc   0x00000030   Code   RO          746    .text.osMessageQueueGetCount  RTX_CM3.lib(rtx_msgqueue.o)
    0x1000132c   0x1000132c   0x00000024   Code   RO          730    .text.osMessageQueueNew  RTX_CM3.lib(rtx_msgqueue.o)
    0x10001350   0x10001350   0x00000078   Code   RO          734    .text.osMessageQueuePut  RTX_CM3.lib(rtx_msgqueue.o)
    0x100013c8   0x100013c8   0x00000024   Code   RO          701    .text.osMutexAcquire  RTX_CM3.lib(rtx_mutex.o)
    0x100013ec   0x100013ec   0x00000024   Code   RO          707    .text.osMutexDelete  RTX_CM3.lib(rtx_mutex.o)
    0x10001410   0x10001410   0x00000024   Code   RO          697    .text.osMutexNew    RTX_CM3.lib(rtx_mutex.o)
    0x10001434   0x10001434   0x00000024   Code   RO          703    .text.osMutexRelease  RTX_CM3.lib(rtx_mutex.o)
    0x10001458   0x10001458   0x00000002   Code   RO          476    .text.osRtxKernelPreInit  RTX_CM3.lib(rtx_kernel.o)
    0x1000145a   0x1000145a   0x00000070   Code   RO          835    .text.osRtxMemoryAlloc  RTX_CM3.lib(rtx_memory.o)
    0x100014ca   0x100014ca   0x00000046   Code   RO          837    .text.osRtxMemoryFree  RTX_CM3.lib(rtx_memory.o)
    0x10001510   0x10001510   0x0000003c   Code   RO          833    .text.osRtxMemoryInit  RTX_CM3.lib(rtx_memory.o)
    0x1000154c   0x1000154c   0x0000003a   Code   RO          850    .text.osRtxMemoryPoolAlloc  RTX_CM3.lib(rtx_mempool.o)
    0x10001586   0x10001586   0x0000004a   Code   RO          852    .text.osRtxMemoryPoolFree  RTX_CM3.lib(rtx_mempool.o)
    0x100015d0   0x100015d0   0x00000036   Code   RO          848    .text.osRtxMemoryPoolInit  RTX_CM3.lib(rtx_mempool.o)
    0x10001606   0x10001606   0x000000ba   Code   RO          760    .text.osRtxMessageQueuePostProcess  RTX_CM3.lib(rtx_msgqueue.o)
    0x100016c0   0x100016c0   0x00000048   Code   RO          693    .text.osRtxMutexOwnerRelease  RTX_CM3.lib(rtx_mutex.o)
    0x10001708   0x10001708   0x00000042   Code   RO          695    .text.osRtxMutexOwnerRestore  RTX_CM3.lib(rtx_mutex.o)
    0x1000174a   0x1000174a   0x00000002   PAD
    0x1000174c   0x1000174c   0x0000008c   Code   RO          903    .text.osRtxPendSV_Handler  RTX_CM3.lib(rtx_system.o)
    0x100017d8   0x100017d8   0x00000074   Code   RO          905    .text.osRtxPostProcess  RTX_CM3.lib(rtx_system.o)
    0x1000184c   0x1000184c   0x00000038   Code   RO          563    .text.osRtxThreadBlock  RTX_CM3.lib(rtx_thread.o)
    0x10001884   0x10001884   0x00000074   Code   RO          571    .text.osRtxThreadDelayInsert  RTX_CM3.lib(rtx_thread.o)
    0x100018f8   0x100018f8   0x0000003c   Code   RO          567    .text.osRtxThreadDelayRemove  RTX_CM3.lib(rtx_thread.o)
    0x10001934   0x10001934   0x0000004c   Code   RO          551    .text.osRtxThreadDelayTick  RTX_CM3.lib(rtx_thread.o)
    0x10001980   0x10001980   0x00000058   Code   RO          561    .text.osRtxThreadDispatch  RTX_CM3.lib(rtx_thread.o)
    0x100019d8   0x100019d8   0x00000058   Code   RO          647    .text.osRtxThreadFree  RTX_CM3.lib(rtx_thread.o)
    0x10001a30   0x10001a30   0x00000012   Code   RO          543    .text.osRtxThreadListGet  RTX_CM3.lib(rtx_thread.o)
    0x10001a42   0x10001a42   0x0000002c   Code   RO          541    .text.osRtxThreadListPut  RTX_CM3.lib(rtx_thread.o)
    0x10001a6e   0x10001a6e   0x00000014   Code   RO          547    .text.osRtxThreadListRemove  RTX_CM3.lib(rtx_thread.o)
    0x10001a82   0x10001a82   0x0000000c   Code   RO          553    .text.osRtxThreadListRoot  RTX_CM3.lib(rtx_thread.o)
    0x10001a8e   0x10001a8e   0x00000026   Code   RO          545    .text.osRtxThreadListSort  RTX_CM3.lib(rtx_thread.o)
    0x10001ab4   0x10001ab4   0x00000028   Code   RO          621    .text.osRtxThreadPostProcess  RTX_CM3.lib(rtx_thread.o)
    0x10001adc   0x10001adc   0x00000014   Code   RO          549    .text.osRtxThreadReadyPut  RTX_CM3.lib(rtx_thread.o)
    0x10001af0   0x10001af0   0x00000006   Code   RO          555    .text.osRtxThreadRegPtr  RTX_CM3.lib(rtx_thread.o)
    0x10001af6   0x10001af6   0x00000002   PAD
    0x10001af8   0x10001af8   0x00000028   Code   RO          559    .text.osRtxThreadStackCheck  RTX_CM3.lib(rtx_thread.o)
    0x10001b20   0x10001b20   0x00000040   Code   RO          573    .text.osRtxThreadStartup  RTX_CM3.lib(rtx_thread.o)
    0x10001b60   0x10001b60   0x00000010   Code   RO          557    .text.osRtxThreadSwitch  RTX_CM3.lib(rtx_thread.o)
    0x10001b70   0x10001b70   0x00000038   Code   RO          569    .text.osRtxThreadWaitEnter  RTX_CM3.lib(rtx_thread.o)
    0x10001ba8   0x10001ba8   0x00000024   Code   RO          565    .text.osRtxThreadWaitExit  RTX_CM3.lib(rtx_thread.o)
    0x10001bcc   0x10001bcc   0x00000070   Code   RO          901    .text.osRtxTick_Handler  RTX_CM3.lib(rtx_system.o)
    0x10001c3c   0x10001c3c   0x0000003c   Code   RO          792    .text.osRtxTimerThread  RTX_CM3.lib(rtx_timer.o)
    0x10001c78   0x10001c78   0x00000054   Code   RO          794    .text.osRtxTimerTick  RTX_CM3.lib(rtx_timer.o)
    0x10001ccc   0x10001ccc   0x0000000c   Code   RO          605    .text.osThreadExit  RTX_CM3.lib(rtx_thread.o)
    0x10001cd8   0x10001cd8   0x00000024   Code   RO          577    .text.osThreadNew   RTX_CM3.lib(rtx_thread.o)
    0x10001cfc   0x10001cfc   0x00000024   Code   RO          595    .text.osThreadYield  RTX_CM3.lib(rtx_thread.o)
    0x10001d20   0x10001d20   0x00000014   Code   RO          680    .text.svcRtxDelay   RTX_CM3.lib(rtx_delay.o)
    0x10001d34   0x10001d34   0x0000000c   Code   RO          486    .text.svcRtxKernelGetState  RTX_CM3.lib(rtx_kernel.o)
    0x10001d40   0x10001d40   0x00000028   Code   RO          510    .text.svcRtxKernelGetSysTimerCount  RTX_CM3.lib(rtx_kernel.o)
    0x10001d68   0x10001d68   0x0000000c   Code   RO          506    .text.svcRtxKernelGetTickFreq  RTX_CM3.lib(rtx_kernel.o)
    0x10001d74   0x10001d74   0x00000150   Code   RO          516    .text.svcRtxKernelInitialize  RTX_CM3.lib(rtx_kernel.o)
    0x10001ec4   0x10001ec4   0x00000088   Code   RO          518    .text.svcRtxKernelStart  RTX_CM3.lib(rtx_kernel.o)
    0x10001f4c   0x10001f4c   0x000000e0   Code   RO          772    .text.svcRtxMessageQueueGet  RTX_CM3.lib(rtx_msgqueue.o)
    0x1000202c   0x1000202c   0x00000010   Code   RO          748    .text.svcRtxMessageQueueGetCount  RTX_CM3.lib(rtx_msgqueue.o)
    0x1000203c   0x1000203c   0x00000130   Code   RO          758    .text.svcRtxMessageQueueNew  RTX_CM3.lib(rtx_msgqueue.o)
    0x1000216c   0x1000216c   0x000000c0   Code   RO          768    .text.svcRtxMessageQueuePut  RTX_CM3.lib(rtx_msgqueue.o)
    0x1000222c   0x1000222c   0x00000094   Code   RO          713    .text.svcRtxMutexAcquire  RTX_CM3.lib(rtx_mutex.o)
    0x100022c0   0x100022c0   0x000000b0   Code   RO          719    .text.svcRtxMutexDelete  RTX_CM3.lib(rtx_mutex.o)
    0x10002370   0x10002370   0x00000068   Code   RO          709    .text.svcRtxMutexNew  RTX_CM3.lib(rtx_mutex.o)
    0x100023d8   0x100023d8   0x000000b4   Code   RO          715    .text.svcRtxMutexRelease  RTX_CM3.lib(rtx_mutex.o)
    0x1000248c   0x1000248c   0x00000068   Code   RO          651    .text.svcRtxThreadExit  RTX_CM3.lib(rtx_thread.o)
    0x100024f4   0x100024f4   0x000001d0   Code   RO          575    .text.svcRtxThreadNew  RTX_CM3.lib(rtx_thread.o)
    0x100026c4   0x100026c4   0x00000038   Code   RO          637    .text.svcRtxThreadYield  RTX_CM3.lib(rtx_thread.o)
    0x100026fc   0x100026fc   0x0000003e   Code   RO         1085    CL$$btod_d2e        c_w.l(btod.o)
    0x1000273a   0x1000273a   0x00000046   Code   RO         1087    CL$$btod_d2e_denorm_low  c_w.l(btod.o)
    0x10002780   0x10002780   0x00000060   Code   RO         1086    CL$$btod_d2e_norm_op1  c_w.l(btod.o)
    0x100027e0   0x100027e0   0x00000338   Code   RO         1095    CL$$btod_div_common  c_w.l(btod.o)
    0x10002b18   0x10002b18   0x000000dc   Code   RO         1092    CL$$btod_e2e        c_w.l(btod.o)
    0x10002bf4   0x10002bf4   0x0000002a   Code   RO         1089    CL$$btod_ediv       c_w.l(btod.o)
    0x10002c1e   0x10002c1e   0x0000002a   Code   RO         1088    CL$$btod_emul       c_w.l(btod.o)
    0x10002c48   0x10002c48   0x00000244   Code   RO         1094    CL$$btod_mult_common  c_w.l(btod.o)
    0x10002e8c   0x10002e8c   0x00000006   Code   RO          107    i.Free              uart.o
    0x10002e92   0x10002e92   0x00000002   PAD
    0x10002e94   0x10002e94   0x00000024   Code   RO          108    i.FreeRcv           uart.o
    0x10002eb8   0x10002eb8   0x00000024   Code   RO          109    i.FreeSnd           uart.o
    0x10002edc   0x10002edc   0x000001a8   Code   RO          442    i.SystemCoreClockUpdate  system_lpc17xx.o
    0x10003084   0x10003084   0x00000140   Code   RO          443    i.SystemInit        system_lpc17xx.o
    0x100031c4   0x100031c4   0x00000068   Code   RO          113    i.UART0_IRQHandler  uart.o
    0x1000322c   0x1000322c   0x00000070   Code   RO          114    i.UART1_IRQHandler  uart.o
    0x1000329c   0x1000329c   0x000000bc   Code   RO          115    i.UARTInit          uart.o
    0x10003358   0x10003358   0x00000024   Code   RO          119    i.UARTSendChar      uart.o
    0x1000337c   0x1000337c   0x00000028   Code   RO         1112    i.__ARM_fpclassify  m_ws.l(fpclassify.o)
    0x100033a4   0x100033a4   0x00000022   Code   RO          120    i.__NVIC_EnableIRQ  uart.o
    0x100033c6   0x100033c6   0x0000000e   Code   RO          969    i._is_digit         c_w.l(__printf_wp.o)
    0x100033d4   0x100033d4   0x00000016   Code   RO          315    i._mutex_acquire    rtx_lib.o
    0x100033ea   0x100033ea   0x0000000c   Code   RO          316    i._mutex_free       rtx_lib.o
    0x100033f6   0x100033f6   0x00000022   Code   RO          317    i._mutex_initialize  rtx_lib.o
    0x10003418   0x10003418   0x00000012   Code   RO          318    i._mutex_release    rtx_lib.o
    0x1000342a   0x1000342a   0x00000008   Code   RO          319    i._platform_post_stackheap_init  rtx_lib.o
    0x10003432   0x10003432   0x00000004   Code   RO           40    i._sys_exit         retarget.o
    0x10003436   0x10003436   0x00000002   PAD
    0x10003438   0x10003438   0x000000f4   Code   RO          241    i.client            main.o
    0x1000352c   0x1000352c   0x00000008   Code   RO           42    i.ferror            retarget.o
    0x10003534   0x10003534   0x0000000e   Code   RO           44    i.fputc             retarget.o
    0x10003542   0x10003542   0x00000002   PAD
    0x10003544   0x10003544   0x00000048   Code   RO          121    i.getFrequency      uart.o
    0x1000358c   0x1000358c   0x00000090   Code   RO            1    i.lfsr113           lfsr113.o
    0x1000361c   0x1000361c   0x00000078   Code   RO          242    i.main              main.o
    0x10003694   0x10003694   0x00000014   Code   RO           23    i.next_event        random.o
    0x100036a8   0x100036a8   0x00000020   Code   RO          401    i.osRtxErrorNotify  rtx_config.o
    0x100036c8   0x100036c8   0x00000004   Code   RO          402    i.osRtxIdleThread   rtx_config.o
    0x100036cc   0x100036cc   0x00000020   Code   RO          320    i.os_kernel_is_active  rtx_lib.o
    0x100036ec   0x100036ec   0x0000029c   Code   RO          243    i.output            main.o
    0x10003988   0x10003988   0x00000044   Code   RO           46    i.sendchar          retarget.o
    0x100039cc   0x100039cc   0x00000094   Code   RO          244    i.server            main.o
    0x10003a60   0x10003a60   0x0000002c   Code   RO         1108    locale$$code        c_w.l(lc_numeric_c.o)
    0x10003a8c   0x10003a8c   0x00000062   Code   RO          993    x$fpl$d2f           fz_ws.l(d2f.o)
    0x10003aee   0x10003aee   0x00000002   PAD
    0x10003af0   0x10003af0   0x000002b0   Code   RO          996    x$fpl$ddiv          fz_ws.l(ddiv.o)
    0x10003da0   0x10003da0   0x00000026   Code   RO          999    x$fpl$dfltu         fz_ws.l(dflt_clz.o)
    0x10003dc6   0x10003dc6   0x0000009c   Code   RO         1043    x$fpl$dnaninf       fz_ws.l(dnaninf.o)
    0x10003e62   0x10003e62   0x0000000c   Code   RO         1045    x$fpl$dretinf       fz_ws.l(dretinf.o)
    0x10003e6e   0x10003e6e   0x00000002   PAD
    0x10003e70   0x10003e70   0x00000056   Code   RO         1005    x$fpl$f2d           fz_ws.l(f2d.o)
    0x10003ec6   0x10003ec6   0x00000002   PAD
    0x10003ec8   0x10003ec8   0x000000c4   Code   RO         1007    x$fpl$fadd          fz_ws.l(faddsub_clz.o)
    0x10003f8c   0x10003f8c   0x00000184   Code   RO         1014    x$fpl$fdiv          fz_ws.l(fdiv.o)
    0x10004110   0x10004110   0x00000030   Code   RO         1018    x$fpl$fflt          fz_ws.l(fflt_clz.o)
    0x10004140   0x10004140   0x00000102   Code   RO         1023    x$fpl$fmul          fz_ws.l(fmul.o)
    0x10004242   0x10004242   0x0000008c   Code   RO         1047    x$fpl$fnaninf       fz_ws.l(fnaninf.o)
    0x100042ce   0x100042ce   0x0000000a   Code   RO         1049    x$fpl$fretinf       fz_ws.l(fretinf.o)
    0x100042d8   0x100042d8   0x000000ea   Code   RO         1009    x$fpl$fsub          fz_ws.l(faddsub_clz.o)
    0x100043c2   0x100043c2   0x00000004   Code   RO         1025    x$fpl$printf1       fz_ws.l(printf1.o)
    0x100043c6   0x100043c6   0x00000000   Code   RO         1051    x$fpl$usenofp       fz_ws.l(usenofp.o)
    0x100043c6   0x100043c6   0x00000002   PAD
    0x100043c8   0x100043c8   0x00000064   Data   RO          327    .constdata          rtx_lib.o
    0x1000442c   0x1000442c   0x00000001   Data   RO          786    .constdata          RTX_CM3.lib(irq_cm3.o)
    0x1000442d   0x1000442d   0x00000003   PAD
    0x10004430   0x10004430   0x00000094   Data   RO         1083    .constdata          c_w.l(bigflt0.o)
    0x100044c4   0x100044c4   0x0000004a   Data   RO          246    .conststring        main.o
    0x1000450e   0x1000450e   0x00000002   PAD
    0x10004510   0x10004510   0x000000a0   Data   RO          329    .rodata             rtx_lib.o
    0x100045b0   0x100045b0   0x0000000b   Data   RO          530    .rodata.str1.4      RTX_CM3.lib(rtx_kernel.o)
    0x100045bb   0x100045bb   0x00000001   PAD
    0x100045bc   0x100045bc   0x00000020   Data   RO         1253    Region$$Table       anon$$obj.o
    0x100045dc   0x100045dc   0x0000001c   Data   RO         1107    locale$$data        c_w.l(lc_numeric_c.o)


    Execution Region RW_IRAM2 (Exec base: 0x2007c000, Load base: 0x100045f8, Size: 0x00004380, Max: 0x00008000, ABSOLUTE, COMPRESSED[0x000003c4])

    Exec Addr    Load Addr    Size         Type   Attr      Idx    E Section Name        Object

    0x2007c000   COMPRESSED   0x00002040   Data   RW          321    .bss.os             rtx_lib.o
    0x2007e040   COMPRESSED   0x00000034   Data   RW          323    .bss.os.msgqueue.cb  rtx_lib.o
    0x2007e074   COMPRESSED   0x00000050   Data   RW          324    .bss.os.msgqueue.mem  rtx_lib.o
    0x2007e0c4   COMPRESSED   0x00000088   Data   RW          325    .bss.os.thread.cb   rtx_lib.o
    0x2007e14c   COMPRESSED   0x00000004   PAD
    0x2007e150   COMPRESSED   0x00000400   Data   RW          326    .bss.os.thread.stack  rtx_lib.o
    0x2007e550   COMPRESSED   0x00000010   Data   RW            2    .data               lfsr113.o
    0x2007e560   COMPRESSED   0x00000400   Data   RW           24    .data               random.o
    0x2007e960   COMPRESSED   0x0000000c   Data   RW           47    .data               retarget.o
    0x2007e96c   COMPRESSED   0x00000020   Data   RW          123    .data               uart.o
    0x2007e98c   COMPRESSED   0x0000005c   Data   RW          247    .data               main.o
    0x2007e9e8   COMPRESSED   0x00000005   Data   RW          328    .data               rtx_lib.o
    0x2007e9ed   COMPRESSED   0x00000003   PAD
    0x2007e9f0   COMPRESSED   0x00000004   Data   RW          444    .data               system_lpc17xx.o
    0x2007e9f4   COMPRESSED   0x000000a4   Data   RW          531    .data.os            RTX_CM3.lib(rtx_kernel.o)
    0x2007ea98        -       0x00000080   Zero   RW          122    .bss                uart.o
    0x2007eb18        -       0x00000060   Zero   RW         1115    .bss                c_w.l(libspace.o)
    0x2007eb78        -       0x00000001   Zero   RW          934    .bss.PendST         RTX_CM3.lib(os_systick.o)
    0x2007eb79   COMPRESSED   0x00000007   PAD
    0x2007eb80        -       0x00001000   Zero   RW          433    HEAP                startup_lpc17xx.o
    0x2007fb80        -       0x00000800   Zero   RW          432    STACK               startup_lpc17xx.o


==============================================================================

Image component sizes


      Code (inc. data)   RO Data    RW Data    ZI Data      Debug   Object Name

       144         16          0         16          0       5210   lfsr113.o
      1180        278         74         92          0       7364   main.o
        20          4          0       1024          0        921   random.o
        94          4          0         12          0       3879   retarget.o
        36          6          0          0          0       1013   rtx_config.o
       126          4        260       9553          0      16302   rtx_lib.o
        64         26        204          0       6144        820   startup_lpc17xx.o
       744         34          0          4          0       1447   system_lpc17xx.o
       624         86          0         32        128      23039   uart.o

    ----------------------------------------------------------------------
      3038        458        572      10740       6272      59995   Object Totals
         0          0         32          0          0          0   (incl. Generated)
         6          0          2          7          0          0   (incl. Padding)

    ----------------------------------------------------------------------

      Code (inc. data)   RO Data    RW Data    ZI Data      Debug   Library Member Name

       148         10          1          0          0        488   irq_cm3.o
       170         44          0          0          1       3105   os_systick.o
        56          4          0          0          0       2854   rtx_delay.o
       742         68         11        164          0      17231   rtx_kernel.o
       242          0          0          0          0       2478   rtx_memory.o
       186          0          0          0          0      16576   rtx_mempool.o
      1414         32          0          0          0      18694   rtx_msgqueue.o
       890         32          0          0          0      10004   rtx_mutex.o
       368         26          0          0          0       5437   rtx_system.o
      1712        100          0          0          0      32739   rtx_thread.o
       216         20          0          0          0      10445   rtx_timer.o
        90          0          0          0          0          0   __dczerorl2.o
         8          0          0          0          0         68   __main.o
       284          0          0          0          0        156   __printf_wp.o
         0          0          0          0          0          0   __rtentry.o
        20          0          0          0          0          0   __rtentry2.o
         6          0          0          0          0          0   __rtentry4.o
        52          8          0          0          0          0   __scatter.o
        28          0          0          0          0          0   __scatter_zi.o
        44          0          0          0          0        108   _printf_char.o
        48          6          0          0          0         96   _printf_char_common.o
        36          4          0          0          0         80   _printf_char_file.o
         6          0          0          0          0          0   _printf_d.o
       120         16          0          0          0         92   _printf_dec.o
         6          0          0          0          0          0   _printf_f.o
      1054          0          0          0          0        216   _printf_fp_dec.o
       128         16          0          0          0         84   _printf_fp_infnan.o
       178          0          0          0          0         88   _printf_intcommon.o
        78          0          0          0          0        108   _printf_pad.o
         0          0          0          0          0          0   _printf_percent.o
         4          0          0          0          0          0   _printf_percent_end.o
         6          0          0          0          0          0   _printf_s.o
        82          0          0          0          0         80   _printf_str.o
       228          4        148          0          0         96   bigflt0.o
      1936        128          0          0          0        672   btod.o
        18          0          0          0          0         80   exit.o
         6          0          0          0          0        152   heapauxi.o
        44         10         28          0          0         76   lc_numeric_c.o
         2          0          0          0          0          0   libinit.o
        18          0          0          0          0          0   libinit2.o
         2          0          0          0          0          0   libshutdown.o
         2          0          0          0          0          0   libshutdown2.o
         8          4          0          0         96         68   libspace.o
       138          0          0          0          0         80   lludiv10.o
       238          0          0          0          0        100   lludivv7m.o
        24          4          0          0          0         84   noretval__2printf.o
        10          0          0          0          0         76   rt_locale_twolibspace.o
        68          0          0          0          0         68   rt_memclr.o
        78          0          0          0          0         80   rt_memclr_w.o
       138          0          0          0          0         68   rt_memcpy_v6.o
       100          0          0          0          0         80   rt_memcpy_w.o
         2          0          0          0          0          0   rtexit.o
        10          0          0          0          0          0   rtexit2.o
       128          0          0          0          0         68   strcmpv7m.o
        74          0          0          0          0         80   sys_stackheap_outer.o
        98          4          0          0          0         92   d2f.o
       688        140          0          0          0        208   ddiv.o
        38          0          0          0          0         68   dflt_clz.o
       156          4          0          0          0         92   dnaninf.o
        12          0          0          0          0         68   dretinf.o
        86          4          0          0          0         84   f2d.o
       430          8          0          0          0        168   faddsub_clz.o
       388         76          0          0          0         96   fdiv.o
        48          0          0          0          0         68   fflt_clz.o
       258          4          0          0          0         84   fmul.o
       140          4          0          0          0         84   fnaninf.o
        10          0          0          0          0         68   fretinf.o
         4          0          0          0          0         68   printf1.o
         0          0          0          0          0          0   usenofp.o
        40          0          0          0          0         68   fpclassify.o

    ----------------------------------------------------------------------
     14110        780        192        164        104     124471   Library Totals
        20          0          4          0          7          0   (incl. Padding)

    ----------------------------------------------------------------------

      Code (inc. data)   RO Data    RW Data    ZI Data      Debug   Library Name

      6144        336         12        164          1     120051   RTX_CM3.lib
      5550        200        176          0         96       3104   c_w.l
      2356        244          0          0          0       1248   fz_ws.l
        40          0          0          0          0         68   m_ws.l

    ----------------------------------------------------------------------
     14110        780        192        164        104     124471   Library Totals

    ----------------------------------------------------------------------

==============================================================================


      Code (inc. data)   RO Data    RW Data    ZI Data      Debug   

     17148       1238        764      10904       6376     180522   Grand Totals
     17148       1238        764        964       6376     180522   ELF Image Totals (compressed)
     17148       1238        764        964          0          0   ROM Totals

==============================================================================

    Total RO  Size (Code + RO Data)                17912 (  17.49kB)
    Total RW  Size (RW Data + ZI Data)             17280 (  16.88kB)
    Total ROM Size (Code + RO Data + RW Data)      18876 (  18.43kB)

==============================================================================

